Java HotSpot(TM) 64-Bit Server VM (25.152-b16) for bsd-amd64 JRE (1.8.0_152-b16), built on Sep 14 2017 02:31:13 by "java_re" with gcc 4.2.1 (Based on Apple Inc. build 5658) (LLVM build 2336.11.00)
Memory: 4k page, physical 16777216k(2925352k free)

/proc/meminfo:

CommandLine flags: -XX:InitialHeapSize=268435456 -XX:MaxHeapSize=4294967296 -XX:+PrintGC -XX:+PrintGCDateStamps -XX:+PrintGCDetails -XX:+PrintGCTimeStamps -XX:+UseCompressedClassPointers -XX:+UseCompressedOops -XX:+UseParallelGC 
2018-05-17T12:01:20.383-0100: 1.455: [GC (Allocation Failure) [PSYoungGen: 65536K->7292K(76288K)] 65536K->7372K(251392K), 0.0094102 secs] [Times: user=0.02 sys=0.00, real=0.01 secs] 
2018-05-17T12:01:20.808-0100: 1.880: [GC (Allocation Failure) [PSYoungGen: 72828K->9304K(76288K)] 72908K->9392K(251392K), 0.0079871 secs] [Times: user=0.01 sys=0.01, real=0.01 secs] 
2018-05-17T12:01:20.842-0100: 1.914: [GC (Metadata GC Threshold) [PSYoungGen: 14682K->5719K(76288K)] 14770K->5815K(251392K), 0.0029795 secs] [Times: user=0.01 sys=0.00, real=0.00 secs] 
2018-05-17T12:01:20.845-0100: 1.917: [Full GC (Metadata GC Threshold) [PSYoungGen: 5719K->0K(76288K)] [ParOldGen: 96K->5642K(86016K)] 5815K->5642K(162304K), [Metaspace: 20673K->20670K(1067008K)], 0.0211448 secs] [Times: user=0.06 sys=0.00, real=0.02 secs] 
2018-05-17T12:01:22.006-0100: 3.078: [GC (Allocation Failure) [PSYoungGen: 65536K->10723K(125440K)] 71178K->17655K(211456K), 0.0114765 secs] [Times: user=0.03 sys=0.00, real=0.01 secs] 
2018-05-17T12:01:22.270-0100: 3.342: [GC (Metadata GC Threshold) [PSYoungGen: 47198K->10720K(141824K)] 54131K->20073K(227840K), 0.0116386 secs] [Times: user=0.03 sys=0.01, real=0.01 secs] 
2018-05-17T12:01:22.281-0100: 3.354: [Full GC (Metadata GC Threshold) [PSYoungGen: 10720K->0K(141824K)] [ParOldGen: 9352K->18102K(129536K)] 20073K->18102K(271360K), [Metaspace: 34182K->34182K(1079296K)], 0.0411553 secs] [Times: user=0.11 sys=0.00, real=0.04 secs] 
2018-05-17T12:01:22.688-0100: 3.760: [GC (Allocation Failure) [PSYoungGen: 131072K->15860K(196608K)] 149174K->68232K(326144K), 0.0162745 secs] [Times: user=0.03 sys=0.02, real=0.02 secs] 
2018-05-17T12:01:23.192-0100: 4.265: [GC (Allocation Failure) [PSYoungGen: 196596K->37368K(218112K)] 248968K->100783K(347648K), 0.0372401 secs] [Times: user=0.11 sys=0.03, real=0.04 secs] 
2018-05-17T12:01:23.818-0100: 4.890: [GC (Allocation Failure) [PSYoungGen: 218104K->50668K(334336K)] 281519K->143018K(463872K), 0.0876570 secs] [Times: user=0.29 sys=0.04, real=0.09 secs] 
2018-05-17T12:01:24.698-0100: 5.770: [GC (Allocation Failure) [PSYoungGen: 334316K->65075K(356864K)] 426666K->170778K(486400K), 0.0563583 secs] [Times: user=0.18 sys=0.03, real=0.06 secs] 
2018-05-17T12:01:24.754-0100: 5.827: [Full GC (Ergonomics) [PSYoungGen: 65075K->0K(356864K)] [ParOldGen: 105703K->99274K(265728K)] 170778K->99274K(622592K), [Metaspace: 39024K->39005K(1085440K)], 0.3099163 secs] [Times: user=1.05 sys=0.01, real=0.31 secs] 
2018-05-17T12:01:25.573-0100: 6.645: [GC (Allocation Failure) [PSYoungGen: 283648K->70914K(463360K)] 382922K->170196K(729088K), 0.1124106 secs] [Times: user=0.38 sys=0.04, real=0.11 secs] 
2018-05-17T12:01:26.345-0100: 7.417: [GC (Allocation Failure) [PSYoungGen: 459010K->51983K(480768K)] 558292K->219212K(746496K), 0.1041215 secs] [Times: user=0.34 sys=0.04, real=0.10 secs] 
2018-05-17T12:01:27.134-0100: 8.206: [GC (Allocation Failure) [PSYoungGen: 440079K->50226K(629760K)] 607308K->249844K(895488K), 0.0662038 secs] [Times: user=0.21 sys=0.04, real=0.07 secs] 
2018-05-17T12:01:28.193-0100: 9.265: [GC (Allocation Failure) [PSYoungGen: 589362K->63002K(631296K)] 788980K->307872K(897024K), 0.0905669 secs] [Times: user=0.31 sys=0.04, real=0.09 secs] 
2018-05-17T12:01:28.284-0100: 9.356: [Full GC (Ergonomics) [PSYoungGen: 63002K->1969K(631296K)] [ParOldGen: 244869K->265639K(504832K)] 307872K->267609K(1136128K), [Metaspace: 39748K->39748K(1085440K)], 0.9397977 secs] [Times: user=2.57 sys=0.01, real=0.94 secs] 
2018-05-17T12:01:30.099-0100: 11.172: [GC (Allocation Failure) [PSYoungGen: 541105K->95739K(790528K)] 806745K->363921K(1295360K), 0.1560581 secs] [Times: user=0.55 sys=0.05, real=0.16 secs] 
2018-05-17T12:01:31.340-0100: 12.412: [GC (Allocation Failure) [PSYoungGen: 790523K->85745K(826880K)] 1058705K->443373K(1331712K), 0.1714901 secs] [Times: user=0.57 sys=0.09, real=0.17 secs] 
2018-05-17T12:01:32.754-0100: 13.826: [GC (Allocation Failure) [PSYoungGen: 801009K->95300K(1019904K)] 1158637K->522356K(1524736K), 0.2148668 secs] [Times: user=0.43 sys=0.06, real=0.21 secs] 
2018-05-17T12:01:32.969-0100: 14.041: [Full GC (Ergonomics) [PSYoungGen: 95300K->0K(1019904K)] [ParOldGen: 427055K->313083K(623616K)] 522356K->313083K(1643520K), [Metaspace: 40318K->40318K(1085440K)], 1.0885414 secs] [Times: user=3.08 sys=0.01, real=1.09 secs] 
2018-05-17T12:01:35.434-0100: 16.507: [GC (Allocation Failure) [PSYoungGen: 900096K->108218K(1029120K)] 1213179K->421310K(1652736K), 0.1290022 secs] [Times: user=0.45 sys=0.04, real=0.13 secs] 
2018-05-17T12:01:36.992-0100: 18.064: [GC (Allocation Failure) [PSYoungGen: 1008314K->141293K(1154048K)] 1321406K->511039K(1777664K), 0.2789137 secs] [Times: user=0.46 sys=0.06, real=0.28 secs] 
2018-05-17T12:01:38.961-0100: 20.033: [GC (Allocation Failure) [PSYoungGen: 1154029K->110382K(1197056K)] 1523775K->614162K(1820672K), 0.2578152 secs] [Times: user=0.59 sys=0.05, real=0.25 secs] 
2018-05-17T12:01:39.219-0100: 20.291: [Full GC (Ergonomics) [PSYoungGen: 110382K->0K(1197056K)] [ParOldGen: 503780K->260174K(652800K)] 614162K->260174K(1849856K), [Metaspace: 40799K->40799K(1087488K)], 0.8014052 secs] [Times: user=2.37 sys=0.00, real=0.81 secs] 
2018-05-17T12:01:41.684-0100: 22.756: [GC (Allocation Failure) [PSYoungGen: 1012736K->154806K(1176064K)] 1272910K->414988K(1828864K), 0.2276907 secs] [Times: user=0.58 sys=0.01, real=0.23 secs] 
2018-05-17T12:01:43.529-0100: 24.601: [GC (Allocation Failure) [PSYoungGen: 1143990K->204282K(1193472K)] 1404172K->496841K(1846272K), 0.3576948 secs] [Times: user=0.57 sys=0.03, real=0.36 secs] 
2018-05-17T12:01:45.537-0100: 26.610: [GC (Allocation Failure) [PSYoungGen: 1187183K->117393K(1122816K)] 1479742K->545631K(1775616K), 0.2699821 secs] [Times: user=0.66 sys=0.01, real=0.27 secs] 
2018-05-17T12:01:47.169-0100: 28.241: [GC (Allocation Failure) [PSYoungGen: 1035921K->99544K(1158144K)] 1464159K->584791K(1810944K), 0.1127880 secs] [Times: user=0.44 sys=0.00, real=0.12 secs] 
2018-05-17T12:01:48.712-0100: 29.784: [GC (Allocation Failure) [PSYoungGen: 1018072K->204282K(1120768K)] 1503319K->689538K(1773568K), 0.2552893 secs] [Times: user=0.46 sys=0.01, real=0.25 secs] 
2018-05-17T12:01:50.431-0100: 31.503: [GC (Allocation Failure) [PSYoungGen: 1098234K->189630K(1083904K)] 1583490K->674918K(1736704K), 0.2326579 secs] [Times: user=0.39 sys=0.01, real=0.23 secs] 
2018-05-17T12:01:52.052-0100: 33.124: [GC (Allocation Failure) [PSYoungGen: 1083582K->168560K(1124864K)] 1568870K->653872K(1777664K), 0.1938566 secs] [Times: user=0.53 sys=0.01, real=0.19 secs] 
2018-05-17T12:01:53.612-0100: 34.684: [GC (Allocation Failure) [PSYoungGen: 1026672K->199889K(1058304K)] 1511984K->692190K(1711104K), 0.2282434 secs] [Times: user=0.44 sys=0.00, real=0.23 secs] 
2018-05-17T12:01:55.255-0100: 36.328: [GC (Allocation Failure) [PSYoungGen: 1058001K->187655K(1103360K)] 1550302K->679980K(1756160K), 0.2248851 secs] [Times: user=0.39 sys=0.00, real=0.23 secs] 
2018-05-17T12:01:56.717-0100: 37.789: [GC (Allocation Failure) [PSYoungGen: 1007879K->162889K(983552K)] 1500204K->655246K(1636352K), 0.1585857 secs] [Times: user=0.48 sys=0.00, real=0.16 secs] 
2018-05-17T12:01:58.206-0100: 39.278: [GC (Allocation Failure) [PSYoungGen: 983113K->189443K(1104384K)] 1475470K->686854K(1757184K), 0.2221547 secs] [Times: user=0.38 sys=0.00, real=0.22 secs] 
2018-05-17T12:01:59.741-0100: 40.814: [GC (Allocation Failure) [PSYoungGen: 1011203K->158971K(980992K)] 1508614K->656406K(1633792K), 0.1874231 secs] [Times: user=0.50 sys=0.00, real=0.18 secs] 
2018-05-17T12:02:01.218-0100: 42.291: [GC (Allocation Failure) [PSYoungGen: 980731K->181382K(1105920K)] 1478166K->690581K(1758720K), 0.2130764 secs] [Times: user=0.39 sys=0.00, real=0.22 secs] 
2018-05-17T12:02:02.719-0100: 43.791: [GC (Allocation Failure) [PSYoungGen: 1009798K->170028K(1105920K)] 1518997K->679251K(1758720K), 0.1850184 secs] [Times: user=0.50 sys=0.00, real=0.19 secs] 
2018-05-17T12:02:04.190-0100: 45.262: [GC (Allocation Failure) [PSYoungGen: 998444K->190024K(1113088K)] 1507667K->717244K(1765888K), 0.2523554 secs] [Times: user=0.47 sys=0.01, real=0.25 secs] 
2018-05-17T12:02:05.788-0100: 46.861: [GC (Allocation Failure) [PSYoungGen: 1030728K->187038K(1115136K)] 1557948K->714282K(1767936K), 0.2390108 secs] [Times: user=0.42 sys=0.00, real=0.24 secs] 
2018-05-17T12:02:07.252-0100: 48.324: [GC (Allocation Failure) [PSYoungGen: 1027742K->102691K(1118720K)] 1554986K->691319K(1771520K), 0.1411027 secs] [Times: user=0.52 sys=0.03, real=0.14 secs] 
2018-05-17T12:02:07.393-0100: 48.465: [Full GC (Ergonomics) [PSYoungGen: 102691K->0K(1118720K)] [ParOldGen: 588627K->350241K(745472K)] 691319K->350241K(1864192K), [Metaspace: 42019K->42019K(1087488K)], 1.2270214 secs] [Times: user=3.42 sys=0.01, real=1.23 secs] 
2018-05-17T12:02:09.954-0100: 51.026: [GC (Allocation Failure) [PSYoungGen: 849408K->112615K(1121280K)] 1199649K->462865K(1866752K), 0.0966220 secs] [Times: user=0.29 sys=0.00, real=0.10 secs] 
2018-05-17T12:02:11.495-0100: 52.568: [GC (Allocation Failure) [PSYoungGen: 962023K->99530K(1120768K)] 1312273K->534873K(1866240K), 0.2175732 secs] [Times: user=0.57 sys=0.00, real=0.22 secs] 
2018-05-17T12:02:12.929-0100: 54.002: [GC (Allocation Failure) [PSYoungGen: 958154K->99721K(1122304K)] 1393497K->592073K(1867776K), 0.1043818 secs] [Times: user=0.40 sys=0.00, real=0.11 secs] 
2018-05-17T12:02:14.387-0100: 55.459: [GC (Allocation Failure) [PSYoungGen: 958345K->109687K(1123328K)] 1450697K->685967K(1868800K), 0.1840659 secs] [Times: user=0.44 sys=0.00, real=0.19 secs] 
2018-05-17T12:02:15.944-0100: 57.016: [GC (Allocation Failure) [PSYoungGen: 984183K->103851K(1127424K)] 1560463K->747376K(1872896K), 0.1448971 secs] [Times: user=0.55 sys=0.03, real=0.14 secs] 
2018-05-17T12:02:16.089-0100: 57.161: [Full GC (Ergonomics) [PSYoungGen: 103851K->0K(1127424K)] [ParOldGen: 643525K->413421K(891392K)] 747376K->413421K(2018816K), [Metaspace: 42237K->42237K(1087488K)], 1.6746476 secs] [Times: user=4.68 sys=0.00, real=1.68 secs] 
2018-05-17T12:02:19.179-0100: 60.251: [GC (Allocation Failure) [PSYoungGen: 874496K->101072K(1135616K)] 1287917K->514501K(2027008K), 0.0925208 secs] [Times: user=0.35 sys=0.00, real=0.10 secs] 
2018-05-17T12:02:20.739-0100: 61.812: [GC (Allocation Failure) [PSYoungGen: 999120K->197148K(1139200K)] 1412549K->610585K(2030592K), 0.2411357 secs] [Times: user=0.42 sys=0.00, real=0.25 secs] 
2018-05-17T12:02:22.502-0100: 63.575: [GC (Allocation Failure) [PSYoungGen: 1093472K->176768K(1137152K)] 1506910K->590214K(2028544K), 0.2609835 secs] [Times: user=0.45 sys=0.00, real=0.26 secs] 
2018-05-17T12:02:23.997-0100: 65.069: [GC (Allocation Failure) [PSYoungGen: 1059456K->165842K(1140224K)] 1472902K->579295K(2031616K), 0.1631125 secs] [Times: user=0.43 sys=0.01, real=0.17 secs] 
2018-05-17T12:02:25.543-0100: 66.616: [GC (Allocation Failure) [PSYoungGen: 1048530K->189296K(1130496K)] 1461983K->602749K(2021888K), 0.2203184 secs] [Times: user=0.39 sys=0.00, real=0.22 secs] 
2018-05-17T12:02:27.208-0100: 68.281: [GC (Allocation Failure) [PSYoungGen: 1058960K->178244K(1136640K)] 1472413K->594345K(2028032K), 0.2523017 secs] [Times: user=0.42 sys=0.00, real=0.26 secs] 
2018-05-17T12:02:28.677-0100: 69.749: [GC (Allocation Failure) [PSYoungGen: 1053764K->164620K(1124352K)] 1469865K->580753K(2015744K), 0.1659871 secs] [Times: user=0.42 sys=0.00, real=0.17 secs] 
2018-05-17T12:02:30.213-0100: 71.286: [GC (Allocation Failure) [PSYoungGen: 1040140K->197671K(1130496K)] 1456273K->613836K(2021888K), 0.2248865 secs] [Times: user=0.40 sys=0.00, real=0.22 secs] 
2018-05-17T12:02:31.901-0100: 72.973: [GC (Allocation Failure) [PSYoungGen: 1070481K->178270K(1138688K)] 1486646K->594452K(2030080K), 0.2583128 secs] [Times: user=0.42 sys=0.00, real=0.25 secs] 
2018-05-17T12:02:33.394-0100: 74.467: [GC (Allocation Failure) [PSYoungGen: 1055326K->165319K(1042432K)] 1471508K->581533K(1933824K), 0.1676207 secs] [Times: user=0.43 sys=0.00, real=0.17 secs] 
2018-05-17T12:02:34.924-0100: 75.996: [GC (Allocation Failure) [PSYoungGen: 1042375K->187585K(1127424K)] 1458589K->603830K(2018816K), 0.2244335 secs] [Times: user=0.39 sys=0.00, real=0.22 secs] 
2018-05-17T12:02:36.593-0100: 77.666: [GC (Allocation Failure) [PSYoungGen: 1052288K->178321K(1128448K)] 1468533K->594582K(2019840K), 0.2562777 secs] [Times: user=0.42 sys=0.00, real=0.26 secs] 
2018-05-17T12:02:38.073-0100: 79.145: [GC (Allocation Failure) [PSYoungGen: 1054353K->161572K(1131008K)] 1470614K->577865K(2022400K), 0.1585403 secs] [Times: user=0.40 sys=0.00, real=0.16 secs] 
2018-05-17T12:02:39.618-0100: 80.690: [GC (Allocation Failure) [PSYoungGen: 1057572K->189315K(1137152K)] 1473865K->605632K(2028544K), 0.2424413 secs] [Times: user=0.44 sys=0.00, real=0.25 secs] 
2018-05-17T12:02:41.344-0100: 82.416: [GC (Allocation Failure) [PSYoungGen: 1085315K->183698K(1155072K)] 1501632K->600031K(2046464K), 0.2704489 secs] [Times: user=0.45 sys=0.00, real=0.27 secs] 
2018-05-17T12:02:42.973-0100: 84.045: [GC (Allocation Failure) [PSYoungGen: 1096594K->153979K(1067008K)] 1512927K->570344K(1958400K), 0.1724932 secs] [Times: user=0.43 sys=0.00, real=0.17 secs] 
2018-05-17T12:02:44.548-0100: 85.621: [GC (Allocation Failure) [PSYoungGen: 1066875K->209999K(1142272K)] 1483240K->626380K(2033664K), 0.2370380 secs] [Times: user=0.48 sys=0.01, real=0.24 secs] 
2018-05-17T12:02:46.218-0100: 87.291: [GC (Allocation Failure) [PSYoungGen: 1115215K->195067K(1100288K)] 1531596K->611465K(1991680K), 0.2281054 secs] [Times: user=0.39 sys=0.01, real=0.23 secs] 
2018-05-17T12:02:47.928-0100: 89.000: [GC (Allocation Failure) [PSYoungGen: 1096649K->178166K(1156096K)] 1513046K->594596K(2047488K), 0.2493283 secs] [Times: user=0.41 sys=0.00, real=0.25 secs] 
2018-05-17T12:02:49.444-0100: 90.516: [GC (Allocation Failure) [PSYoungGen: 1086966K->163563K(1072640K)] 1503396K->580008K(1964032K), 0.1807817 secs] [Times: user=0.49 sys=0.00, real=0.18 secs] 
2018-05-17T12:02:51.031-0100: 92.104: [GC (Allocation Failure) [PSYoungGen: 1072363K->202377K(1140736K)] 1488808K->618846K(2032128K), 0.2223958 secs] [Times: user=0.43 sys=0.01, real=0.22 secs] 
2018-05-17T12:02:52.728-0100: 93.801: [GC (Allocation Failure) [PSYoungGen: 1106569K->190245K(1145344K)] 1523038K->606738K(2036736K), 0.2463018 secs] [Times: user=0.40 sys=0.00, real=0.25 secs] 
2018-05-17T12:02:54.363-0100: 95.435: [GC (Allocation Failure) [PSYoungGen: 1094437K->170500K(1145344K)] 1510930K->587025K(2036736K), 0.1943349 secs] [Times: user=0.53 sys=0.00, real=0.19 secs] 
2018-05-17T12:02:55.944-0100: 97.017: [GC (Allocation Failure) [PSYoungGen: 1086980K->220676K(1151488K)] 1503505K->637217K(2042880K), 0.2468376 secs] [Times: user=0.49 sys=0.00, real=0.25 secs] 
2018-05-17T12:02:57.595-0100: 98.667: [GC (Allocation Failure) [PSYoungGen: 1137156K->193594K(1154048K)] 1553697K->610167K(2045440K), 0.2377773 secs] [Times: user=0.41 sys=0.00, real=0.24 secs] 
2018-05-17T12:02:59.304-0100: 100.376: [GC (Allocation Failure) [PSYoungGen: 1102394K->187229K(1096192K)] 1518967K->603834K(1987584K), 0.2598064 secs] [Times: user=0.43 sys=0.01, real=0.26 secs] 
2018-05-17T12:03:00.959-0100: 102.031: [GC (Allocation Failure) [PSYoungGen: 1096029K->165319K(1151488K)] 1512634K->581948K(2042880K), 0.1870285 secs] [Times: user=0.50 sys=0.00, real=0.19 secs] 
2018-05-17T12:03:02.537-0100: 103.609: [GC (Allocation Failure) [PSYoungGen: 1077191K->209856K(1148416K)] 1493820K->631034K(2039808K), 0.2338583 secs] [Times: user=0.47 sys=0.00, real=0.24 secs] 
2018-05-17T12:03:04.177-0100: 105.250: [GC (Allocation Failure) [PSYoungGen: 1121728K->197640K(1156608K)] 1542906K->618842K(2048000K), 0.2296922 secs] [Times: user=0.39 sys=0.00, real=0.23 secs] 
Heap
 PSYoungGen      total 1156608K, used 575052K [0x000000076ab00000, 0x00000007c0000000, 0x00000007c0000000)
  eden space 914944K, 41% used [0x000000076ab00000,0x0000000781b91250,0x00000007a2880000)
  from space 241664K, 81% used [0x00000007b1400000,0x00000007bd502040,0x00000007c0000000)
  to   space 241152K, 0% used [0x00000007a2880000,0x00000007a2880000,0x00000007b1400000)
 ParOldGen       total 891392K, used 421202K [0x00000006c0000000, 0x00000006f6680000, 0x000000076ab00000)
  object space 891392K, 47% used [0x00000006c0000000,0x00000006d9b54ad8,0x00000006f6680000)
 Metaspace       used 43123K, capacity 45626K, committed 45784K, reserved 1089536K
  class space    used 5572K, capacity 6030K, committed 6144K, reserved 1048576K
