Java HotSpot(TM) 64-Bit Server VM (25.152-b16) for bsd-amd64 JRE (1.8.0_152-b16), built on Sep 14 2017 02:31:13 by "java_re" with gcc 4.2.1 (Based on Apple Inc. build 5658) (LLVM build 2336.11.00)
Memory: 4k page, physical 16777216k(3029328k free)

/proc/meminfo:

CommandLine flags: -XX:InitialHeapSize=268435456 -XX:MaxHeapSize=4294967296 -XX:+PrintGC -XX:+PrintGCDateStamps -XX:+PrintGCDetails -XX:+PrintGCTimeStamps -XX:+UseCompressedClassPointers -XX:+UseCompressedOops -XX:+UseParallelGC 
2018-05-17T12:05:43.135-0100: 1.365: [GC (Allocation Failure) [PSYoungGen: 65536K->7290K(76288K)] 65536K->7370K(251392K), 0.0081041 secs] [Times: user=0.02 sys=0.00, real=0.01 secs] 
2018-05-17T12:05:43.641-0100: 1.870: [GC (Allocation Failure) [PSYoungGen: 72826K->9380K(76288K)] 72906K->9468K(251392K), 0.0077704 secs] [Times: user=0.01 sys=0.00, real=0.00 secs] 
2018-05-17T12:05:43.673-0100: 1.902: [GC (Metadata GC Threshold) [PSYoungGen: 14785K->5737K(76288K)] 14874K->5833K(251392K), 0.0028947 secs] [Times: user=0.01 sys=0.00, real=0.00 secs] 
2018-05-17T12:05:43.676-0100: 1.905: [Full GC (Metadata GC Threshold) [PSYoungGen: 5737K->0K(76288K)] [ParOldGen: 96K->5594K(86016K)] 5833K->5594K(162304K), [Metaspace: 20627K->20624K(1067008K)], 0.0208255 secs] [Times: user=0.05 sys=0.01, real=0.02 secs] 
2018-05-17T12:05:44.847-0100: 3.076: [GC (Allocation Failure) [PSYoungGen: 65536K->10730K(125440K)] 71130K->17721K(211456K), 0.0104506 secs] [Times: user=0.03 sys=0.01, real=0.01 secs] 
2018-05-17T12:05:45.108-0100: 3.337: [GC (Metadata GC Threshold) [PSYoungGen: 48127K->10733K(141824K)] 55118K->20165K(227840K), 0.0112361 secs] [Times: user=0.03 sys=0.00, real=0.01 secs] 
2018-05-17T12:05:45.119-0100: 3.349: [Full GC (Metadata GC Threshold) [PSYoungGen: 10733K->0K(141824K)] [ParOldGen: 9432K->18142K(130048K)] 20165K->18142K(271872K), [Metaspace: 34175K->34175K(1079296K)], 0.0411949 secs] [Times: user=0.11 sys=0.01, real=0.05 secs] 
2018-05-17T12:05:45.566-0100: 3.796: [GC (Allocation Failure) [PSYoungGen: 131072K->15860K(196608K)] 149214K->67454K(326656K), 0.0174703 secs] [Times: user=0.04 sys=0.02, real=0.02 secs] 
2018-05-17T12:05:45.863-0100: 4.092: [GC (Allocation Failure) [PSYoungGen: 196596K->26407K(218112K)] 248190K->78009K(348160K), 0.0126442 secs] [Times: user=0.03 sys=0.01, real=0.01 secs] 
2018-05-17T12:05:45.934-0100: 4.163: [GC (Allocation Failure) [PSYoungGen: 207143K->27591K(336896K)] 258745K->79193K(466944K), 0.0138714 secs] [Times: user=0.04 sys=0.02, real=0.01 secs] 
2018-05-17T12:05:46.065-0100: 4.294: [GC (Allocation Failure) [PSYoungGen: 325063K->13582K(338944K)] 376665K->80923K(468992K), 0.0125135 secs] [Times: user=0.04 sys=0.01, real=0.01 secs] 
2018-05-17T12:05:46.141-0100: 4.370: [GC (Allocation Failure) [PSYoungGen: 311054K->3426K(481280K)] 378395K->82136K(611328K), 0.0109560 secs] [Times: user=0.03 sys=0.00, real=0.01 secs] 
2018-05-17T12:05:46.286-0100: 4.515: [GC (Allocation Failure) [PSYoungGen: 444770K->2127K(481280K)] 523480K->83269K(611328K), 0.0066031 secs] [Times: user=0.02 sys=0.00, real=0.01 secs] 
2018-05-17T12:05:46.368-0100: 4.598: [GC (Allocation Failure) [PSYoungGen: 443471K->2022K(690176K)] 524613K->84236K(820224K), 0.0048100 secs] [Times: user=0.01 sys=0.00, real=0.01 secs] 
2018-05-17T12:05:46.592-0100: 4.821: [GC (Allocation Failure) [PSYoungGen: 655846K->2608K(693760K)] 738060K->85790K(823808K), 0.0070118 secs] [Times: user=0.02 sys=0.00, real=0.00 secs] 
2018-05-17T12:05:46.702-0100: 4.932: [GC (Allocation Failure) [PSYoungGen: 656432K->2329K(985600K)] 739614K->86999K(1115648K), 0.0054801 secs] [Times: user=0.01 sys=0.00, real=0.00 secs] 
2018-05-17T12:05:46.987-0100: 5.216: [GC (Allocation Failure) [PSYoungGen: 954649K->2672K(990720K)] 1039319K->88391K(1120768K), 0.0058226 secs] [Times: user=0.02 sys=0.00, real=0.01 secs] 
2018-05-17T12:05:47.138-0100: 5.367: [GC (Allocation Failure) [PSYoungGen: 954992K->3149K(1355264K)] 1040711K->89956K(1485312K), 0.0056599 secs] [Times: user=0.02 sys=0.01, real=0.01 secs] 
2018-05-17T12:05:47.505-0100: 5.734: [GC (Allocation Failure) [PSYoungGen: 1325133K->3457K(1357824K)] 1411940K->91729K(1487872K), 0.0071359 secs] [Times: user=0.02 sys=0.00, real=0.01 secs] 
2018-05-17T12:05:47.704-0100: 5.933: [GC (Allocation Failure) [PSYoungGen: 1325441K->3549K(1358848K)] 1413713K->93292K(1488896K), 0.0064637 secs] [Times: user=0.02 sys=0.00, real=0.01 secs] 
2018-05-17T12:05:47.889-0100: 6.118: [GC (Allocation Failure) [PSYoungGen: 1331165K->3458K(1360896K)] 1420908K->94737K(1490944K), 0.0058632 secs] [Times: user=0.02 sys=0.01, real=0.01 secs] 
2018-05-17T12:05:48.077-0100: 6.306: [GC (Allocation Failure) [PSYoungGen: 1331074K->3538K(1360896K)] 1422353K->96074K(1490944K), 0.0068780 secs] [Times: user=0.02 sys=0.00, real=0.01 secs] 
2018-05-17T12:05:48.256-0100: 6.485: [GC (Allocation Failure) [PSYoungGen: 1336274K->3757K(1362944K)] 1428810K->97436K(1492992K), 0.0062967 secs] [Times: user=0.02 sys=0.00, real=0.01 secs] 
2018-05-17T12:05:48.435-0100: 6.665: [GC (Allocation Failure) [PSYoungGen: 1336493K->3607K(1363968K)] 1430172K->98414K(1494016K), 0.0059969 secs] [Times: user=0.02 sys=0.00, real=0.01 secs] 
2018-05-17T12:05:48.617-0100: 6.846: [GC (Allocation Failure) [PSYoungGen: 1342487K->3733K(1366016K)] 1437294K->99572K(1496064K), 0.0053620 secs] [Times: user=0.02 sys=0.00, real=0.01 secs] 
2018-05-17T12:05:48.794-0100: 7.024: [GC (Allocation Failure) [PSYoungGen: 1342613K->3792K(1367040K)] 1438452K->100583K(1497088K), 0.0065564 secs] [Times: user=0.02 sys=0.00, real=0.01 secs] 
2018-05-17T12:05:48.973-0100: 7.202: [GC (Allocation Failure) [PSYoungGen: 1348816K->4161K(1369088K)] 1445607K->101905K(1499136K), 0.0056267 secs] [Times: user=0.02 sys=0.00, real=0.00 secs] 
2018-05-17T12:05:49.151-0100: 7.380: [GC (Allocation Failure) [PSYoungGen: 1349185K->3951K(1369600K)] 1446929K->102702K(1499648K), 0.0054877 secs] [Times: user=0.02 sys=0.00, real=0.00 secs] 
2018-05-17T12:05:50.534-0100: 8.763: [GC (Allocation Failure) [PSYoungGen: 1354607K->21499K(1372160K)] 1453358K->153361K(1504256K), 0.0425827 secs] [Times: user=0.13 sys=0.03, real=0.04 secs] 
2018-05-17T12:05:50.577-0100: 8.806: [Full GC (Ergonomics) [PSYoungGen: 21499K->0K(1372160K)] [ParOldGen: 131861K->96719K(258560K)] 153361K->96719K(1630720K), [Metaspace: 38950K->38950K(1085440K)], 0.2866063 secs] [Times: user=0.98 sys=0.00, real=0.29 secs] 
2018-05-17T12:05:51.119-0100: 9.349: [GC (Allocation Failure) [PSYoungGen: 1350656K->4339K(1350656K)] 1447375K->101058K(1609216K), 0.0071256 secs] [Times: user=0.03 sys=0.00, real=0.01 secs] 
2018-05-17T12:05:51.341-0100: 9.570: [GC (Allocation Failure) [PSYoungGen: 1329395K->3275K(1361408K)] 1426114K->103168K(1619968K), 0.0087698 secs] [Times: user=0.04 sys=0.00, real=0.01 secs] 
2018-05-17T12:05:51.548-0100: 9.777: [GC (Allocation Failure) [PSYoungGen: 1328331K->3331K(1357824K)] 1428224K->105088K(1616384K), 0.0067412 secs] [Times: user=0.03 sys=0.00, real=0.01 secs] 
2018-05-17T12:05:51.746-0100: 9.976: [GC (Allocation Failure) [PSYoungGen: 1329923K->3416K(1360384K)] 1431680K->107021K(1618944K), 0.0067369 secs] [Times: user=0.03 sys=0.00, real=0.01 secs] 
2018-05-17T12:05:51.940-0100: 10.169: [GC (Allocation Failure) [PSYoungGen: 1330008K->3571K(1359872K)] 1433613K->108719K(1618432K), 0.0058928 secs] [Times: user=0.02 sys=0.00, real=0.00 secs] 
2018-05-17T12:05:52.131-0100: 10.361: [GC (Allocation Failure) [PSYoungGen: 1335283K->3419K(1362432K)] 1440431K->110111K(1620992K), 0.0067521 secs] [Times: user=0.02 sys=0.00, real=0.00 secs] 
2018-05-17T12:05:52.317-0100: 10.547: [GC (Allocation Failure) [PSYoungGen: 1335131K->3452K(1362944K)] 1441823K->111425K(1621504K), 0.0059194 secs] [Times: user=0.02 sys=0.00, real=0.01 secs] 
2018-05-17T12:05:52.504-0100: 10.734: [GC (Allocation Failure) [PSYoungGen: 1341308K->3604K(1365504K)] 1449281K->112721K(1624064K), 0.0059507 secs] [Times: user=0.02 sys=0.00, real=0.01 secs] 
2018-05-17T12:05:52.686-0100: 10.915: [GC (Allocation Failure) [PSYoungGen: 1341460K->3560K(1366016K)] 1450577K->113844K(1624576K), 0.0051670 secs] [Times: user=0.02 sys=0.00, real=0.01 secs] 
2018-05-17T12:05:52.869-0100: 11.099: [GC (Allocation Failure) [PSYoungGen: 1347560K->3727K(1368576K)] 1457844K->115035K(1627136K), 0.0050217 secs] [Times: user=0.02 sys=0.00, real=0.01 secs] 
2018-05-17T12:05:53.057-0100: 11.286: [GC (Allocation Failure) [PSYoungGen: 1347727K->3753K(1369088K)] 1459035K->116078K(1627648K), 0.0060116 secs] [Times: user=0.02 sys=0.00, real=0.01 secs] 
2018-05-17T12:05:53.238-0100: 11.468: [GC (Allocation Failure) [PSYoungGen: 1353385K->3897K(1371648K)] 1465710K->117149K(1630208K), 0.0048184 secs] [Times: user=0.02 sys=0.00, real=0.01 secs] 
2018-05-17T12:05:53.415-0100: 11.644: [GC (Allocation Failure) [PSYoungGen: 1353529K->3954K(1371648K)] 1466781K->118191K(1630208K), 0.0064234 secs] [Times: user=0.01 sys=0.01, real=0.01 secs] 
2018-05-17T12:05:54.301-0100: 12.530: [GC (Allocation Failure) [PSYoungGen: 1358706K->19438K(1374208K)] 1472943K->166651K(1632768K), 0.0336942 secs] [Times: user=0.12 sys=0.01, real=0.03 secs] 
2018-05-17T12:05:54.598-0100: 12.828: [GC (Allocation Failure) [PSYoungGen: 1374190K->4557K(1353728K)] 1521403K->171339K(1612288K), 0.0293327 secs] [Times: user=0.10 sys=0.01, real=0.03 secs] 
2018-05-17T12:05:54.841-0100: 13.070: [GC (Allocation Failure) [PSYoungGen: 1334733K->3456K(1363968K)] 1501515K->173715K(1622528K), 0.0094405 secs] [Times: user=0.03 sys=0.00, real=0.01 secs] 
2018-05-17T12:05:55.051-0100: 13.280: [GC (Allocation Failure) [PSYoungGen: 1333632K->3199K(1359872K)] 1503891K->175490K(1618432K), 0.0067712 secs] [Times: user=0.03 sys=0.00, real=0.00 secs] 
2018-05-17T12:05:55.252-0100: 13.481: [GC (Allocation Failure) [PSYoungGen: 1334399K->3365K(1362432K)] 1506690K->177488K(1620992K), 0.0067827 secs] [Times: user=0.02 sys=0.00, real=0.00 secs] 
2018-05-17T12:05:55.446-0100: 13.676: [GC (Allocation Failure) [PSYoungGen: 1334565K->3601K(1363456K)] 1508688K->179308K(1622016K), 0.0071657 secs] [Times: user=0.02 sys=0.00, real=0.01 secs] 
2018-05-17T12:05:55.640-0100: 13.869: [GC (Allocation Failure) [PSYoungGen: 1340433K->3414K(1365504K)] 1516140K->180705K(1624064K), 0.0062949 secs] [Times: user=0.02 sys=0.00, real=0.00 secs] 
2018-05-17T12:05:55.830-0100: 14.059: [GC (Allocation Failure) [PSYoungGen: 1340246K->3459K(1365504K)] 1517537K->182030K(1624064K), 0.0058842 secs] [Times: user=0.02 sys=0.01, real=0.00 secs] 
2018-05-17T12:05:56.016-0100: 14.246: [GC (Allocation Failure) [PSYoungGen: 1345411K->3565K(1367552K)] 1523982K->183288K(1626112K), 0.0062234 secs] [Times: user=0.03 sys=0.00, real=0.01 secs] 
2018-05-17T12:05:56.201-0100: 14.431: [GC (Allocation Failure) [PSYoungGen: 1345517K->3661K(1368064K)] 1525240K->184552K(1626624K), 0.0068040 secs] [Times: user=0.02 sys=0.00, real=0.00 secs] 
2018-05-17T12:05:56.387-0100: 14.616: [GC (Allocation Failure) [PSYoungGen: 1351245K->3782K(1370624K)] 1532136K->185697K(1629184K), 0.0060092 secs] [Times: user=0.02 sys=0.00, real=0.01 secs] 
2018-05-17T12:05:56.567-0100: 14.797: [GC (Allocation Failure) [PSYoungGen: 1351366K->3711K(1370624K)] 1533281K->186658K(1629184K), 0.0061526 secs] [Times: user=0.02 sys=0.00, real=0.01 secs] 
2018-05-17T12:05:56.750-0100: 14.979: [GC (Allocation Failure) [PSYoungGen: 1356415K->3907K(1373184K)] 1539362K->187790K(1631744K), 0.0062776 secs] [Times: user=0.02 sys=0.00, real=0.00 secs] 
2018-05-17T12:05:56.928-0100: 15.157: [GC (Allocation Failure) [PSYoungGen: 1356611K->4105K(1374208K)] 1540494K->188980K(1632768K), 0.0064666 secs] [Times: user=0.02 sys=0.00, real=0.01 secs] 
2018-05-17T12:05:57.791-0100: 16.020: [GC (Allocation Failure) [PSYoungGen: 1361929K->18421K(1376256K)] 1546804K->237040K(1634816K), 0.0390083 secs] [Times: user=0.12 sys=0.02, real=0.04 secs] 
2018-05-17T12:05:58.092-0100: 16.322: [GC (Allocation Failure) [PSYoungGen: 1376245K->4581K(1353728K)] 1594864K->241770K(1612288K), 0.0247708 secs] [Times: user=0.08 sys=0.01, real=0.02 secs] 
2018-05-17T12:05:58.117-0100: 16.347: [Full GC (Ergonomics) [PSYoungGen: 4581K->0K(1353728K)] [ParOldGen: 237188K->214829K(422912K)] 241770K->214829K(1776640K), [Metaspace: 39527K->39527K(1085440K)], 0.6694509 secs] [Times: user=1.85 sys=0.00, real=0.67 secs] 
2018-05-17T12:05:59.004-0100: 17.234: [GC (Allocation Failure) [PSYoungGen: 1332224K->3518K(1364992K)] 1547053K->218347K(1787904K), 0.0051857 secs] [Times: user=0.01 sys=0.00, real=0.01 secs] 
2018-05-17T12:05:59.217-0100: 17.446: [GC (Allocation Failure) [PSYoungGen: 1335742K->5272K(1360896K)] 1550571K->220101K(1783808K), 0.0067239 secs] [Times: user=0.03 sys=0.00, real=0.01 secs] 
2018-05-17T12:05:59.417-0100: 17.647: [GC (Allocation Failure) [PSYoungGen: 1338520K->7161K(1363456K)] 1553349K->221990K(1786368K), 0.0082110 secs] [Times: user=0.03 sys=0.00, real=0.01 secs] 
2018-05-17T12:05:59.622-0100: 17.852: [GC (Allocation Failure) [PSYoungGen: 1340409K->8859K(1362944K)] 1555238K->223696K(1785856K), 0.0080115 secs] [Times: user=0.03 sys=0.00, real=0.01 secs] 
2018-05-17T12:05:59.812-0100: 18.041: [GC (Allocation Failure) [PSYoungGen: 1348251K->10153K(1365504K)] 1563088K->224990K(1788416K), 0.0103630 secs] [Times: user=0.04 sys=0.00, real=0.01 secs] 
2018-05-17T12:06:00.013-0100: 18.242: [GC (Allocation Failure) [PSYoungGen: 1349545K->9335K(1368576K)] 1564382K->226156K(1791488K), 0.0108665 secs] [Times: user=0.04 sys=0.00, real=0.01 secs] 
2018-05-17T12:06:00.207-0100: 18.437: [GC (Allocation Failure) [PSYoungGen: 1355895K->8725K(1370624K)] 1572716K->227194K(1793536K), 0.0091015 secs] [Times: user=0.04 sys=0.00, real=0.01 secs] 
2018-05-17T12:06:00.393-0100: 18.623: [GC (Allocation Failure) [PSYoungGen: 1355285K->8315K(1370112K)] 1573754K->228208K(1793024K), 0.0083716 secs] [Times: user=0.03 sys=0.00, real=0.01 secs] 
2018-05-17T12:06:00.581-0100: 18.810: [GC (Allocation Failure) [PSYoungGen: 1359483K->7878K(1372160K)] 1579376K->229195K(1795072K), 0.0082060 secs] [Times: user=0.03 sys=0.00, real=0.00 secs] 
2018-05-17T12:06:00.763-0100: 18.993: [GC (Allocation Failure) [PSYoungGen: 1359046K->7660K(1373696K)] 1580363K->230065K(1796608K), 0.0087473 secs] [Times: user=0.03 sys=0.00, real=0.01 secs] 
2018-05-17T12:06:00.950-0100: 19.180: [GC (Allocation Failure) [PSYoungGen: 1364460K->7591K(1375744K)] 1586865K->230996K(1798656K), 0.0085435 secs] [Times: user=0.03 sys=0.00, real=0.00 secs] 
2018-05-17T12:06:01.135-0100: 19.365: [GC (Allocation Failure) [PSYoungGen: 1364391K->7479K(1376768K)] 1587796K->231820K(1799680K), 0.0086705 secs] [Times: user=0.03 sys=0.00, real=0.01 secs] 
2018-05-17T12:06:02.099-0100: 20.329: [GC (Allocation Failure) [PSYoungGen: 1368375K->17396K(1378304K)] 1592716K->279460K(1801216K), 0.0437178 secs] [Times: user=0.15 sys=0.01, real=0.05 secs] 
2018-05-17T12:06:02.410-0100: 20.640: [GC (Allocation Failure) [PSYoungGen: 1378292K->19431K(1347584K)] 1640356K->283987K(1770496K), 0.0215781 secs] [Times: user=0.07 sys=0.01, real=0.02 secs] 
2018-05-17T12:06:02.648-0100: 20.878: [GC (Allocation Failure) [PSYoungGen: 1347559K->20623K(1349120K)] 1612115K->286695K(1772032K), 0.0187347 secs] [Times: user=0.07 sys=0.01, real=0.02 secs] 
2018-05-17T12:06:02.876-0100: 21.106: [GC (Allocation Failure) [PSYoungGen: 1348751K->5245K(1362944K)] 1614823K->288491K(1785856K), 0.0219173 secs] [Times: user=0.07 sys=0.00, real=0.02 secs] 
2018-05-17T12:06:03.103-0100: 21.332: [GC (Allocation Failure) [PSYoungGen: 1332861K->3442K(1362432K)] 1616107K->290465K(1785344K), 0.0100171 secs] [Times: user=0.03 sys=0.01, real=0.01 secs] 
2018-05-17T12:06:03.302-0100: 21.532: [GC (Allocation Failure) [PSYoungGen: 1331058K->3636K(1361408K)] 1618081K->292299K(1784320K), 0.0077779 secs] [Times: user=0.03 sys=0.00, real=0.01 secs] 
2018-05-17T12:06:03.492-0100: 21.722: [GC (Allocation Failure) [PSYoungGen: 1331764K->3408K(1361920K)] 1620427K->293663K(1784832K), 0.0077383 secs] [Times: user=0.03 sys=0.01, real=0.01 secs] 
2018-05-17T12:06:03.682-0100: 21.911: [GC (Allocation Failure) [PSYoungGen: 1331536K->3537K(1361920K)] 1621791K->295063K(1784832K), 0.0066052 secs] [Times: user=0.03 sys=0.00, real=0.00 secs] 
2018-05-17T12:06:03.870-0100: 22.100: [GC (Allocation Failure) [PSYoungGen: 1334225K->3574K(1362944K)] 1625751K->296261K(1785856K), 0.0069676 secs] [Times: user=0.03 sys=0.00, real=0.00 secs] 
2018-05-17T12:06:04.051-0100: 22.281: [GC (Allocation Failure) [PSYoungGen: 1334262K->3564K(1363456K)] 1626949K->297410K(1786368K), 0.0058595 secs] [Times: user=0.02 sys=0.00, real=0.00 secs] 
2018-05-17T12:06:04.235-0100: 22.464: [GC (Allocation Failure) [PSYoungGen: 1337836K->3688K(1364480K)] 1631682K->298542K(1787392K), 0.0053944 secs] [Times: user=0.02 sys=0.00, real=0.01 secs] 
2018-05-17T12:06:04.414-0100: 22.644: [GC (Allocation Failure) [PSYoungGen: 1337960K->4758K(1366016K)] 1632814K->299613K(1788928K), 0.0070858 secs] [Times: user=0.03 sys=0.00, real=0.01 secs] 
2018-05-17T12:06:04.595-0100: 22.824: [GC (Allocation Failure) [PSYoungGen: 1343638K->5672K(1366528K)] 1638493K->300526K(1789440K), 0.0058741 secs] [Times: user=0.02 sys=0.00, real=0.01 secs] 
2018-05-17T12:06:04.774-0100: 23.004: [GC (Allocation Failure) [PSYoungGen: 1344552K->6501K(1367040K)] 1639406K->301355K(1789952K), 0.0070125 secs] [Times: user=0.02 sys=0.00, real=0.01 secs] 
2018-05-17T12:06:05.516-0100: 23.746: [GC (Allocation Failure) [PSYoungGen: 1350501K->24059K(1368064K)] 1645355K->348196K(1790976K), 0.0370228 secs] [Times: user=0.12 sys=0.02, real=0.04 secs] 
2018-05-17T12:06:05.836-0100: 24.065: [GC (Allocation Failure) [PSYoungGen: 1368059K->27581K(1342464K)] 1692196K->353197K(1765376K), 0.0341534 secs] [Times: user=0.08 sys=0.00, real=0.04 secs] 
2018-05-17T12:06:06.099-0100: 24.329: [GC (Allocation Failure) [PSYoungGen: 1340349K->28703K(1341952K)] 1665965K->355791K(1764864K), 0.0214553 secs] [Times: user=0.08 sys=0.00, real=0.03 secs] 
2018-05-17T12:06:06.318-0100: 24.547: [GC (Allocation Failure) [PSYoungGen: 1341471K->5443K(1353728K)] 1668559K->357543K(1776640K), 0.0268759 secs] [Times: user=0.08 sys=0.02, real=0.03 secs] 
2018-05-17T12:06:06.544-0100: 24.773: [GC (Allocation Failure) [PSYoungGen: 1314115K->3597K(1312768K)] 1666215K->359433K(1735680K), 0.0099002 secs] [Times: user=0.04 sys=0.01, real=0.01 secs] 
2018-05-17T12:06:06.744-0100: 24.974: [GC (Allocation Failure) [PSYoungGen: 1312269K->3546K(1353216K)] 1668105K->361278K(1776128K), 0.0077666 secs] [Times: user=0.03 sys=0.00, real=0.01 secs] 
2018-05-17T12:06:06.935-0100: 25.165: [GC (Allocation Failure) [PSYoungGen: 1313754K->3369K(1351680K)] 1671486K->362709K(1774592K), 0.0067708 secs] [Times: user=0.02 sys=0.00, real=0.01 secs] 
2018-05-17T12:06:07.121-0100: 25.350: [GC (Allocation Failure) [PSYoungGen: 1313577K->3429K(1354752K)] 1672917K->364010K(1777664K), 0.0069711 secs] [Times: user=0.03 sys=0.00, real=0.00 secs] 
2018-05-17T12:06:07.319-0100: 25.548: [GC (Allocation Failure) [PSYoungGen: 1318245K->3508K(1353216K)] 1678826K->365273K(1776128K), 0.0064149 secs] [Times: user=0.03 sys=0.00, real=0.01 secs] 
2018-05-17T12:06:07.499-0100: 25.729: [GC (Allocation Failure) [PSYoungGen: 1318324K->3542K(1357824K)] 1680089K->366450K(1780736K), 0.0061343 secs] [Times: user=0.02 sys=0.00, real=0.01 secs] 
2018-05-17T12:06:07.681-0100: 25.910: [GC (Allocation Failure) [PSYoungGen: 1324502K->3671K(1356288K)] 1687410K->367619K(1779200K), 0.0059202 secs] [Times: user=0.02 sys=0.00, real=0.00 secs] 
2018-05-17T12:06:07.858-0100: 26.087: [GC (Allocation Failure) [PSYoungGen: 1324631K->3765K(1360896K)] 1688579K->368729K(1783808K), 0.0065146 secs] [Times: user=0.02 sys=0.00, real=0.01 secs] 
2018-05-17T12:06:08.037-0100: 26.266: [GC (Allocation Failure) [PSYoungGen: 1330869K->4809K(1359360K)] 1695833K->369773K(1782272K), 0.0059349 secs] [Times: user=0.02 sys=0.00, real=0.01 secs] 
2018-05-17T12:06:08.219-0100: 26.448: [GC (Allocation Failure) [PSYoungGen: 1331913K->5670K(1363456K)] 1696877K->370634K(1786368K), 0.0060937 secs] [Times: user=0.02 sys=0.00, real=0.01 secs] 
2018-05-17T12:06:08.817-0100: 27.047: [GC (Allocation Failure) [PSYoungGen: 1338918K->28647K(1361920K)] 1703882K->419225K(1784832K), 0.0353510 secs] [Times: user=0.11 sys=0.01, real=0.04 secs] 
2018-05-17T12:06:09.258-0100: 27.487: [GC (Allocation Failure) [PSYoungGen: 1361895K->35837K(1329152K)] 1752473K->433758K(1752064K), 0.0287023 secs] [Times: user=0.09 sys=0.01, real=0.03 secs] 
2018-05-17T12:06:09.505-0100: 27.735: [GC (Allocation Failure) [PSYoungGen: 1329149K->14145K(1345536K)] 1727070K->437314K(1768960K), 0.0250398 secs] [Times: user=0.08 sys=0.01, real=0.03 secs] 
2018-05-17T12:06:09.530-0100: 27.760: [Full GC (Ergonomics) [PSYoungGen: 14145K->0K(1345536K)] [ParOldGen: 423169K->274069K(518144K)] 437314K->274069K(1863680K), [Metaspace: 39984K->39984K(1085440K)], 0.9692041 secs] [Times: user=2.55 sys=0.01, real=0.96 secs] 
2018-05-17T12:06:10.696-0100: 28.925: [GC (Allocation Failure) [PSYoungGen: 1293312K->3077K(1338880K)] 1567381K->277147K(1857024K), 0.0063324 secs] [Times: user=0.02 sys=0.00, real=0.01 secs] 
2018-05-17T12:06:10.897-0100: 29.126: [GC (Allocation Failure) [PSYoungGen: 1299973K->5058K(1344000K)] 1574043K->279128K(1862144K), 0.0075301 secs] [Times: user=0.03 sys=0.00, real=0.01 secs] 
2018-05-17T12:06:11.092-0100: 29.321: [GC (Allocation Failure) [PSYoungGen: 1301954K->6936K(1345024K)] 1576024K->281006K(1863168K), 0.0076887 secs] [Times: user=0.03 sys=0.00, real=0.01 secs] 
2018-05-17T12:06:11.283-0100: 29.513: [GC (Allocation Failure) [PSYoungGen: 1312024K->8241K(1348608K)] 1586094K->282310K(1866752K), 0.0081396 secs] [Times: user=0.03 sys=0.01, real=0.01 secs] 
2018-05-17T12:06:11.474-0100: 29.703: [GC (Allocation Failure) [PSYoungGen: 1313329K->9450K(1348096K)] 1587398K->283519K(1866240K), 0.0095000 secs] [Times: user=0.03 sys=0.00, real=0.01 secs] 
2018-05-17T12:06:11.659-0100: 29.888: [GC (Allocation Failure) [PSYoungGen: 1322730K->10634K(1351680K)] 1596799K->284704K(1869824K), 0.0094419 secs] [Times: user=0.04 sys=0.00, real=0.01 secs] 
2018-05-17T12:06:11.846-0100: 30.076: [GC (Allocation Failure) [PSYoungGen: 1323914K->11556K(1352704K)] 1597984K->285626K(1870848K), 0.0106415 secs] [Times: user=0.04 sys=0.00, real=0.01 secs] 
2018-05-17T12:06:12.032-0100: 30.262: [GC (Allocation Failure) [PSYoungGen: 1334564K->10942K(1356800K)] 1608634K->286540K(1874944K), 0.0104672 secs] [Times: user=0.04 sys=0.00, real=0.01 secs] 
2018-05-17T12:06:12.213-0100: 30.443: [GC (Allocation Failure) [PSYoungGen: 1333950K->10368K(1357824K)] 1609548K->287582K(1875968K), 0.0106158 secs] [Times: user=0.04 sys=0.00, real=0.01 secs] 
2018-05-17T12:06:12.397-0100: 30.627: [GC (Allocation Failure) [PSYoungGen: 1342592K->9579K(1361920K)] 1619806K->288289K(1880064K), 0.0101599 secs] [Times: user=0.04 sys=0.00, real=0.01 secs] 
2018-05-17T12:06:12.580-0100: 30.809: [GC (Allocation Failure) [PSYoungGen: 1341803K->9346K(1363968K)] 1620513K->289136K(1882112K), 0.0099240 secs] [Times: user=0.03 sys=0.00, real=0.01 secs] 
2018-05-17T12:06:12.763-0100: 30.993: [GC (Allocation Failure) [PSYoungGen: 1348738K->9173K(1366528K)] 1628528K->289963K(1884672K), 0.0095725 secs] [Times: user=0.04 sys=0.00, real=0.01 secs] 
2018-05-17T12:06:13.556-0100: 31.785: [GC (Allocation Failure) [PSYoungGen: 1348565K->25569K(1339392K)] 1629355K->338608K(1857536K), 0.0361598 secs] [Times: user=0.13 sys=0.01, real=0.04 secs] 
2018-05-17T12:06:13.823-0100: 32.053: [GC (Allocation Failure) [PSYoungGen: 1339361K->28155K(1341952K)] 1652400K->342810K(1860096K), 0.0226412 secs] [Times: user=0.08 sys=0.01, real=0.02 secs] 
2018-05-17T12:06:14.058-0100: 32.288: [GC (Allocation Failure) [PSYoungGen: 1341947K->28806K(1350656K)] 1656602K->344909K(1868800K), 0.0271166 secs] [Times: user=0.10 sys=0.00, real=0.03 secs] 
2018-05-17T12:06:14.283-0100: 32.513: [GC (Allocation Failure) [PSYoungGen: 1335430K->29034K(1335808K)] 1651533K->346630K(1853952K), 0.0215933 secs] [Times: user=0.09 sys=0.00, real=0.02 secs] 
2018-05-17T12:06:14.497-0100: 32.727: [GC (Allocation Failure) [PSYoungGen: 1335658K->6783K(1351680K)] 1653254K->348321K(1869824K), 0.0222362 secs] [Times: user=0.09 sys=0.00, real=0.03 secs] 
2018-05-17T12:06:14.708-0100: 32.938: [GC (Allocation Failure) [PSYoungGen: 1311359K->5144K(1310208K)] 1652897K->350162K(1828352K), 0.0109015 secs] [Times: user=0.03 sys=0.00, real=0.01 secs] 
2018-05-17T12:06:14.899-0100: 33.129: [GC (Allocation Failure) [PSYoungGen: 1309720K->3399K(1350656K)] 1654738K->351361K(1868800K), 0.0077497 secs] [Times: user=0.02 sys=0.00, real=0.01 secs] 
2018-05-17T12:06:15.087-0100: 33.316: [GC (Allocation Failure) [PSYoungGen: 1308487K->3391K(1350144K)] 1656449K->352617K(1868288K), 0.0062594 secs] [Times: user=0.02 sys=0.00, real=0.01 secs] 
2018-05-17T12:06:15.271-0100: 33.501: [GC (Allocation Failure) [PSYoungGen: 1308479K->3678K(1351680K)] 1657705K->354033K(1869824K), 0.0061694 secs] [Times: user=0.03 sys=0.00, real=0.00 secs] 
2018-05-17T12:06:15.449-0100: 33.679: [GC (Allocation Failure) [PSYoungGen: 1311838K->3514K(1351168K)] 1662193K->355005K(1869312K), 0.0062383 secs] [Times: user=0.02 sys=0.00, real=0.01 secs] 
2018-05-17T12:06:15.622-0100: 33.851: [GC (Allocation Failure) [PSYoungGen: 1311674K->4619K(1353216K)] 1663165K->356109K(1871360K), 0.0059485 secs] [Times: user=0.02 sys=0.00, real=0.00 secs] 
2018-05-17T12:06:15.791-0100: 34.021: [GC (Allocation Failure) [PSYoungGen: 1317387K->5556K(1352704K)] 1668877K->357046K(1870848K), 0.0058278 secs] [Times: user=0.02 sys=0.00, real=0.00 secs] 
2018-05-17T12:06:15.966-0100: 34.195: [GC (Allocation Failure) [PSYoungGen: 1318324K->6441K(1356288K)] 1669814K->357931K(1874432K), 0.0070538 secs] [Times: user=0.03 sys=0.00, real=0.01 secs] 
2018-05-17T12:06:16.138-0100: 34.368: [GC (Allocation Failure) [PSYoungGen: 1325353K->7294K(1355264K)] 1676843K->358784K(1873408K), 0.0071554 secs] [Times: user=0.03 sys=0.00, real=0.01 secs] 
2018-05-17T12:06:16.856-0100: 35.085: [GC (Allocation Failure) [PSYoungGen: 1326206K->34286K(1335808K)] 1677696K->405419K(1853952K), 0.0300962 secs] [Times: user=0.11 sys=0.00, real=0.03 secs] 
2018-05-17T12:06:17.149-0100: 35.378: [GC (Allocation Failure) [PSYoungGen: 1335790K->37678K(1339392K)] 1706923K->410338K(1857536K), 0.0252669 secs] [Times: user=0.09 sys=0.00, real=0.03 secs] 
2018-05-17T12:06:17.393-0100: 35.622: [GC (Allocation Failure) [PSYoungGen: 1339182K->39558K(1335296K)] 1711842K->412915K(1853440K), 0.0283847 secs] [Times: user=0.10 sys=0.00, real=0.03 secs] 
2018-05-17T12:06:17.615-0100: 35.845: [GC (Allocation Failure) [PSYoungGen: 1321606K->39778K(1321984K)] 1694963K->414591K(1840128K), 0.0422932 secs] [Times: user=0.10 sys=0.00, real=0.04 secs] 
2018-05-17T12:06:17.864-0100: 36.093: [GC (Allocation Failure) [PSYoungGen: 1321826K->7290K(1337856K)] 1696639K->416550K(1856000K), 0.0265711 secs] [Times: user=0.10 sys=0.00, real=0.03 secs] 
2018-05-17T12:06:18.092-0100: 36.321: [GC (Allocation Failure) [PSYoungGen: 1283194K->5312K(1281536K)] 1692454K->418229K(1799680K), 0.0095400 secs] [Times: user=0.03 sys=0.00, real=0.01 secs] 
2018-05-17T12:06:18.281-0100: 36.511: [GC (Allocation Failure) [PSYoungGen: 1281216K->3311K(1335296K)] 1694133K->419564K(1853440K), 0.0082043 secs] [Times: user=0.02 sys=0.00, real=0.00 secs] 
2018-05-17T12:06:18.460-0100: 36.690: [GC (Allocation Failure) [PSYoungGen: 1280239K->3395K(1334272K)] 1696492K->420888K(1852416K), 0.0058263 secs] [Times: user=0.02 sys=0.00, real=0.00 secs] 
2018-05-17T12:06:18.639-0100: 36.869: [GC (Allocation Failure) [PSYoungGen: 1280323K->3503K(1338368K)] 1697816K->422156K(1856512K), 0.0062191 secs] [Times: user=0.02 sys=0.00, real=0.01 secs] 
2018-05-17T12:06:18.819-0100: 37.048: [GC (Allocation Failure) [PSYoungGen: 1287599K->3550K(1337344K)] 1706252K->423307K(1855488K), 0.0064393 secs] [Times: user=0.02 sys=0.00, real=0.01 secs] 
2018-05-17T12:06:18.995-0100: 37.225: [GC (Allocation Failure) [PSYoungGen: 1287646K->3559K(1342464K)] 1707403K->424372K(1860608K), 0.0064791 secs] [Times: user=0.03 sys=0.00, real=0.01 secs] 
2018-05-17T12:06:19.176-0100: 37.406: [GC (Allocation Failure) [PSYoungGen: 1295847K->4677K(1341440K)] 1716660K->425489K(1859584K), 0.0063830 secs] [Times: user=0.02 sys=0.00, real=0.01 secs] 
2018-05-17T12:06:19.350-0100: 37.580: [GC (Allocation Failure) [PSYoungGen: 1296965K->5543K(1346560K)] 1717777K->426356K(1864704K), 0.0067262 secs] [Times: user=0.02 sys=0.00, real=0.00 secs] 
2018-05-17T12:06:19.525-0100: 37.754: [GC (Allocation Failure) [PSYoungGen: 1306023K->6449K(1345024K)] 1726836K->427262K(1863168K), 0.0067161 secs] [Times: user=0.02 sys=0.00, real=0.01 secs] 
2018-05-17T12:06:19.698-0100: 37.927: [GC (Allocation Failure) [PSYoungGen: 1306929K->7348K(1350656K)] 1727742K->428161K(1868800K), 0.0078777 secs] [Times: user=0.02 sys=0.01, real=0.01 secs] 
2018-05-17T12:06:20.467-0100: 38.696: [GC (Allocation Failure) [PSYoungGen: 1317044K->39399K(1349120K)] 1737857K->476545K(1867264K), 0.0365001 secs] [Times: user=0.13 sys=0.00, real=0.04 secs] 
2018-05-17T12:06:20.737-0100: 38.967: [GC (Allocation Failure) [PSYoungGen: 1349095K->42118K(1327616K)] 1786241K->480729K(1845760K), 0.0265513 secs] [Times: user=0.09 sys=0.01, real=0.03 secs] 
2018-05-17T12:06:20.967-0100: 39.197: [GC (Allocation Failure) [PSYoungGen: 1321094K->43495K(1322496K)] 1759705K->482809K(1840640K), 0.0252111 secs] [Times: user=0.09 sys=0.00, real=0.03 secs] 
2018-05-17T12:06:21.191-0100: 39.421: [GC (Allocation Failure) [PSYoungGen: 1322471K->43615K(1324544K)] 1761785K->484378K(1842688K), 0.0252017 secs] [Times: user=0.10 sys=0.00, real=0.02 secs] 
2018-05-17T12:06:21.399-0100: 39.629: [GC (Allocation Failure) [PSYoungGen: 1303135K->6747K(1328640K)] 1743898K->486351K(1846784K), 0.0349479 secs] [Times: user=0.11 sys=0.02, real=0.04 secs] 
2018-05-17T12:06:21.617-0100: 39.846: [GC (Allocation Failure) [PSYoungGen: 1266267K->4932K(1323520K)] 1745871K->487984K(1841664K), 0.0105753 secs] [Times: user=0.03 sys=0.00, real=0.01 secs] 
2018-05-17T12:06:21.801-0100: 40.031: [GC (Allocation Failure) [PSYoungGen: 1266500K->3291K(1327104K)] 1749552K->489247K(1845248K), 0.0091353 secs] [Times: user=0.03 sys=0.00, real=0.01 secs] 
2018-05-17T12:06:21.982-0100: 40.212: [GC (Allocation Failure) [PSYoungGen: 1264859K->3365K(1326592K)] 1750815K->490545K(1844736K), 0.0073866 secs] [Times: user=0.03 sys=0.00, real=0.01 secs] 
2018-05-17T12:06:22.167-0100: 40.397: [GC (Allocation Failure) [PSYoungGen: 1272101K->3583K(1330176K)] 1759281K->491867K(1848320K), 0.0072931 secs] [Times: user=0.02 sys=0.01, real=0.01 secs] 
2018-05-17T12:06:22.340-0100: 40.569: [GC (Allocation Failure) [PSYoungGen: 1272319K->3559K(1330176K)] 1760603K->492971K(1848320K), 0.0068149 secs] [Times: user=0.02 sys=0.00, real=0.00 secs] 
2018-05-17T12:06:22.514-0100: 40.743: [GC (Allocation Failure) [PSYoungGen: 1280999K->3608K(1333760K)] 1770411K->494004K(1851904K), 0.0065464 secs] [Times: user=0.02 sys=0.00, real=0.01 secs] 
2018-05-17T12:06:22.685-0100: 40.915: [GC (Allocation Failure) [PSYoungGen: 1281048K->3592K(1334784K)] 1771444K->494972K(1852928K), 0.0066772 secs] [Times: user=0.02 sys=0.00, real=0.01 secs] 
2018-05-17T12:06:22.860-0100: 41.089: [GC (Allocation Failure) [PSYoungGen: 1290760K->4721K(1338880K)] 1782140K->496101K(1857024K), 0.0059427 secs] [Times: user=0.02 sys=0.00, real=0.00 secs] 
2018-05-17T12:06:23.035-0100: 41.265: [GC (Allocation Failure) [PSYoungGen: 1291889K->5615K(1339904K)] 1783269K->496995K(1858048K), 0.0073817 secs] [Times: user=0.03 sys=0.00, real=0.01 secs] 
2018-05-17T12:06:23.525-0100: 41.755: [GC (Allocation Failure) [PSYoungGen: 1303023K->42122K(1343488K)] 1794403K->533510K(1861632K), 0.0221830 secs] [Times: user=0.08 sys=0.00, real=0.02 secs] 
2018-05-17T12:06:24.008-0100: 42.238: [GC (Allocation Failure) [PSYoungGen: 1339530K->54245K(1320960K)] 1830918K->546945K(1839104K), 0.0320125 secs] [Times: user=0.12 sys=0.01, real=0.04 secs] 
2018-05-17T12:06:24.259-0100: 42.489: [GC (Allocation Failure) [PSYoungGen: 1320933K->55893K(1323008K)] 1813633K->550002K(1841152K), 0.0284672 secs] [Times: user=0.11 sys=0.00, real=0.03 secs] 
2018-05-17T12:06:24.486-0100: 42.715: [GC (Allocation Failure) [PSYoungGen: 1322581K->25371K(1326592K)] 1816690K->552007K(1853440K), 0.0363195 secs] [Times: user=0.12 sys=0.02, real=0.04 secs] 
2018-05-17T12:06:24.522-0100: 42.752: [Full GC (Ergonomics) [PSYoungGen: 25371K->0K(1326592K)] [ParOldGen: 526636K->333430K(609280K)] 552007K->333430K(1935872K), [Metaspace: 40341K->40341K(1085440K)], 1.1816607 secs] [Times: user=3.12 sys=0.01, real=1.18 secs] 
2018-05-17T12:06:25.890-0100: 44.119: [GC (Allocation Failure) [PSYoungGen: 1251840K->3323K(1255424K)] 1585270K->336754K(1864704K), 0.0052569 secs] [Times: user=0.02 sys=0.01, real=0.00 secs] 
2018-05-17T12:06:26.071-0100: 44.300: [GC (Allocation Failure) [PSYoungGen: 1255163K->3266K(1323008K)] 1588594K->338481K(1932288K), 0.0068295 secs] [Times: user=0.02 sys=0.00, real=0.00 secs] 
2018-05-17T12:06:26.253-0100: 44.482: [GC (Allocation Failure) [PSYoungGen: 1257154K->3608K(1320960K)] 1592369K->340255K(1930240K), 0.0067713 secs] [Times: user=0.02 sys=0.00, real=0.00 secs] 
2018-05-17T12:06:26.428-0100: 44.658: [GC (Allocation Failure) [PSYoungGen: 1257496K->4954K(1328128K)] 1594143K->341600K(1937408K), 0.0056072 secs] [Times: user=0.02 sys=0.00, real=0.01 secs] 
2018-05-17T12:06:26.611-0100: 44.841: [GC (Allocation Failure) [PSYoungGen: 1269082K->5994K(1326592K)] 1605728K->342641K(1935872K), 0.0062738 secs] [Times: user=0.03 sys=0.00, real=0.00 secs] 
2018-05-17T12:06:26.784-0100: 45.013: [GC (Allocation Failure) [PSYoungGen: 1270122K->7085K(1332224K)] 1606769K->343732K(1941504K), 0.0073005 secs] [Times: user=0.03 sys=0.00, real=0.01 secs] 
2018-05-17T12:06:26.960-0100: 45.190: [GC (Allocation Failure) [PSYoungGen: 1281453K->8010K(1330688K)] 1618100K->344657K(1939968K), 0.0073213 secs] [Times: user=0.03 sys=0.00, real=0.00 secs] 
2018-05-17T12:06:27.132-0100: 45.362: [GC (Allocation Failure) [PSYoungGen: 1282378K->8824K(1337856K)] 1619025K->345471K(1947136K), 0.0079473 secs] [Times: user=0.03 sys=0.00, real=0.01 secs] 
2018-05-17T12:06:27.304-0100: 45.534: [GC (Allocation Failure) [PSYoungGen: 1295992K->9725K(1336832K)] 1632639K->346371K(1946112K), 0.0087489 secs] [Times: user=0.03 sys=0.00, real=0.01 secs] 
2018-05-17T12:06:27.479-0100: 45.709: [GC (Allocation Failure) [PSYoungGen: 1296893K->10437K(1345536K)] 1633539K->347084K(1954816K), 0.0090209 secs] [Times: user=0.03 sys=0.00, real=0.01 secs] 
2018-05-17T12:06:27.659-0100: 45.889: [GC (Allocation Failure) [PSYoungGen: 1310405K->11284K(1344000K)] 1647052K->347931K(1953280K), 0.0103385 secs] [Times: user=0.04 sys=0.00, real=0.02 secs] 
2018-05-17T12:06:28.313-0100: 46.543: [GC (Allocation Failure) [PSYoungGen: 1311252K->40956K(1330176K)] 1647899K->392484K(1939456K), 0.0367163 secs] [Times: user=0.14 sys=0.00, real=0.04 secs] 
2018-05-17T12:06:28.638-0100: 46.867: [GC (Allocation Failure) [PSYoungGen: 1330172K->44469K(1333760K)] 1681700K->398221K(1943040K), 0.0294270 secs] [Times: user=0.11 sys=0.00, real=0.03 secs] 
2018-05-17T12:06:28.885-0100: 47.115: [GC (Allocation Failure) [PSYoungGen: 1333685K->46316K(1325568K)] 1687437K->400964K(1934848K), 0.0265028 secs] [Times: user=0.10 sys=0.00, real=0.03 secs] 
2018-05-17T12:06:29.102-0100: 47.332: [GC (Allocation Failure) [PSYoungGen: 1310956K->46478K(1311232K)] 1665604K->402702K(1920512K), 0.0263113 secs] [Times: user=0.10 sys=0.00, real=0.02 secs] 
2018-05-17T12:06:29.322-0100: 47.552: [GC (Allocation Failure) [PSYoungGen: 1311118K->46554K(1319424K)] 1667342K->404210K(1928704K), 0.0270835 secs] [Times: user=0.10 sys=0.00, real=0.03 secs] 
2018-05-17T12:06:29.532-0100: 47.762: [GC (Allocation Failure) [PSYoungGen: 1294810K->46678K(1295360K)] 1652466K->405758K(1904640K), 0.0266853 secs] [Times: user=0.10 sys=0.00, real=0.02 secs] 
2018-05-17T12:06:29.735-0100: 47.965: [GC (Allocation Failure) [PSYoungGen: 1294934K->10319K(1321984K)] 1654014K->407309K(1931264K), 0.0270866 secs] [Times: user=0.11 sys=0.00, real=0.03 secs] 
2018-05-17T12:06:29.934-0100: 48.164: [GC (Allocation Failure) [PSYoungGen: 1254991K->7738K(1252864K)] 1651981K->408464K(1862144K), 0.0113729 secs] [Times: user=0.04 sys=0.00, real=0.01 secs] 
2018-05-17T12:06:30.119-0100: 48.348: [GC (Allocation Failure) [PSYoungGen: 1252410K->5693K(1319936K)] 1653136K->409571K(1929216K), 0.0094442 secs] [Times: user=0.03 sys=0.00, real=0.01 secs] 
2018-05-17T12:06:30.294-0100: 48.524: [GC (Allocation Failure) [PSYoungGen: 1251901K->4574K(1318400K)] 1655779K->410596K(1927680K), 0.0069640 secs] [Times: user=0.03 sys=0.00, real=0.01 secs] 
2018-05-17T12:06:30.465-0100: 48.694: [GC (Allocation Failure) [PSYoungGen: 1250782K->3479K(1323520K)] 1656804K->411573K(1932800K), 0.0063451 secs] [Times: user=0.02 sys=0.01, real=0.01 secs] 
2018-05-17T12:06:30.634-0100: 48.864: [GC (Allocation Failure) [PSYoungGen: 1257367K->3591K(1322496K)] 1665461K->412652K(1931776K), 0.0056837 secs] [Times: user=0.02 sys=0.00, real=0.01 secs] 
2018-05-17T12:06:30.801-0100: 49.031: [GC (Allocation Failure) [PSYoungGen: 1257479K->3704K(1326592K)] 1666540K->413742K(1935872K), 0.0063341 secs] [Times: user=0.03 sys=0.00, real=0.00 secs] 
2018-05-17T12:06:30.968-0100: 49.197: [GC (Allocation Failure) [PSYoungGen: 1265784K->4710K(1326080K)] 1675822K->414748K(1935360K), 0.0055822 secs] [Times: user=0.02 sys=0.01, real=0.01 secs] 
2018-05-17T12:06:31.133-0100: 49.362: [GC (Allocation Failure) [PSYoungGen: 1266790K->5546K(1330688K)] 1676828K->415584K(1939968K), 0.0061693 secs] [Times: user=0.02 sys=0.00, real=0.00 secs] 
2018-05-17T12:06:31.801-0100: 50.031: [GC (Allocation Failure) [PSYoungGen: 1277866K->50921K(1323520K)] 1687904K->460967K(1932800K), 0.0259445 secs] [Times: user=0.10 sys=0.00, real=0.02 secs] 
2018-05-17T12:06:32.111-0100: 50.341: [GC (Allocation Failure) [PSYoungGen: 1323241K->55999K(1311744K)] 1733287K->466045K(1921024K), 0.0284849 secs] [Times: user=0.11 sys=0.00, real=0.03 secs] 
2018-05-17T12:06:32.353-0100: 50.583: [GC (Allocation Failure) [PSYoungGen: 1300159K->57898K(1302528K)] 1710205K->468615K(1911808K), 0.0277153 secs] [Times: user=0.11 sys=0.00, real=0.03 secs] 
2018-05-17T12:06:32.571-0100: 50.800: [GC (Allocation Failure) [PSYoungGen: 1302058K->58176K(1300992K)] 1712775K->470286K(1910272K), 0.0276097 secs] [Times: user=0.11 sys=0.00, real=0.02 secs] 
2018-05-17T12:06:32.778-0100: 51.008: [GC (Allocation Failure) [PSYoungGen: 1274688K->7182K(1307136K)] 1686798K->472211K(1916416K), 0.0301571 secs] [Times: user=0.12 sys=0.00, real=0.03 secs] 
2018-05-17T12:06:32.981-0100: 51.210: [GC (Allocation Failure) [PSYoungGen: 1223694K->5005K(1300480K)] 1688723K->473770K(1909760K), 0.0095028 secs] [Times: user=0.03 sys=0.00, real=0.01 secs] 
2018-05-17T12:06:33.167-0100: 51.397: [GC (Allocation Failure) [PSYoungGen: 1224077K->3487K(1305088K)] 1692842K->475292K(1914368K), 0.0078000 secs] [Times: user=0.03 sys=0.00, real=0.01 secs] 
2018-05-17T12:06:33.341-0100: 51.570: [GC (Allocation Failure) [PSYoungGen: 1222559K->3381K(1303552K)] 1694364K->476634K(1912832K), 0.0056279 secs] [Times: user=0.02 sys=0.00, real=0.00 secs] 
2018-05-17T12:06:33.512-0100: 51.742: [GC (Allocation Failure) [PSYoungGen: 1231669K->3331K(1308672K)] 1704922K->477776K(1917952K), 0.0065876 secs] [Times: user=0.02 sys=0.00, real=0.00 secs] 
2018-05-17T12:06:33.687-0100: 51.917: [GC (Allocation Failure) [PSYoungGen: 1231619K->3481K(1309184K)] 1706064K->478998K(1918464K), 0.0059243 secs] [Times: user=0.02 sys=0.00, real=0.01 secs] 
2018-05-17T12:06:33.856-0100: 52.085: [GC (Allocation Failure) [PSYoungGen: 1243545K->4636K(1314304K)] 1719062K->480153K(1923584K), 0.0052550 secs] [Times: user=0.02 sys=0.00, real=0.01 secs] 
2018-05-17T12:06:34.022-0100: 52.252: [GC (Allocation Failure) [PSYoungGen: 1244700K->5602K(1314816K)] 1720217K->481119K(1924096K), 0.0060087 secs] [Times: user=0.02 sys=0.00, real=0.00 secs] 
2018-05-17T12:06:34.190-0100: 52.419: [GC (Allocation Failure) [PSYoungGen: 1258466K->6339K(1319936K)] 1733983K->481856K(1929216K), 0.0062853 secs] [Times: user=0.02 sys=0.00, real=0.00 secs] 
2018-05-17T12:06:34.363-0100: 52.592: [GC (Allocation Failure) [PSYoungGen: 1259203K->7131K(1322496K)] 1734720K->482648K(1931776K), 0.0079219 secs] [Times: user=0.03 sys=0.00, real=0.01 secs] 
2018-05-17T12:06:34.533-0100: 52.763: [GC (Allocation Failure) [PSYoungGen: 1274843K->7933K(1327104K)] 1750360K->483450K(1936384K), 0.0078774 secs] [Times: user=0.03 sys=0.00, real=0.01 secs] 
2018-05-17T12:06:35.039-0100: 53.269: [GC (Allocation Failure) [PSYoungGen: 1275645K->50315K(1322496K)] 1751162K->525840K(1931776K), 0.0247419 secs] [Times: user=0.09 sys=0.01, real=0.03 secs] 
2018-05-17T12:06:35.494-0100: 53.723: [GC (Allocation Failure) [PSYoungGen: 1317003K->57796K(1324544K)] 1792528K->533321K(1933824K), 0.0310943 secs] [Times: user=0.11 sys=0.00, real=0.03 secs] 
2018-05-17T12:06:35.740-0100: 53.970: [GC (Allocation Failure) [PSYoungGen: 1324484K->60472K(1300992K)] 1800009K->535997K(1910272K), 0.0290736 secs] [Times: user=0.11 sys=0.00, real=0.02 secs] 
2018-05-17T12:06:35.962-0100: 54.192: [GC (Allocation Failure) [PSYoungGen: 1288248K->60742K(1288704K)] 1763773K->537803K(1897984K), 0.0306155 secs] [Times: user=0.12 sys=0.00, real=0.03 secs] 
2018-05-17T12:06:36.174-0100: 54.403: [GC (Allocation Failure) [PSYoungGen: 1288518K->61019K(1293312K)] 1765579K->539472K(1902592K), 0.0306733 secs] [Times: user=0.11 sys=0.00, real=0.03 secs] 
2018-05-17T12:06:36.382-0100: 54.611: [GC (Allocation Failure) [PSYoungGen: 1262171K->61021K(1262592K)] 1740624K->540866K(1871872K), 0.0300772 secs] [Times: user=0.11 sys=0.00, real=0.03 secs] 
2018-05-17T12:06:36.582-0100: 54.811: [GC (Allocation Failure) [PSYoungGen: 1262173K->10338K(1297920K)] 1742018K->542500K(1907200K), 0.0366574 secs] [Times: user=0.13 sys=0.01, real=0.03 secs] 
2018-05-17T12:06:36.784-0100: 55.014: [GC (Allocation Failure) [PSYoungGen: 1205858K->7681K(1203712K)] 1738020K->543755K(1812992K), 0.0127187 secs] [Times: user=0.04 sys=0.01, real=0.01 secs] 
2018-05-17T12:06:36.958-0100: 55.187: [GC (Allocation Failure) [PSYoungGen: 1203201K->5854K(1295872K)] 1739275K->544784K(1905152K), 0.0098837 secs] [Times: user=0.04 sys=0.01, real=0.01 secs] 
2018-05-17T12:06:37.132-0100: 55.361: [GC (Allocation Failure) [PSYoungGen: 1204446K->4407K(1292800K)] 1743376K->545729K(1902080K), 0.0089330 secs] [Times: user=0.03 sys=0.00, real=0.01 secs] 
2018-05-17T12:06:37.298-0100: 55.528: [GC (Allocation Failure) [PSYoungGen: 1202999K->3503K(1300480K)] 1744321K->546842K(1909760K), 0.0082260 secs] [Times: user=0.03 sys=0.00, real=0.01 secs] 
2018-05-17T12:06:37.466-0100: 55.696: [GC (Allocation Failure) [PSYoungGen: 1212847K->3580K(1297920K)] 1756186K->547911K(1907200K), 0.0067071 secs] [Times: user=0.02 sys=0.00, real=0.01 secs] 
2018-05-17T12:06:37.637-0100: 55.866: [GC (Allocation Failure) [PSYoungGen: 1212924K->3682K(1305600K)] 1757255K->548996K(1914880K), 0.0061397 secs] [Times: user=0.02 sys=0.00, real=0.01 secs] 
2018-05-17T12:06:37.799-0100: 56.029: [GC (Allocation Failure) [PSYoungGen: 1225314K->3732K(1303552K)] 1770628K->549918K(1912832K), 0.0062482 secs] [Times: user=0.02 sys=0.01, real=0.01 secs] 
2018-05-17T12:06:37.958-0100: 56.188: [GC (Allocation Failure) [PSYoungGen: 1225364K->3909K(1312256K)] 1771550K->551000K(1921536K), 0.0063515 secs] [Times: user=0.02 sys=0.00, real=0.01 secs] 
2018-05-17T12:06:38.124-0100: 56.354: [GC (Allocation Failure) [PSYoungGen: 1239365K->4889K(1310208K)] 1786456K->551979K(1919488K), 0.0058219 secs] [Times: user=0.02 sys=0.00, real=0.01 secs] 
2018-05-17T12:06:38.842-0100: 57.071: [GC (Allocation Failure) [PSYoungGen: 1240345K->52453K(1308672K)] 1787435K->599551K(1917952K), 0.0284866 secs] [Times: user=0.10 sys=0.00, real=0.03 secs] 
2018-05-17T12:06:39.105-0100: 57.334: [GC (Allocation Failure) [PSYoungGen: 1290469K->55784K(1293824K)] 1837567K->602882K(1903104K), 0.0280342 secs] [Times: user=0.11 sys=0.00, real=0.03 secs] 
2018-05-17T12:06:39.338-0100: 57.568: [GC (Allocation Failure) [PSYoungGen: 1293800K->57424K(1297920K)] 1840898K->605202K(1907200K), 0.0279761 secs] [Times: user=0.11 sys=0.00, real=0.03 secs] 
2018-05-17T12:06:39.547-0100: 57.776: [GC (Allocation Failure) [PSYoungGen: 1268816K->8240K(1304576K)] 1816594K->607109K(1913856K), 0.0409419 secs] [Times: user=0.13 sys=0.03, real=0.04 secs] 
2018-05-17T12:06:39.588-0100: 57.817: [Full GC (Ergonomics) [PSYoungGen: 8240K->0K(1304576K)] [ParOldGen: 598868K->334004K(647168K)] 607109K->334004K(1951744K), [Metaspace: 40621K->40621K(1087488K)], 1.1904273 secs] [Times: user=3.14 sys=0.01, real=1.19 secs] 
2018-05-17T12:06:40.956-0100: 59.186: [GC (Allocation Failure) [PSYoungGen: 1211392K->3532K(1295360K)] 1545396K->337537K(1942528K), 0.0057379 secs] [Times: user=0.02 sys=0.00, real=0.01 secs] 
2018-05-17T12:06:41.136-0100: 59.366: [GC (Allocation Failure) [PSYoungGen: 1218508K->3523K(1301504K)] 1552513K->339355K(1948672K), 0.0062715 secs] [Times: user=0.03 sys=0.00, real=0.01 secs] 
2018-05-17T12:06:41.314-0100: 59.544: [GC (Allocation Failure) [PSYoungGen: 1218499K->3273K(1300992K)] 1554331K->340665K(1948160K), 0.0062997 secs] [Times: user=0.02 sys=0.00, real=0.01 secs] 
2018-05-17T12:06:41.491-0100: 59.721: [GC (Allocation Failure) [PSYoungGen: 1231049K->3379K(1307648K)] 1568441K->341955K(1954816K), 0.0056664 secs] [Times: user=0.02 sys=0.00, real=0.00 secs] 
2018-05-17T12:06:41.665-0100: 59.895: [GC (Allocation Failure) [PSYoungGen: 1231155K->4487K(1307648K)] 1569731K->343064K(1954816K), 0.0060015 secs] [Times: user=0.02 sys=0.00, real=0.01 secs] 
2018-05-17T12:06:41.836-0100: 60.065: [GC (Allocation Failure) [PSYoungGen: 1246087K->5565K(1314304K)] 1584664K->344141K(1961472K), 0.0068504 secs] [Times: user=0.02 sys=0.00, real=0.01 secs] 
2018-05-17T12:06:42.006-0100: 60.236: [GC (Allocation Failure) [PSYoungGen: 1247165K->6539K(1314304K)] 1585741K->345115K(1961472K), 0.0068270 secs] [Times: user=0.03 sys=0.00, real=0.01 secs] 
2018-05-17T12:06:42.178-0100: 60.408: [GC (Allocation Failure) [PSYoungGen: 1262987K->7339K(1320960K)] 1601563K->345915K(1968128K), 0.0070772 secs] [Times: user=0.03 sys=0.01, real=0.01 secs] 
2018-05-17T12:06:42.344-0100: 60.574: [GC (Allocation Failure) [PSYoungGen: 1263787K->8295K(1321984K)] 1602363K->346871K(1969152K), 0.0087194 secs] [Times: user=0.03 sys=0.00, real=0.01 secs] 
2018-05-17T12:06:42.517-0100: 60.747: [GC (Allocation Failure) [PSYoungGen: 1280615K->9118K(1329152K)] 1619191K->347694K(1976320K), 0.0087237 secs] [Times: user=0.03 sys=0.00, real=0.01 secs] 
2018-05-17T12:06:42.688-0100: 60.917: [GC (Allocation Failure) [PSYoungGen: 1281438K->9756K(1330176K)] 1620014K->348333K(1977344K), 0.0087871 secs] [Times: user=0.03 sys=0.00, real=0.01 secs] 
2018-05-17T12:06:43.399-0100: 61.629: [GC (Allocation Failure) [PSYoungGen: 1297436K->49645K(1337344K)] 1636013K->394486K(1984512K), 0.0420736 secs] [Times: user=0.11 sys=0.00, real=0.05 secs] 
2018-05-17T12:06:43.706-0100: 61.936: [GC (Allocation Failure) [PSYoungGen: 1337325K->52713K(1315840K)] 1682166K->399298K(1963008K), 0.0309210 secs] [Times: user=0.12 sys=0.01, real=0.03 secs] 
2018-05-17T12:06:43.946-0100: 62.175: [GC (Allocation Failure) [PSYoungGen: 1308137K->54392K(1310208K)] 1654722K->401777K(1957376K), 0.0277303 secs] [Times: user=0.11 sys=0.00, real=0.03 secs] 
2018-05-17T12:06:44.162-0100: 62.392: [GC (Allocation Failure) [PSYoungGen: 1309816K->54634K(1307136K)] 1657201K->403467K(1954304K), 0.0277686 secs] [Times: user=0.11 sys=0.00, real=0.03 secs] 
2018-05-17T12:06:44.373-0100: 62.603: [GC (Allocation Failure) [PSYoungGen: 1283434K->54847K(1284096K)] 1632267K->405056K(1931264K), 0.0283768 secs] [Times: user=0.11 sys=0.00, real=0.03 secs] 
2018-05-17T12:06:44.576-0100: 62.806: [GC (Allocation Failure) [PSYoungGen: 1283647K->12301K(1311744K)] 1633856K->406888K(1958912K), 0.0294041 secs] [Times: user=0.11 sys=0.00, real=0.03 secs] 
2018-05-17T12:06:44.778-0100: 63.008: [GC (Allocation Failure) [PSYoungGen: 1234957K->7906K(1230848K)] 1629544K->408164K(1878016K), 0.0126640 secs] [Times: user=0.05 sys=0.00, real=0.02 secs] 
2018-05-17T12:06:44.956-0100: 63.186: [GC (Allocation Failure) [PSYoungGen: 1230562K->6024K(1309184K)] 1630820K->409330K(1956352K), 0.0090210 secs] [Times: user=0.03 sys=0.00, real=0.01 secs] 
2018-05-17T12:06:45.129-0100: 63.359: [GC (Allocation Failure) [PSYoungGen: 1231177K->4599K(1306624K)] 1634483K->410473K(1953792K), 0.0074280 secs] [Times: user=0.03 sys=0.00, real=0.01 secs] 
2018-05-17T12:06:45.302-0100: 63.531: [GC (Allocation Failure) [PSYoungGen: 1229815K->3486K(1313792K)] 1635689K->411456K(1960960K), 0.0069651 secs] [Times: user=0.02 sys=0.00, real=0.00 secs] 
2018-05-17T12:06:45.472-0100: 63.702: [GC (Allocation Failure) [PSYoungGen: 1238430K->3495K(1311232K)] 1646400K->412537K(1958400K), 0.0058085 secs] [Times: user=0.02 sys=0.00, real=0.00 secs] 
2018-05-17T12:06:45.641-0100: 63.870: [GC (Allocation Failure) [PSYoungGen: 1238439K->3585K(1318400K)] 1647481K->413579K(1965568K), 0.0055921 secs] [Times: user=0.02 sys=0.00, real=0.00 secs] 
2018-05-17T12:06:45.804-0100: 64.034: [GC (Allocation Failure) [PSYoungGen: 1249281K->4651K(1316352K)] 1659275K->414645K(1963520K), 0.0061726 secs] [Times: user=0.02 sys=0.00, real=0.01 secs] 
2018-05-17T12:06:45.974-0100: 64.203: [GC (Allocation Failure) [PSYoungGen: 1250347K->5510K(1323520K)] 1660341K->415504K(1970688K), 0.0058281 secs] [Times: user=0.03 sys=0.00, real=0.01 secs] 
2018-05-17T12:06:46.141-0100: 64.370: [GC (Allocation Failure) [PSYoungGen: 1263494K->6268K(1321984K)] 1673488K->416262K(1969152K), 0.0067150 secs] [Times: user=0.02 sys=0.00, real=0.00 secs] 
2018-05-17T12:06:46.781-0100: 65.010: [GC (Allocation Failure) [PSYoungGen: 1264252K->50903K(1318912K)] 1674246K->460905K(1966080K), 0.0303433 secs] [Times: user=0.11 sys=0.00, real=0.03 secs] 
2018-05-17T12:06:47.104-0100: 65.334: [GC (Allocation Failure) [PSYoungGen: 1309399K->56569K(1315328K)] 1719401K->466571K(1962496K), 0.0296182 secs] [Times: user=0.10 sys=0.00, real=0.03 secs] 
2018-05-17T12:06:47.346-0100: 65.575: [GC (Allocation Failure) [PSYoungGen: 1315065K->59180K(1302528K)] 1725067K->469182K(1949696K), 0.0279298 secs] [Times: user=0.11 sys=0.00, real=0.03 secs] 
2018-05-17T12:06:47.565-0100: 65.794: [GC (Allocation Failure) [PSYoungGen: 1282860K->59610K(1283584K)] 1692862K->470980K(1930752K), 0.0300749 secs] [Times: user=0.11 sys=0.00, real=0.03 secs] 
2018-05-17T12:06:47.780-0100: 66.010: [GC (Allocation Failure) [PSYoungGen: 1283290K->59683K(1293824K)] 1694660K->472438K(1940992K), 0.0285794 secs] [Times: user=0.11 sys=0.00, real=0.02 secs] 
2018-05-17T12:06:47.982-0100: 66.212: [GC (Allocation Failure) [PSYoungGen: 1259811K->8749K(1298944K)] 1672566K->474248K(1946112K), 0.0345947 secs] [Times: user=0.13 sys=0.00, real=0.03 secs] 
2018-05-17T12:06:48.191-0100: 66.420: [GC (Allocation Failure) [PSYoungGen: 1208877K->6411K(1291776K)] 1674376K->475662K(1938944K), 0.0106726 secs] [Times: user=0.04 sys=0.00, real=0.01 secs] 
2018-05-17T12:06:48.372-0100: 66.601: [GC (Allocation Failure) [PSYoungGen: 1209611K->4701K(1296384K)] 1678862K->476832K(1943552K), 0.0085080 secs] [Times: user=0.03 sys=0.00, real=0.01 secs] 
2018-05-17T12:06:48.543-0100: 66.773: [GC (Allocation Failure) [PSYoungGen: 1207901K->3382K(1296384K)] 1680032K->478033K(1943552K), 0.0066834 secs] [Times: user=0.03 sys=0.00, real=0.01 secs] 
2018-05-17T12:06:48.711-0100: 66.941: [GC (Allocation Failure) [PSYoungGen: 1217334K->3487K(1301504K)] 1691985K->479202K(1948672K), 0.0058238 secs] [Times: user=0.02 sys=0.00, real=0.00 secs] 
2018-05-17T12:06:48.878-0100: 67.108: [GC (Allocation Failure) [PSYoungGen: 1217439K->3521K(1300992K)] 1693154K->480324K(1948160K), 0.0056054 secs] [Times: user=0.02 sys=0.00, real=0.01 secs] 
2018-05-17T12:06:49.047-0100: 67.277: [GC (Allocation Failure) [PSYoungGen: 1229249K->4500K(1306624K)] 1706052K->481303K(1953792K), 0.0055342 secs] [Times: user=0.02 sys=0.00, real=0.01 secs] 
2018-05-17T12:06:49.212-0100: 67.441: [GC (Allocation Failure) [PSYoungGen: 1230228K->5411K(1306624K)] 1707031K->482214K(1953792K), 0.0063894 secs] [Times: user=0.03 sys=0.00, real=0.00 secs] 
2018-05-17T12:06:49.375-0100: 67.605: [GC (Allocation Failure) [PSYoungGen: 1244963K->6380K(1312768K)] 1721766K->483183K(1959936K), 0.0066094 secs] [Times: user=0.02 sys=0.00, real=0.01 secs] 
2018-05-17T12:06:49.541-0100: 67.770: [GC (Allocation Failure) [PSYoungGen: 1245932K->7024K(1313792K)] 1722735K->483827K(1960960K), 0.0075132 secs] [Times: user=0.03 sys=0.00, real=0.00 secs] 
2018-05-17T12:06:49.709-0100: 67.938: [GC (Allocation Failure) [PSYoungGen: 1261936K->7897K(1320448K)] 1738739K->484700K(1967616K), 0.0081455 secs] [Times: user=0.03 sys=0.00, real=0.01 secs] 
2018-05-17T12:06:50.466-0100: 68.696: [GC (Allocation Failure) [PSYoungGen: 1262809K->56383K(1313792K)] 1739612K->533194K(1960960K), 0.0327511 secs] [Times: user=0.12 sys=0.00, real=0.03 secs] 
2018-05-17T12:06:50.722-0100: 68.952: [GC (Allocation Failure) [PSYoungGen: 1308735K->59272K(1311744K)] 1785546K->536083K(1958912K), 0.0296878 secs] [Times: user=0.12 sys=0.00, real=0.03 secs] 
2018-05-17T12:06:50.947-0100: 69.177: [GC (Allocation Failure) [PSYoungGen: 1311624K->60569K(1298944K)] 1788435K->538116K(1946112K), 0.0293864 secs] [Times: user=0.11 sys=0.00, real=0.03 secs] 
2018-05-17T12:06:51.161-0100: 69.390: [GC (Allocation Failure) [PSYoungGen: 1277081K->60630K(1277440K)] 1754628K->539569K(1924608K), 0.0295194 secs] [Times: user=0.11 sys=0.00, real=0.03 secs] 
2018-05-17T12:06:51.368-0100: 69.598: [GC (Allocation Failure) [PSYoungGen: 1277142K->60840K(1290752K)] 1756081K->541131K(1937920K), 0.0288980 secs] [Times: user=0.11 sys=0.00, real=0.03 secs] 
2018-05-17T12:06:51.564-0100: 69.794: [GC (Allocation Failure) [PSYoungGen: 1254824K->10705K(1295872K)] 1735115K->542821K(1943040K), 0.0315459 secs] [Times: user=0.12 sys=0.00, real=0.03 secs] 
2018-05-17T12:06:51.764-0100: 69.994: [GC (Allocation Failure) [PSYoungGen: 1204689K->7697K(1287680K)] 1736805K->544053K(1934848K), 0.0114839 secs] [Times: user=0.05 sys=0.00, real=0.01 secs] 
2018-05-17T12:06:51.938-0100: 70.167: [GC (Allocation Failure) [PSYoungGen: 1204753K->5905K(1292800K)] 1741109K->545165K(1939968K), 0.0095581 secs] [Times: user=0.03 sys=0.00, real=0.01 secs] 
2018-05-17T12:06:52.108-0100: 70.338: [GC (Allocation Failure) [PSYoungGen: 1202961K->4517K(1293824K)] 1742221K->546201K(1940992K), 0.0079536 secs] [Times: user=0.02 sys=0.00, real=0.01 secs] 
2018-05-17T12:06:52.288-0100: 70.517: [GC (Allocation Failure) [PSYoungGen: 1213861K->3486K(1298944K)] 1755545K->547218K(1946112K), 0.0073439 secs] [Times: user=0.02 sys=0.00, real=0.01 secs] 
2018-05-17T12:06:52.456-0100: 70.685: [GC (Allocation Failure) [PSYoungGen: 1212830K->3550K(1299968K)] 1756562K->548298K(1947136K), 0.0063869 secs] [Times: user=0.02 sys=0.00, real=0.01 secs] 
2018-05-17T12:06:52.623-0100: 70.853: [GC (Allocation Failure) [PSYoungGen: 1225182K->3595K(1305088K)] 1769930K->549319K(1952256K), 0.0070604 secs] [Times: user=0.03 sys=0.00, real=0.01 secs] 
2018-05-17T12:06:52.785-0100: 71.015: [GC (Allocation Failure) [PSYoungGen: 1225227K->4543K(1304576K)] 1770951K->550267K(1951744K), 0.0055255 secs] [Times: user=0.02 sys=0.00, real=0.01 secs] 
2018-05-17T12:06:52.950-0100: 71.180: [GC (Allocation Failure) [PSYoungGen: 1238975K->5538K(1310208K)] 1784699K->551262K(1957376K), 0.0061841 secs] [Times: user=0.02 sys=0.00, real=0.00 secs] 
2018-05-17T12:06:53.123-0100: 71.352: [GC (Allocation Failure) [PSYoungGen: 1239970K->6258K(1311744K)] 1785694K->551982K(1958912K), 0.0078171 secs] [Times: user=0.03 sys=0.00, real=0.01 secs] 
2018-05-17T12:06:53.818-0100: 72.048: [GC (Allocation Failure) [PSYoungGen: 1256050K->52671K(1317888K)] 1801774K->598403K(1965056K), 0.0279396 secs] [Times: user=0.11 sys=0.00, real=0.03 secs] 
2018-05-17T12:06:54.103-0100: 72.333: [GC (Allocation Failure) [PSYoungGen: 1302463K->56835K(1304576K)] 1848195K->602567K(1951744K), 0.0284919 secs] [Times: user=0.11 sys=0.00, real=0.03 secs] 
2018-05-17T12:06:54.337-0100: 72.567: [GC (Allocation Failure) [PSYoungGen: 1284611K->58649K(1286656K)] 1830343K->605061K(1933824K), 0.0281075 secs] [Times: user=0.11 sys=0.00, real=0.03 secs] 
2018-05-17T12:06:54.550-0100: 72.780: [GC (Allocation Failure) [PSYoungGen: 1286425K->58890K(1294336K)] 1832837K->606638K(1941504K), 0.0288704 secs] [Times: user=0.11 sys=0.00, real=0.02 secs] 
2018-05-17T12:06:54.754-0100: 72.984: [GC (Allocation Failure) [PSYoungGen: 1261066K->10652K(1299968K)] 1808814K->608567K(1947136K), 0.0310620 secs] [Times: user=0.12 sys=0.00, real=0.03 secs] 
2018-05-17T12:06:54.957-0100: 73.186: [GC (Allocation Failure) [PSYoungGen: 1212828K->6575K(1291776K)] 1810743K->610011K(1938944K), 0.0131084 secs] [Times: user=0.05 sys=0.01, real=0.02 secs] 
2018-05-17T12:06:55.136-0100: 73.366: [GC (Allocation Failure) [PSYoungGen: 1212335K->4761K(1296896K)] 1815771K->611293K(1944064K), 0.0101191 secs] [Times: user=0.03 sys=0.01, real=0.01 secs] 
2018-05-17T12:06:55.310-0100: 73.539: [GC (Allocation Failure) [PSYoungGen: 1210521K->3346K(1298432K)] 1817053K->612541K(1945600K), 0.0081432 secs] [Times: user=0.02 sys=0.00, real=0.00 secs] 
2018-05-17T12:06:55.483-0100: 73.712: [GC (Allocation Failure) [PSYoungGen: 1221906K->3392K(1303552K)] 1831101K->613764K(1950720K), 0.0064050 secs] [Times: user=0.02 sys=0.00, real=0.00 secs] 
2018-05-17T12:06:55.653-0100: 73.882: [GC (Allocation Failure) [PSYoungGen: 1221952K->3544K(1303552K)] 1832324K->614980K(1950720K), 0.0071077 secs] [Times: user=0.02 sys=0.00, real=0.01 secs] 
2018-05-17T12:06:55.821-0100: 74.051: [GC (Allocation Failure) [PSYoungGen: 1234392K->3673K(1309184K)] 1845828K->616205K(1956352K), 0.0058577 secs] [Times: user=0.02 sys=0.00, real=0.00 secs] 
2018-05-17T12:06:55.988-0100: 74.218: [GC (Allocation Failure) [PSYoungGen: 1234521K->4720K(1309184K)] 1847053K->617252K(1956352K), 0.0055061 secs] [Times: user=0.02 sys=0.00, real=0.01 secs] 
2018-05-17T12:06:56.156-0100: 74.386: [GC (Allocation Failure) [PSYoungGen: 1249392K->5389K(1315328K)] 1861924K->617920K(1962496K), 0.0059692 secs] [Times: user=0.03 sys=0.00, real=0.01 secs] 
2018-05-17T12:06:56.321-0100: 74.551: [GC (Allocation Failure) [PSYoungGen: 1250061K->6211K(1316352K)] 1862592K->618743K(1963520K), 0.0066584 secs] [Times: user=0.03 sys=0.00, real=0.00 secs] 
2018-05-17T12:06:56.487-0100: 74.716: [GC (Allocation Failure) [PSYoungGen: 1266243K->7228K(1323008K)] 1878775K->619759K(1970176K), 0.0072842 secs] [Times: user=0.03 sys=0.00, real=0.01 secs] 
2018-05-17T12:06:56.971-0100: 75.200: [GC (Allocation Failure) [PSYoungGen: 1267260K->49143K(1320960K)] 1879791K->661683K(1968128K), 0.0234721 secs] [Times: user=0.08 sys=0.00, real=0.02 secs] 
2018-05-17T12:06:57.426-0100: 75.656: [GC (Allocation Failure) [PSYoungGen: 1310711K->56935K(1318912K)] 1923251K->669475K(1966080K), 0.0317200 secs] [Times: user=0.11 sys=0.00, real=0.03 secs] 
2018-05-17T12:06:57.683-0100: 75.912: [GC (Allocation Failure) [PSYoungGen: 1318503K->59648K(1302528K)] 1931043K->672188K(1949696K), 0.0371510 secs] [Times: user=0.11 sys=0.00, real=0.04 secs] 
2018-05-17T12:06:57.910-0100: 76.140: [GC (Allocation Failure) [PSYoungGen: 1284352K->60083K(1285120K)] 1896892K->674054K(1932288K), 0.0309959 secs] [Times: user=0.12 sys=0.00, real=0.03 secs] 
2018-05-17T12:06:58.128-0100: 76.357: [GC (Allocation Failure) [PSYoungGen: 1284787K->60212K(1293824K)] 1898758K->675527K(1940992K), 0.0309559 secs] [Times: user=0.11 sys=0.00, real=0.03 secs] 
2018-05-17T12:06:58.333-0100: 76.563: [GC (Allocation Failure) [PSYoungGen: 1260340K->28189K(1228800K)] 1875655K->677193K(1878016K), 0.0370498 secs] [Times: user=0.12 sys=0.02, real=0.04 secs] 
2018-05-17T12:06:58.370-0100: 76.600: [Full GC (Ergonomics) [PSYoungGen: 28189K->0K(1228800K)] [ParOldGen: 649004K->394281K(731136K)] 677193K->394281K(1959936K), [Metaspace: 41185K->41185K(1087488K)], 1.4207561 secs] [Times: user=3.75 sys=0.00, real=1.42 secs] 
2018-05-17T12:06:59.961-0100: 78.191: [GC (Allocation Failure) [PSYoungGen: 1200128K->3405K(1299456K)] 1594409K->397686K(2030592K), 0.0055877 secs] [Times: user=0.02 sys=0.00, real=0.00 secs] 
2018-05-17T12:07:00.132-0100: 78.362: [GC (Allocation Failure) [PSYoungGen: 1210189K->4724K(1297920K)] 1604470K->399006K(2029056K), 0.0063011 secs] [Times: user=0.02 sys=0.00, real=0.00 secs] 
2018-05-17T12:07:00.301-0100: 78.531: [GC (Allocation Failure) [PSYoungGen: 1211508K->4488K(1304064K)] 1605790K->400154K(2035200K), 0.0066472 secs] [Times: user=0.02 sys=0.00, real=0.00 secs] 
2018-05-17T12:07:00.470-0100: 78.699: [GC (Allocation Failure) [PSYoungGen: 1221000K->4524K(1303040K)] 1616666K->401262K(2034176K), 0.0063872 secs] [Times: user=0.02 sys=0.00, real=0.00 secs] 
2018-05-17T12:07:00.639-0100: 78.868: [GC (Allocation Failure) [PSYoungGen: 1221036K->5566K(1307648K)] 1617774K->402304K(2038784K), 0.0061213 secs] [Times: user=0.02 sys=0.00, real=0.01 secs] 
2018-05-17T12:07:00.803-0100: 79.033: [GC (Allocation Failure) [PSYoungGen: 1232830K->6536K(1307136K)] 1629568K->403274K(2038272K), 0.0066510 secs] [Times: user=0.03 sys=0.00, real=0.01 secs] 
2018-05-17T12:07:00.969-0100: 79.199: [GC (Allocation Failure) [PSYoungGen: 1233800K->7289K(1314304K)] 1630538K->404027K(2045440K), 0.0070531 secs] [Times: user=0.03 sys=0.00, real=0.01 secs] 
2018-05-17T12:07:01.138-0100: 79.368: [GC (Allocation Failure) [PSYoungGen: 1248377K->8106K(1313792K)] 1645115K->404844K(2044928K), 0.0078897 secs] [Times: user=0.03 sys=0.00, real=0.01 secs] 
2018-05-17T12:07:01.304-0100: 79.533: [GC (Allocation Failure) [PSYoungGen: 1249194K->8760K(1321472K)] 1645932K->405497K(2052608K), 0.0083322 secs] [Times: user=0.04 sys=0.00, real=0.01 secs] 
2018-05-17T12:07:01.474-0100: 79.703: [GC (Allocation Failure) [PSYoungGen: 1264184K->9617K(1320448K)] 1660921K->406355K(2051584K), 0.0086014 secs] [Times: user=0.03 sys=0.00, real=0.01 secs] 
2018-05-17T12:07:02.223-0100: 80.453: [GC (Allocation Failure) [PSYoungGen: 1265041K->57690K(1314304K)] 1661779K->454427K(2045440K), 0.0322700 secs] [Times: user=0.12 sys=0.00, real=0.03 secs] 
2018-05-17T12:07:02.484-0100: 80.713: [GC (Allocation Failure) [PSYoungGen: 1311066K->60628K(1314304K)] 1707803K->457366K(2045440K), 0.0310614 secs] [Times: user=0.12 sys=0.00, real=0.03 secs] 
2018-05-17T12:07:02.719-0100: 80.949: [GC (Allocation Failure) [PSYoungGen: 1314004K->61970K(1298944K)] 1710742K->459588K(2030080K), 0.0311048 secs] [Times: user=0.11 sys=0.00, real=0.04 secs] 
2018-05-17T12:07:02.930-0100: 81.159: [GC (Allocation Failure) [PSYoungGen: 1278482K->61892K(1278464K)] 1676100K->461054K(2009600K), 0.0316877 secs] [Times: user=0.11 sys=0.00, real=0.03 secs] 
2018-05-17T12:07:03.148-0100: 81.378: [GC (Allocation Failure) [PSYoungGen: 1278404K->62073K(1290752K)] 1677566K->462635K(2021888K), 0.0311572 secs] [Times: user=0.12 sys=0.00, real=0.03 secs] 
2018-05-17T12:07:03.347-0100: 81.577: [GC (Allocation Failure) [PSYoungGen: 1256057K->62122K(1256448K)] 1656619K->464036K(1987584K), 0.0317644 secs] [Times: user=0.12 sys=0.00, real=0.03 secs] 
2018-05-17T12:07:03.548-0100: 81.778: [GC (Allocation Failure) [PSYoungGen: 1256106K->12107K(1294848K)] 1658020K->465515K(2025984K), 0.0326585 secs] [Times: user=0.12 sys=0.00, real=0.04 secs] 
2018-05-17T12:07:03.745-0100: 81.975: [GC (Allocation Failure) [PSYoungGen: 1201483K->8779K(1198592K)] 1654891K->466618K(1929728K), 0.0120108 secs] [Times: user=0.04 sys=0.00, real=0.01 secs] 
2018-05-17T12:07:03.917-0100: 82.147: [GC (Allocation Failure) [PSYoungGen: 1198103K->6845K(1292288K)] 1655943K->467564K(2023424K), 0.0091500 secs] [Times: user=0.04 sys=0.00, real=0.01 secs] 
2018-05-17T12:07:04.089-0100: 82.318: [GC (Allocation Failure) [PSYoungGen: 1198781K->5448K(1289728K)] 1659500K->468543K(2020864K), 0.0078271 secs] [Times: user=0.03 sys=0.00, real=0.01 secs] 
2018-05-17T12:07:04.253-0100: 82.482: [GC (Allocation Failure) [PSYoungGen: 1197384K->4484K(1296896K)] 1660479K->469484K(2028032K), 0.0065516 secs] [Times: user=0.02 sys=0.00, real=0.00 secs] 
2018-05-17T12:07:04.415-0100: 82.644: [GC (Allocation Failure) [PSYoungGen: 1207172K->3606K(1294848K)] 1672172K->470437K(2025984K), 0.0067686 secs] [Times: user=0.02 sys=0.00, real=0.01 secs] 
2018-05-17T12:07:04.577-0100: 82.807: [GC (Allocation Failure) [PSYoungGen: 1206294K->3858K(1302016K)] 1673125K->471633K(2033152K), 0.0051294 secs] [Times: user=0.02 sys=0.00, real=0.01 secs] 
2018-05-17T12:07:04.740-0100: 82.970: [GC (Allocation Failure) [PSYoungGen: 1218834K->4671K(1300480K)] 1686609K->472447K(2031616K), 0.0054776 secs] [Times: user=0.02 sys=0.00, real=0.00 secs] 
2018-05-17T12:07:04.900-0100: 83.129: [GC (Allocation Failure) [PSYoungGen: 1219647K->5565K(1308160K)] 1687423K->473341K(2039296K), 0.0064742 secs] [Times: user=0.02 sys=0.00, real=0.00 secs] 
2018-05-17T12:07:05.511-0100: 83.741: [GC (Allocation Failure) [PSYoungGen: 1234877K->49487K(1307136K)] 1702653K->517270K(2038272K), 0.0265689 secs] [Times: user=0.09 sys=0.00, real=0.02 secs] 
2018-05-17T12:07:05.833-0100: 84.063: [GC (Allocation Failure) [PSYoungGen: 1278799K->55660K(1300992K)] 1746582K->523444K(2032128K), 0.0285109 secs] [Times: user=0.11 sys=0.00, real=0.03 secs] 
2018-05-17T12:07:06.071-0100: 84.301: [GC (Allocation Failure) [PSYoungGen: 1273196K->58146K(1275904K)] 1740980K->525930K(2007040K), 0.0285581 secs] [Times: user=0.11 sys=0.01, real=0.03 secs] 
2018-05-17T12:07:06.289-0100: 84.518: [GC (Allocation Failure) [PSYoungGen: 1275682K->59347K(1292288K)] 1743466K->527771K(2023424K), 0.0279166 secs] [Times: user=0.11 sys=0.00, real=0.03 secs] 
2018-05-17T12:07:06.493-0100: 84.722: [GC (Allocation Failure) [PSYoungGen: 1255379K->59516K(1255936K)] 1723803K->529283K(1987072K), 0.0284369 secs] [Times: user=0.11 sys=0.00, real=0.03 secs] 
2018-05-17T12:07:06.696-0100: 84.925: [GC (Allocation Failure) [PSYoungGen: 1255548K->8640K(1295872K)] 1725315K->531016K(2027008K), 0.0307971 secs] [Times: user=0.12 sys=0.00, real=0.03 secs] 
2018-05-17T12:07:06.897-0100: 85.127: [GC (Allocation Failure) [PSYoungGen: 1200064K->6362K(1198080K)] 1722440K->532514K(1929216K), 0.0105427 secs] [Times: user=0.04 sys=0.00, real=0.01 secs] 
2018-05-17T12:07:07.072-0100: 85.302: [GC (Allocation Failure) [PSYoungGen: 1197786K->4718K(1292800K)] 1723938K->533734K(2023936K), 0.0084785 secs] [Times: user=0.03 sys=0.00, real=0.01 secs] 
2018-05-17T12:07:07.243-0100: 85.472: [GC (Allocation Failure) [PSYoungGen: 1198702K->3348K(1290240K)] 1727718K->534884K(2021376K), 0.0068363 secs] [Times: user=0.03 sys=0.00, real=0.01 secs] 
2018-05-17T12:07:07.408-0100: 85.638: [GC (Allocation Failure) [PSYoungGen: 1197281K->3422K(1297920K)] 1728817K->536030K(2029056K), 0.0060654 secs] [Times: user=0.02 sys=0.00, real=0.01 secs] 
2018-05-17T12:07:07.571-0100: 85.801: [GC (Allocation Failure) [PSYoungGen: 1209694K->3428K(1295872K)] 1742302K->537101K(2027008K), 0.0062462 secs] [Times: user=0.02 sys=0.00, real=0.00 secs] 
2018-05-17T12:07:07.736-0100: 85.965: [GC (Allocation Failure) [PSYoungGen: 1209700K->4483K(1304576K)] 1743373K->538155K(2035712K), 0.0062349 secs] [Times: user=0.02 sys=0.00, real=0.01 secs] 
2018-05-17T12:07:07.896-0100: 86.125: [GC (Allocation Failure) [PSYoungGen: 1224579K->5327K(1302528K)] 1758251K->538999K(2033664K), 0.0057074 secs] [Times: user=0.02 sys=0.00, real=0.01 secs] 
2018-05-17T12:07:08.061-0100: 86.291: [GC (Allocation Failure) [PSYoungGen: 1225423K->6311K(1310720K)] 1759095K->539984K(2041856K), 0.0066036 secs] [Times: user=0.03 sys=0.00, real=0.00 secs] 
2018-05-17T12:07:08.226-0100: 86.456: [GC (Allocation Failure) [PSYoungGen: 1241767K->7000K(1309184K)] 1775440K->540673K(2040320K), 0.0069784 secs] [Times: user=0.02 sys=0.00, real=0.01 secs] 
2018-05-17T12:07:08.391-0100: 86.621: [GC (Allocation Failure) [PSYoungGen: 1242456K->7982K(1319936K)] 1776129K->541654K(2051072K), 0.0076649 secs] [Times: user=0.03 sys=0.00, real=0.00 secs] 
2018-05-17T12:07:09.127-0100: 87.357: [GC (Allocation Failure) [PSYoungGen: 1260846K->55626K(1318400K)] 1794518K->589298K(2049536K), 0.0314773 secs] [Times: user=0.12 sys=0.00, real=0.03 secs] 
2018-05-17T12:07:09.395-0100: 87.624: [GC (Allocation Failure) [PSYoungGen: 1308490K->58741K(1303552K)] 1842162K->592413K(2034688K), 0.0288889 secs] [Times: user=0.11 sys=0.00, real=0.03 secs] 
2018-05-17T12:07:09.624-0100: 87.854: [GC (Allocation Failure) [PSYoungGen: 1286517K->61006K(1289216K)] 1820189K->594678K(2020352K), 0.0303333 secs] [Times: user=0.12 sys=0.00, real=0.03 secs] 
2018-05-17T12:07:09.837-0100: 88.067: [GC (Allocation Failure) [PSYoungGen: 1288782K->61079K(1292800K)] 1822454K->596199K(2023936K), 0.0305239 secs] [Times: user=0.11 sys=0.00, real=0.03 secs] 
2018-05-17T12:07:10.047-0100: 88.277: [GC (Allocation Failure) [PSYoungGen: 1261207K->61372K(1261568K)] 1796327K->597821K(1992704K), 0.0299447 secs] [Times: user=0.11 sys=0.00, real=0.03 secs] 
2018-05-17T12:07:10.247-0100: 88.477: [GC (Allocation Failure) [PSYoungGen: 1261500K->61408K(1287680K)] 1797949K->599229K(2018816K), 0.0297492 secs] [Times: user=0.12 sys=0.00, real=0.03 secs] 
2018-05-17T12:07:10.436-0100: 88.665: [GC (Allocation Failure) [PSYoungGen: 1245152K->9550K(1290752K)] 1782973K->600668K(2021888K), 0.0319827 secs] [Times: user=0.12 sys=0.00, real=0.03 secs] 
2018-05-17T12:07:10.628-0100: 88.858: [GC (Allocation Failure) [PSYoungGen: 1193294K->7483K(1285120K)] 1784412K->601793K(2016256K), 0.0111271 secs] [Times: user=0.04 sys=0.00, real=0.01 secs] 
2018-05-17T12:07:10.795-0100: 89.025: [GC (Allocation Failure) [PSYoungGen: 1193787K->5546K(1288192K)] 1788097K->602832K(2019328K), 0.0096125 secs] [Times: user=0.04 sys=0.00, real=0.01 secs] 
2018-05-17T12:07:10.961-0100: 89.190: [GC (Allocation Failure) [PSYoungGen: 1191850K->4485K(1290752K)] 1789136K->603803K(2021888K), 0.0073647 secs] [Times: user=0.02 sys=0.00, real=0.00 secs] 
2018-05-17T12:07:11.124-0100: 89.354: [GC (Allocation Failure) [PSYoungGen: 1201541K->3428K(1293312K)] 1800859K->604730K(2024448K), 0.0065868 secs] [Times: user=0.03 sys=0.00, real=0.01 secs] 
2018-05-17T12:07:11.288-0100: 89.518: [GC (Allocation Failure) [PSYoungGen: 1200484K->3583K(1295360K)] 1801786K->605813K(2026496K), 0.0062668 secs] [Times: user=0.02 sys=0.01, real=0.01 secs] 
2018-05-17T12:07:11.449-0100: 89.678: [GC (Allocation Failure) [PSYoungGen: 1212415K->3801K(1297920K)] 1814645K->606983K(2029056K), 0.0056610 secs] [Times: user=0.02 sys=0.00, real=0.01 secs] 
2018-05-17T12:07:11.611-0100: 89.840: [GC (Allocation Failure) [PSYoungGen: 1212633K->4630K(1301504K)] 1815815K->607812K(2032640K), 0.0056157 secs] [Times: user=0.02 sys=0.00, real=0.00 secs] 
2018-05-17T12:07:11.778-0100: 90.008: [GC (Allocation Failure) [PSYoungGen: 1227798K->5452K(1304576K)] 1830980K->608634K(2035712K), 0.0062655 secs] [Times: user=0.03 sys=0.00, real=0.01 secs] 
2018-05-17T12:07:12.259-0100: 90.489: [GC (Allocation Failure) [PSYoungGen: 1228620K->47708K(1309184K)] 1831802K->650898K(2040320K), 0.0228918 secs] [Times: user=0.08 sys=0.00, real=0.03 secs] 
2018-05-17T12:07:12.725-0100: 90.955: [GC (Allocation Failure) [PSYoungGen: 1279580K->55329K(1287680K)] 1882770K->658520K(2018816K), 0.0303083 secs] [Times: user=0.11 sys=0.00, real=0.03 secs] 
2018-05-17T12:07:12.972-0100: 91.202: [GC (Allocation Failure) [PSYoungGen: 1287201K->57968K(1295872K)] 1890392K->661158K(2027008K), 0.0288830 secs] [Times: user=0.11 sys=0.00, real=0.03 secs] 
2018-05-17T12:07:13.196-0100: 91.426: [GC (Allocation Failure) [PSYoungGen: 1264240K->59193K(1265664K)] 1867430K->663032K(1996800K), 0.0290958 secs] [Times: user=0.12 sys=0.00, real=0.03 secs] 
2018-05-17T12:07:13.403-0100: 91.633: [GC (Allocation Failure) [PSYoungGen: 1265465K->59447K(1289728K)] 1869304K->664613K(2020864K), 0.0298691 secs] [Times: user=0.11 sys=0.00, real=0.03 secs] 
2018-05-17T12:07:13.602-0100: 91.832: [GC (Allocation Failure) [PSYoungGen: 1248311K->8869K(1293312K)] 1853477K->666415K(2024448K), 0.0345064 secs] [Times: user=0.12 sys=0.00, real=0.03 secs] 
2018-05-17T12:07:13.804-0100: 92.034: [GC (Allocation Failure) [PSYoungGen: 1197733K->6482K(1287680K)] 1855279K->667964K(2018816K), 0.0122398 secs] [Times: user=0.04 sys=0.00, real=0.01 secs] 
2018-05-17T12:07:13.992-0100: 92.222: [GC (Allocation Failure) [PSYoungGen: 1198418K->4710K(1290752K)] 1859900K->669088K(2021888K), 0.0093724 secs] [Times: user=0.03 sys=0.00, real=0.01 secs] 
2018-05-17T12:07:14.164-0100: 92.393: [GC (Allocation Failure) [PSYoungGen: 1196646K->3281K(1292800K)] 1861024K->670187K(2023936K), 0.0078460 secs] [Times: user=0.03 sys=0.00, real=0.01 secs] 
2018-05-17T12:07:14.332-0100: 92.562: [GC (Allocation Failure) [PSYoungGen: 1206481K->3382K(1295872K)] 1873387K->671383K(2027008K), 0.0063926 secs] [Times: user=0.02 sys=0.00, real=0.00 secs] 
2018-05-17T12:07:14.498-0100: 92.728: [GC (Allocation Failure) [PSYoungGen: 1206582K->3484K(1298432K)] 1874583K->672533K(2029568K), 0.0064331 secs] [Times: user=0.02 sys=0.00, real=0.01 secs] 
2018-05-17T12:07:14.664-0100: 92.893: [GC (Allocation Failure) [PSYoungGen: 1219484K->3560K(1301504K)] 1888533K->673610K(2032640K), 0.0062811 secs] [Times: user=0.03 sys=0.00, real=0.01 secs] 
2018-05-17T12:07:14.826-0100: 93.055: [GC (Allocation Failure) [PSYoungGen: 1219560K->4524K(1304576K)] 1889610K->674573K(2035712K), 0.0054428 secs] [Times: user=0.02 sys=0.00, real=0.01 secs] 
2018-05-17T12:07:14.992-0100: 93.221: [GC (Allocation Failure) [PSYoungGen: 1234860K->5453K(1308160K)] 1904909K->675502K(2039296K), 0.0058783 secs] [Times: user=0.03 sys=0.00, real=0.00 secs] 
2018-05-17T12:07:15.152-0100: 93.382: [GC (Allocation Failure) [PSYoungGen: 1235789K->6528K(1312256K)] 1905838K->676577K(2043392K), 0.0078869 secs] [Times: user=0.03 sys=0.00, real=0.01 secs] 
2018-05-17T12:07:15.317-0100: 93.547: [GC (Allocation Failure) [PSYoungGen: 1252736K->7030K(1315840K)] 1922785K->677080K(2046976K), 0.0081449 secs] [Times: user=0.03 sys=0.00, real=0.01 secs] 
2018-05-17T12:07:16.009-0100: 94.239: [GC (Allocation Failure) [PSYoungGen: 1253238K->54305K(1312768K)] 1923288K->724363K(2043904K), 0.0298751 secs] [Times: user=0.11 sys=0.00, real=0.03 secs] 
2018-05-17T12:07:16.282-0100: 94.512: [GC (Allocation Failure) [PSYoungGen: 1301537K->57714K(1305088K)] 1971595K->727772K(2036224K), 0.0286133 secs] [Times: user=0.11 sys=0.00, real=0.03 secs] 
2018-05-17T12:07:16.516-0100: 94.745: [GC (Allocation Failure) [PSYoungGen: 1304946K->60089K(1297408K)] 1975004K->730147K(2028544K), 0.0293127 secs] [Times: user=0.11 sys=0.01, real=0.03 secs] 
2018-05-17T12:07:16.730-0100: 94.959: [GC (Allocation Failure) [PSYoungGen: 1273529K->60331K(1273856K)] 1943587K->731789K(2004992K), 0.0304117 secs] [Times: user=0.11 sys=0.00, real=0.03 secs] 
2018-05-17T12:07:16.939-0100: 95.168: [GC (Allocation Failure) [PSYoungGen: 1273771K->60613K(1290240K)] 1945229K->733423K(2021376K), 0.0311996 secs] [Times: user=0.12 sys=0.00, real=0.04 secs] 
2018-05-17T12:07:17.140-0100: 95.370: [GC (Allocation Failure) [PSYoungGen: 1252549K->11507K(1294848K)] 1925359K->735154K(2025984K), 0.0432543 secs] [Times: user=0.14 sys=0.03, real=0.04 secs] 
2018-05-17T12:07:17.184-0100: 95.413: [Full GC (Ergonomics) [PSYoungGen: 11507K->0K(1294848K)] [ParOldGen: 723646K->394942K(765440K)] 735154K->394942K(2060288K), [Metaspace: 41372K->41372K(1087488K)], 1.4408300 secs] [Times: user=3.74 sys=0.01, real=1.44 secs] 
2018-05-17T12:07:18.789-0100: 97.019: [GC (Allocation Failure) [PSYoungGen: 1191936K->3127K(1289728K)] 1586878K->398070K(2055168K), 0.0057351 secs] [Times: user=0.02 sys=0.00, real=0.01 secs] 
2018-05-17T12:07:18.958-0100: 97.188: [GC (Allocation Failure) [PSYoungGen: 1198647K->4426K(1292800K)] 1593590K->399368K(2058240K), 0.0063435 secs] [Times: user=0.02 sys=0.00, real=0.01 secs] 
2018-05-17T12:07:19.129-0100: 97.359: [GC (Allocation Failure) [PSYoungGen: 1199946K->4460K(1293312K)] 1594888K->400498K(2058752K), 0.0063737 secs] [Times: user=0.02 sys=0.00, real=0.01 secs] 
2018-05-17T12:07:19.297-0100: 97.526: [GC (Allocation Failure) [PSYoungGen: 1210732K->4534K(1296896K)] 1606770K->401605K(2062336K), 0.0066136 secs] [Times: user=0.02 sys=0.00, real=0.01 secs] 
2018-05-17T12:07:19.462-0100: 97.692: [GC (Allocation Failure) [PSYoungGen: 1210806K->4674K(1299968K)] 1607877K->402689K(2065408K), 0.0066344 secs] [Times: user=0.02 sys=0.00, real=0.00 secs] 
2018-05-17T12:07:19.631-0100: 97.860: [GC (Allocation Failure) [PSYoungGen: 1224770K->5451K(1303552K)] 1622785K->403466K(2068992K), 0.0059789 secs] [Times: user=0.03 sys=0.00, real=0.00 secs] 
2018-05-17T12:07:19.794-0100: 98.023: [GC (Allocation Failure) [PSYoungGen: 1225547K->6377K(1306624K)] 1623562K->404392K(2072064K), 0.0069442 secs] [Times: user=0.03 sys=0.00, real=0.01 secs] 
2018-05-17T12:07:19.959-0100: 98.188: [GC (Allocation Failure) [PSYoungGen: 1241321K->7194K(1310208K)] 1639336K->405209K(2075648K), 0.0073420 secs] [Times: user=0.02 sys=0.00, real=0.01 secs] 
2018-05-17T12:07:20.122-0100: 98.352: [GC (Allocation Failure) [PSYoungGen: 1242138K->7856K(1314816K)] 1640153K->405871K(2080256K), 0.0071598 secs] [Times: user=0.03 sys=0.00, real=0.01 secs] 
2018-05-17T12:07:20.604-0100: 98.834: [GC (Allocation Failure) [PSYoungGen: 1259184K->49003K(1318400K)] 1657199K->447026K(2083840K), 0.0239117 secs] [Times: user=0.09 sys=0.00, real=0.02 secs] 
2018-05-17T12:07:21.066-0100: 99.296: [GC (Allocation Failure) [PSYoungGen: 1300331K->57572K(1305600K)] 1698354K->455595K(2071040K), 0.0309235 secs] [Times: user=0.12 sys=0.00, real=0.03 secs] 
2018-05-17T12:07:21.313-0100: 99.542: [GC (Allocation Failure) [PSYoungGen: 1288420K->60270K(1291264K)] 1686443K->458292K(2056704K), 0.0299864 secs] [Times: user=0.12 sys=0.00, real=0.03 secs] 
2018-05-17T12:07:21.534-0100: 99.764: [GC (Allocation Failure) [PSYoungGen: 1291118K->61338K(1293312K)] 1689140K->460153K(2058752K), 0.0301309 secs] [Times: user=0.11 sys=0.00, real=0.03 secs] 
2018-05-17T12:07:21.746-0100: 99.975: [GC (Allocation Failure) [PSYoungGen: 1263514K->61463K(1264128K)] 1662329K->461701K(2029568K), 0.0302933 secs] [Times: user=0.11 sys=0.00, real=0.03 secs] 
2018-05-17T12:07:21.951-0100: 100.180: [GC (Allocation Failure) [PSYoungGen: 1263639K->61551K(1287680K)] 1663877K->463126K(2053120K), 0.0294035 secs] [Times: user=0.11 sys=0.00, real=0.03 secs] 
2018-05-17T12:07:22.153-0100: 100.383: [GC (Allocation Failure) [PSYoungGen: 1246319K->30115K(1214976K)] 1647894K->464548K(1980416K), 0.0321885 secs] [Times: user=0.12 sys=0.00, real=0.03 secs] 
2018-05-17T12:07:22.352-0100: 100.582: [GC (Allocation Failure) [PSYoungGen: 1214883K->9102K(1290752K)] 1649316K->465901K(2056192K), 0.0164143 secs] [Times: user=0.06 sys=0.00, real=0.01 secs] 
2018-05-17T12:07:22.528-0100: 100.758: [GC (Allocation Failure) [PSYoungGen: 1199502K->7083K(1288704K)] 1656301K->466994K(2054144K), 0.0091740 secs] [Times: user=0.03 sys=0.00, real=0.01 secs] 
2018-05-17T12:07:22.699-0100: 100.929: [GC (Allocation Failure) [PSYoungGen: 1197483K->5574K(1296896K)] 1657394K->468077K(2062336K), 0.0078529 secs] [Times: user=0.03 sys=0.00, real=0.01 secs] 
2018-05-17T12:07:22.864-0100: 101.093: [GC (Allocation Failure) [PSYoungGen: 1207238K->4603K(1295360K)] 1669741K->469090K(2060800K), 0.0076286 secs] [Times: user=0.03 sys=0.00, real=0.01 secs] 
2018-05-17T12:07:23.036-0100: 101.265: [GC (Allocation Failure) [PSYoungGen: 1206267K->4531K(1300992K)] 1670754K->469962K(2066432K), 0.0060567 secs] [Times: user=0.02 sys=0.00, real=0.01 secs] 
2018-05-17T12:07:23.198-0100: 101.427: [GC (Allocation Failure) [PSYoungGen: 1216435K->4550K(1299968K)] 1681866K->470877K(2065408K), 0.0066398 secs] [Times: user=0.03 sys=0.00, real=0.01 secs] 
2018-05-17T12:07:23.362-0100: 101.592: [GC (Allocation Failure) [PSYoungGen: 1216454K->5340K(1306112K)] 1682781K->471667K(2071552K), 0.0064928 secs] [Times: user=0.02 sys=0.00, real=0.00 secs] 
2018-05-17T12:07:23.523-0100: 101.753: [GC (Allocation Failure) [PSYoungGen: 1229532K->6202K(1305088K)] 1695859K->472529K(2070528K), 0.0059684 secs] [Times: user=0.02 sys=0.00, real=0.00 secs] 
2018-05-17T12:07:23.685-0100: 101.915: [GC (Allocation Failure) [PSYoungGen: 1230394K->7004K(1312768K)] 1696721K->473331K(2078208K), 0.0071359 secs] [Times: user=0.03 sys=0.00, real=0.01 secs] 
2018-05-17T12:07:24.375-0100: 102.604: [GC (Allocation Failure) [PSYoungGen: 1246044K->53964K(1312256K)] 1712371K->520299K(2077696K), 0.0292993 secs] [Times: user=0.11 sys=0.00, real=0.03 secs] 
2018-05-17T12:07:24.650-0100: 102.879: [GC (Allocation Failure) [PSYoungGen: 1293004K->57553K(1300992K)] 1759339K->523887K(2066432K), 0.0292626 secs] [Times: user=0.11 sys=0.00, real=0.02 secs] 
2018-05-17T12:07:24.883-0100: 103.113: [GC (Allocation Failure) [PSYoungGen: 1277137K->60019K(1280000K)] 1743471K->526354K(2045440K), 0.0290185 secs] [Times: user=0.11 sys=0.00, real=0.03 secs] 
2018-05-17T12:07:25.092-0100: 103.322: [GC (Allocation Failure) [PSYoungGen: 1279603K->60156K(1291776K)] 1745938K->527875K(2057216K), 0.0290700 secs] [Times: user=0.11 sys=0.00, real=0.03 secs] 
2018-05-17T12:07:25.299-0100: 103.529: [GC (Allocation Failure) [PSYoungGen: 1256188K->60444K(1256960K)] 1723907K->529491K(2022400K), 0.0293224 secs] [Times: user=0.11 sys=0.00, real=0.03 secs] 
2018-05-17T12:07:25.502-0100: 103.732: [GC (Allocation Failure) [PSYoungGen: 1256476K->11586K(1296384K)] 1725523K->531212K(2061824K), 0.0308976 secs] [Times: user=0.12 sys=0.00, real=0.03 secs] 
2018-05-17T12:07:25.701-0100: 103.931: [GC (Allocation Failure) [PSYoungGen: 1203522K->7747K(1200128K)] 1723148K->532460K(1965568K), 0.0123702 secs] [Times: user=0.05 sys=0.00, real=0.01 secs] 
2018-05-17T12:07:25.876-0100: 104.106: [GC (GCLocker Initiated GC) [PSYoungGen: 1199683K->5900K(1293824K)] 1724409K->533603K(2059264K), 0.0095301 secs] [Times: user=0.03 sys=0.01, real=0.01 secs] 
2018-05-17T12:07:26.046-0100: 104.276: [GC (Allocation Failure) [PSYoungGen: 1200908K->4358K(1290752K)] 1729031K->535017K(2056192K), 0.0074620 secs] [Times: user=0.02 sys=0.00, real=0.01 secs] 
2018-05-17T12:07:26.216-0100: 104.446: [GC (Allocation Failure) [PSYoungGen: 1199366K->3462K(1298944K)] 1730025K->536298K(2064384K), 0.0060743 secs] [Times: user=0.02 sys=0.00, real=0.01 secs] 
2018-05-17T12:07:26.382-0100: 104.612: [GC (Allocation Failure) [PSYoungGen: 1209734K->3544K(1295872K)] 1742570K->537460K(2061312K), 0.0055565 secs] [Times: user=0.02 sys=0.00, real=0.00 secs] 
2018-05-17T12:07:26.542-0100: 104.772: [GC (Allocation Failure) [PSYoungGen: 1209816K->4719K(1304064K)] 1743732K->538635K(2069504K), 0.0058262 secs] [Times: user=0.02 sys=0.00, real=0.00 secs] 
2018-05-17T12:07:26.704-0100: 104.933: [GC (Allocation Failure) [PSYoungGen: 1224303K->5455K(1302016K)] 1758219K->539371K(2067456K), 0.0059104 secs] [Times: user=0.02 sys=0.00, real=0.01 secs] 
2018-05-17T12:07:26.864-0100: 105.094: [GC (Allocation Failure) [PSYoungGen: 1225039K->6244K(1311744K)] 1758955K->540160K(2077184K), 0.0060293 secs] [Times: user=0.02 sys=0.00, real=0.01 secs] 
2018-05-17T12:07:27.028-0100: 105.257: [GC (Allocation Failure) [PSYoungGen: 1240676K->6965K(1309184K)] 1774592K->540881K(2074624K), 0.0075970 secs] [Times: user=0.03 sys=0.00, real=0.01 secs] 
2018-05-17T12:07:27.193-0100: 105.423: [GC (Allocation Failure) [PSYoungGen: 1241397K->7849K(1318400K)] 1775313K->541765K(2083840K), 0.0080675 secs] [Times: user=0.03 sys=0.00, real=0.01 secs] 
2018-05-17T12:07:27.934-0100: 106.164: [GC (Allocation Failure) [PSYoungGen: 1258153K->56542K(1316352K)] 1792069K->590466K(2081792K), 0.0317962 secs] [Times: user=0.12 sys=0.00, real=0.03 secs] 
2018-05-17T12:07:28.194-0100: 106.423: [GC (Allocation Failure) [PSYoungGen: 1306846K->59287K(1303552K)] 1840770K->593211K(2068992K), 0.0287509 secs] [Times: user=0.11 sys=0.00, real=0.03 secs] 
2018-05-17T12:07:28.418-0100: 106.648: [GC (Allocation Failure) [PSYoungGen: 1286039K->61185K(1288192K)] 1819963K->595109K(2053632K), 0.0296874 secs] [Times: user=0.11 sys=0.00, real=0.03 secs] 
2018-05-17T12:07:28.627-0100: 106.856: [GC (Allocation Failure) [PSYoungGen: 1287937K->61375K(1291776K)] 1821861K->596699K(2057216K), 0.0302212 secs] [Times: user=0.11 sys=0.00, real=0.03 secs] 
2018-05-17T12:07:28.832-0100: 107.062: [GC (Allocation Failure) [PSYoungGen: 1259455K->61563K(1260032K)] 1794779K->598215K(2025472K), 0.0307252 secs] [Times: user=0.12 sys=0.00, real=0.03 secs] 
2018-05-17T12:07:29.032-0100: 107.262: [GC (Allocation Failure) [PSYoungGen: 1259643K->61576K(1287168K)] 1796295K->599604K(2052608K), 0.0307377 secs] [Times: user=0.12 sys=0.00, real=0.03 secs] 
2018-05-17T12:07:29.225-0100: 107.454: [GC (Allocation Failure) [PSYoungGen: 1244296K->9326K(1290240K)] 1782324K->601076K(2055680K), 0.0331959 secs] [Times: user=0.11 sys=0.01, real=0.03 secs] 
2018-05-17T12:07:29.420-0100: 107.650: [GC (Allocation Failure) [PSYoungGen: 1192046K->7134K(1284608K)] 1783796K->602084K(2050048K), 0.0099164 secs] [Times: user=0.03 sys=0.00, real=0.01 secs] 
2018-05-17T12:07:29.592-0100: 107.821: [GC (Allocation Failure) [PSYoungGen: 1192414K->5486K(1287680K)] 1787364K->603068K(2053120K), 0.0083297 secs] [Times: user=0.04 sys=0.00, real=0.01 secs] 
2018-05-17T12:07:29.759-0100: 107.989: [GC (Allocation Failure) [PSYoungGen: 1190766K->4455K(1288704K)] 1788348K->604029K(2054144K), 0.0073345 secs] [Times: user=0.02 sys=0.00, real=0.01 secs] 
2018-05-17T12:07:29.922-0100: 108.152: [GC (Allocation Failure) [PSYoungGen: 1199975K->3572K(1292288K)] 1799549K->605081K(2057728K), 0.0070122 secs] [Times: user=0.02 sys=0.01, real=0.00 secs] 
2018-05-17T12:07:30.086-0100: 108.316: [GC (Allocation Failure) [PSYoungGen: 1199092K->3536K(1293312K)] 1800601K->606021K(2058752K), 0.0054381 secs] [Times: user=0.02 sys=0.00, real=0.01 secs] 
2018-05-17T12:07:30.246-0100: 108.475: [GC (Allocation Failure) [PSYoungGen: 1210832K->3722K(1297408K)] 1813317K->607096K(2062848K), 0.0054768 secs] [Times: user=0.02 sys=0.00, real=0.01 secs] 
2018-05-17T12:07:30.409-0100: 108.638: [GC (Allocation Failure) [PSYoungGen: 1211018K->4616K(1300480K)] 1814392K->607990K(2065920K), 0.0056565 secs] [Times: user=0.02 sys=0.01, real=0.01 secs] 
2018-05-17T12:07:30.581-0100: 108.811: [GC (Allocation Failure) [PSYoungGen: 1226248K->5552K(1304064K)] 1829622K->608926K(2069504K), 0.0064740 secs] [Times: user=0.02 sys=0.00, real=0.00 secs] 
2018-05-17T12:07:31.258-0100: 109.488: [GC (Allocation Failure) [PSYoungGen: 1227184K->51383K(1306624K)] 1830558K->654757K(2072064K), 0.0270111 secs] [Times: user=0.10 sys=0.00, real=0.03 secs] 
2018-05-17T12:07:31.548-0100: 109.777: [GC (Allocation Failure) [PSYoungGen: 1280183K->55883K(1285120K)] 1883557K->659257K(2050560K), 0.0285453 secs] [Times: user=0.10 sys=0.00, real=0.03 secs] 
2018-05-17T12:07:31.786-0100: 110.016: [GC (Allocation Failure) [PSYoungGen: 1284683K->58352K(1294336K)] 1888057K->661726K(2059776K), 0.0286040 secs] [Times: user=0.10 sys=0.00, real=0.03 secs] 
2018-05-17T12:07:32.001-0100: 110.231: [GC (Allocation Failure) [PSYoungGen: 1261552K->59358K(1262592K)] 1864926K->663380K(2028032K), 0.0368219 secs] [Times: user=0.14 sys=0.00, real=0.03 secs] 
2018-05-17T12:07:32.220-0100: 110.449: [GC (Allocation Failure) [PSYoungGen: 1262558K->59680K(1288192K)] 1866580K->665061K(2053632K), 0.0297403 secs] [Times: user=0.11 sys=0.00, real=0.02 secs] 
2018-05-17T12:07:32.418-0100: 110.648: [GC (Allocation Failure) [PSYoungGen: 1245472K->8516K(1291776K)] 1850853K->666719K(2057216K), 0.0319145 secs] [Times: user=0.12 sys=0.00, real=0.04 secs] 
2018-05-17T12:07:32.619-0100: 110.848: [GC (Allocation Failure) [PSYoungGen: 1194308K->6353K(1285120K)] 1852511K->668187K(2050560K), 0.0109319 secs] [Times: user=0.04 sys=0.00, real=0.02 secs] 
2018-05-17T12:07:32.794-0100: 111.023: [GC (Allocation Failure) [PSYoungGen: 1195217K->4701K(1288704K)] 1857051K->669392K(2054144K), 0.0092928 secs] [Times: user=0.03 sys=0.01, real=0.01 secs] 
2018-05-17T12:07:32.962-0100: 111.192: [GC (Allocation Failure) [PSYoungGen: 1193565K->3322K(1291264K)] 1858256K->670516K(2056704K), 0.0070030 secs] [Times: user=0.02 sys=0.00, real=0.00 secs] 
2018-05-17T12:07:33.138-0100: 111.367: [GC (Allocation Failure) [PSYoungGen: 1204474K->3455K(1294848K)] 1871668K->671697K(2060288K), 0.0067140 secs] [Times: user=0.03 sys=0.00, real=0.01 secs] 
2018-05-17T12:07:33.303-0100: 111.533: [GC (Allocation Failure) [PSYoungGen: 1204607K->3451K(1296896K)] 1872849K->672765K(2062336K), 0.0065342 secs] [Times: user=0.03 sys=0.00, real=0.01 secs] 
2018-05-17T12:07:33.470-0100: 111.700: [GC (Allocation Failure) [PSYoungGen: 1217403K->4490K(1300480K)] 1886717K->673804K(2065920K), 0.0065881 secs] [Times: user=0.02 sys=0.00, real=0.00 secs] 
2018-05-17T12:07:33.637-0100: 111.867: [GC (Allocation Failure) [PSYoungGen: 1218442K->5378K(1303552K)] 1887756K->674692K(2068992K), 0.0067899 secs] [Times: user=0.02 sys=0.00, real=0.01 secs] 
2018-05-17T12:07:33.804-0100: 112.033: [GC (Allocation Failure) [PSYoungGen: 1234178K->6240K(1307136K)] 1903492K->675554K(2072576K), 0.0075209 secs] [Times: user=0.03 sys=0.00, real=0.01 secs] 
2018-05-17T12:07:33.969-0100: 112.199: [GC (Allocation Failure) [PSYoungGen: 1235040K->6974K(1311744K)] 1904354K->676288K(2077184K), 0.0077511 secs] [Times: user=0.03 sys=0.00, real=0.01 secs] 
2018-05-17T12:07:34.138-0100: 112.368: [GC (Allocation Failure) [PSYoungGen: 1252158K->7787K(1315328K)] 1921472K->677101K(2080768K), 0.0084816 secs] [Times: user=0.03 sys=0.00, real=0.01 secs] 
2018-05-17T12:07:34.865-0100: 113.095: [GC (Allocation Failure) [PSYoungGen: 1252971K->55984K(1311744K)] 1922285K->725298K(2077184K), 0.0316068 secs] [Times: user=0.12 sys=0.00, real=0.03 secs] 
2018-05-17T12:07:35.125-0100: 113.354: [GC (Allocation Failure) [PSYoungGen: 1302192K->58963K(1305600K)] 1971506K->728277K(2071040K), 0.0292448 secs] [Times: user=0.11 sys=0.00, real=0.03 secs] 
2018-05-17T12:07:35.353-0100: 113.583: [GC (Allocation Failure) [PSYoungGen: 1305171K->60342K(1296384K)] 1974485K->730384K(2061824K), 0.0304000 secs] [Times: user=0.11 sys=0.00, real=0.03 secs] 
2018-05-17T12:07:35.561-0100: 113.791: [GC (Allocation Failure) [PSYoungGen: 1271734K->60442K(1272320K)] 1941776K->731868K(2037760K), 0.0299918 secs] [Times: user=0.11 sys=0.00, real=0.03 secs] 
2018-05-17T12:07:35.773-0100: 114.002: [GC (Allocation Failure) [PSYoungGen: 1271834K->60702K(1289728K)] 1943260K->733456K(2055168K), 0.0295811 secs] [Times: user=0.11 sys=0.00, real=0.03 secs] 
2018-05-17T12:07:35.973-0100: 114.203: [GC (Allocation Failure) [PSYoungGen: 1251614K->10901K(1294336K)] 1924368K->735195K(2059776K), 0.0315464 secs] [Times: user=0.12 sys=0.01, real=0.03 secs] 
2018-05-17T12:07:36.170-0100: 114.400: [GC (Allocation Failure) [PSYoungGen: 1201813K->7744K(1286656K)] 1926107K->736446K(2052096K), 0.0144818 secs] [Times: user=0.04 sys=0.01, real=0.01 secs] 
2018-05-17T12:07:36.348-0100: 114.577: [GC (Allocation Failure) [PSYoungGen: 1201728K->5871K(1291264K)] 1930430K->737477K(2056704K), 0.0111278 secs] [Times: user=0.03 sys=0.01, real=0.01 secs] 
2018-05-17T12:07:36.515-0100: 114.745: [GC (Allocation Failure) [PSYoungGen: 1199855K->4497K(1292800K)] 1931461K->738559K(2058240K), 0.0092695 secs] [Times: user=0.03 sys=0.01, real=0.01 secs] 
2018-05-17T12:07:36.683-0100: 114.912: [GC (Allocation Failure) [PSYoungGen: 1210769K->3583K(1297408K)] 1944831K->739669K(2062848K), 0.0092329 secs] [Times: user=0.03 sys=0.00, real=0.01 secs] 
2018-05-17T12:07:36.855-0100: 115.084: [GC (Allocation Failure) [PSYoungGen: 1209855K->3523K(1297920K)] 1945941K->740673K(2063360K), 0.0069597 secs] [Times: user=0.02 sys=0.00, real=0.01 secs] 
2018-05-17T12:07:37.017-0100: 115.247: [GC (Allocation Failure) [PSYoungGen: 1222083K->3562K(1303040K)] 1959233K->741656K(2068480K), 0.0060825 secs] [Times: user=0.02 sys=0.00, real=0.01 secs] 
2018-05-17T12:07:37.182-0100: 115.412: [GC (Allocation Failure) [PSYoungGen: 1222122K->4548K(1303552K)] 1960216K->742642K(2068992K), 0.0071756 secs] [Times: user=0.03 sys=0.00, real=0.00 secs] 
2018-05-17T12:07:37.348-0100: 115.578: [GC (Allocation Failure) [PSYoungGen: 1236932K->5430K(1309184K)] 1975026K->743524K(2074624K), 0.0065775 secs] [Times: user=0.03 sys=0.00, real=0.01 secs] 
2018-05-17T12:07:37.513-0100: 115.743: [GC (Allocation Failure) [PSYoungGen: 1237814K->6369K(1310720K)] 1975908K->744463K(2076160K), 0.0070609 secs] [Times: user=0.02 sys=0.00, real=0.01 secs] 
2018-05-17T12:07:38.167-0100: 116.397: [GC (Allocation Failure) [PSYoungGen: 1254113K->51809K(1316864K)] 1992207K->789911K(2082304K), 0.0274724 secs] [Times: user=0.10 sys=0.00, real=0.03 secs] 
2018-05-17T12:07:38.471-0100: 116.701: [GC (Allocation Failure) [PSYoungGen: 1299553K->56652K(1304064K)] 2037655K->794754K(2069504K), 0.0299296 secs] [Times: user=0.12 sys=0.00, real=0.03 secs] 
2018-05-17T12:07:38.702-0100: 116.931: [GC (Allocation Failure) [PSYoungGen: 1283404K->59103K(1286144K)] 2021506K->797205K(2051584K), 0.0284592 secs] [Times: user=0.11 sys=0.00, real=0.03 secs] 
2018-05-17T12:07:38.914-0100: 117.144: [GC (Allocation Failure) [PSYoungGen: 1285855K->60068K(1292800K)] 2023957K->798866K(2058240K), 0.0295297 secs] [Times: user=0.12 sys=0.01, real=0.03 secs] 
2018-05-17T12:07:39.122-0100: 117.352: [GC (Allocation Failure) [PSYoungGen: 1260196K->60356K(1260544K)] 1998994K->800482K(2025984K), 0.0313230 secs] [Times: user=0.11 sys=0.01, real=0.03 secs] 
2018-05-17T12:07:39.328-0100: 117.557: [GC (Allocation Failure) [PSYoungGen: 1260484K->12499K(1298432K)] 2000610K->802130K(2088448K), 0.0441260 secs] [Times: user=0.13 sys=0.03, real=0.05 secs] 
2018-05-17T12:07:39.372-0100: 117.602: [Full GC (Ergonomics) [PSYoungGen: 12499K->0K(1298432K)] [ParOldGen: 789631K->452183K(848896K)] 802130K->452183K(2147328K), [Metaspace: 41519K->41519K(1087488K)], 1.7344802 secs] [Times: user=4.54 sys=0.01, real=1.73 secs] 
2018-05-17T12:07:41.278-0100: 119.507: [GC (Allocation Failure) [PSYoungGen: 1195008K->3405K(1198592K)] 1647191K->455589K(2047488K), 0.0065384 secs] [Times: user=0.02 sys=0.00, real=0.01 secs] 
2018-05-17T12:07:41.448-0100: 119.678: [GC (Allocation Failure) [PSYoungGen: 1198413K->4710K(1295360K)] 1650597K->456894K(2144256K), 0.0056286 secs] [Times: user=0.02 sys=0.00, real=0.01 secs] 
2018-05-17T12:07:41.619-0100: 119.848: [GC (Allocation Failure) [PSYoungGen: 1202790K->4539K(1292288K)] 1654974K->458124K(2141184K), 0.0065021 secs] [Times: user=0.02 sys=0.00, real=0.01 secs] 
2018-05-17T12:07:41.787-0100: 120.017: [GC (Allocation Failure) [PSYoungGen: 1202619K->4643K(1299968K)] 1656204K->459276K(2148864K), 0.0058998 secs] [Times: user=0.02 sys=0.00, real=0.01 secs] 
2018-05-17T12:07:41.953-0100: 120.183: [GC (Allocation Failure) [PSYoungGen: 1214499K->5469K(1297408K)] 1669132K->460102K(2146304K), 0.0058847 secs] [Times: user=0.02 sys=0.00, real=0.00 secs] 
2018-05-17T12:07:42.120-0100: 120.350: [GC (Allocation Failure) [PSYoungGen: 1215325K->6333K(1306624K)] 1669958K->460966K(2155520K), 0.0064043 secs] [Times: user=0.02 sys=0.00, real=0.00 secs] 
2018-05-17T12:07:42.283-0100: 120.513: [GC (Allocation Failure) [PSYoungGen: 1230013K->7158K(1303552K)] 1684646K->461791K(2152448K), 0.0070585 secs] [Times: user=0.02 sys=0.00, real=0.01 secs] 
2018-05-17T12:07:42.447-0100: 120.676: [GC (Allocation Failure) [PSYoungGen: 1230838K->8004K(1313792K)] 1685471K->462637K(2162688K), 0.0083062 secs] [Times: user=0.03 sys=0.00, real=0.01 secs] 
2018-05-17T12:07:42.612-0100: 120.842: [GC (Allocation Failure) [PSYoungGen: 1247044K->8759K(1310208K)] 1701677K->463392K(2159104K), 0.0096230 secs] [Times: user=0.03 sys=0.00, real=0.01 secs] 
2018-05-17T12:07:42.785-0100: 121.015: [GC (Allocation Failure) [PSYoungGen: 1247799K->9517K(1322496K)] 1702432K->464150K(2171392K), 0.0087840 secs] [Times: user=0.03 sys=0.00, real=0.01 secs] 
2018-05-17T12:07:43.522-0100: 121.751: [GC (Allocation Failure) [PSYoungGen: 1265453K->57726K(1318912K)] 1720086K->512367K(2167808K), 0.0325396 secs] [Times: user=0.13 sys=0.00, real=0.03 secs] 
2018-05-17T12:07:43.782-0100: 122.011: [GC (Allocation Failure) [PSYoungGen: 1313662K->60742K(1304064K)] 1768303K->515383K(2152960K), 0.0299273 secs] [Times: user=0.11 sys=0.00, real=0.03 secs] 
2018-05-17T12:07:44.004-0100: 122.234: [GC (Allocation Failure) [PSYoungGen: 1290566K->62008K(1292288K)] 1745207K->517505K(2141184K), 0.0304108 secs] [Times: user=0.11 sys=0.00, real=0.03 secs] 
2018-05-17T12:07:44.221-0100: 122.451: [GC (Allocation Failure) [PSYoungGen: 1291832K->61931K(1293312K)] 1747329K->518932K(2142208K), 0.0305429 secs] [Times: user=0.12 sys=0.01, real=0.03 secs] 
2018-05-17T12:07:44.432-0100: 122.661: [GC (Allocation Failure) [PSYoungGen: 1263083K->62130K(1263616K)] 1720084K->520523K(2112512K), 0.0310061 secs] [Times: user=0.12 sys=0.00, real=0.03 secs] 
2018-05-17T12:07:44.636-0100: 122.865: [GC (Allocation Failure) [PSYoungGen: 1263282K->62146K(1287168K)] 1721675K->521883K(2136064K), 0.0303192 secs] [Times: user=0.12 sys=0.00, real=0.03 secs] 
2018-05-17T12:07:44.826-0100: 123.056: [GC (Allocation Failure) [PSYoungGen: 1245890K->11966K(1290752K)] 1705627K->523378K(2139648K), 0.0318335 secs] [Times: user=0.12 sys=0.00, real=0.03 secs] 
2018-05-17T12:07:45.017-0100: 123.246: [GC (Allocation Failure) [PSYoungGen: 1195710K->8789K(1285120K)] 1707122K->524497K(2134016K), 0.0115948 secs] [Times: user=0.04 sys=0.00, real=0.01 secs] 
2018-05-17T12:07:45.187-0100: 123.417: [GC (Allocation Failure) [PSYoungGen: 1195605K->6895K(1288192K)] 1711313K->525467K(2137088K), 0.0105543 secs] [Times: user=0.04 sys=0.00, real=0.01 secs] 
2018-05-17T12:07:45.352-0100: 123.582: [GC (Allocation Failure) [PSYoungGen: 1193711K->5473K(1289728K)] 1712283K->526413K(2138624K), 0.0078141 secs] [Times: user=0.03 sys=0.00, real=0.01 secs] 
2018-05-17T12:07:45.520-0100: 123.750: [GC (Allocation Failure) [PSYoungGen: 1203041K->4494K(1293312K)] 1723981K->527339K(2142208K), 0.0070751 secs] [Times: user=0.03 sys=0.00, real=0.00 secs] 
2018-05-17T12:07:45.682-0100: 123.911: [GC (Allocation Failure) [PSYoungGen: 1202062K->4482K(1295360K)] 1724907K->528238K(2144256K), 0.0065173 secs] [Times: user=0.02 sys=0.00, real=0.00 secs] 
2018-05-17T12:07:45.845-0100: 124.075: [GC (Allocation Failure) [PSYoungGen: 1213826K->4509K(1298944K)] 1737582K->529098K(2147840K), 0.0063790 secs] [Times: user=0.02 sys=0.00, real=0.01 secs] 
2018-05-17T12:07:46.006-0100: 124.235: [GC (Allocation Failure) [PSYoungGen: 1213853K->5424K(1299968K)] 1738442K->530013K(2148864K), 0.0057791 secs] [Times: user=0.02 sys=0.00, real=0.01 secs] 
2018-05-17T12:07:46.168-0100: 124.398: [GC (Allocation Failure) [PSYoungGen: 1227568K->6217K(1304064K)] 1752157K->530806K(2152960K), 0.0062896 secs] [Times: user=0.03 sys=0.00, real=0.01 secs] 
2018-05-17T12:07:46.807-0100: 125.037: [GC (Allocation Failure) [PSYoungGen: 1228361K->50708K(1307648K)] 1752950K->575304K(2156544K), 0.0307611 secs] [Times: user=0.11 sys=0.00, real=0.03 secs] 
2018-05-17T12:07:47.131-0100: 125.361: [GC (Allocation Failure) [PSYoungGen: 1280532K->56359K(1286656K)] 1805128K->580955K(2135552K), 0.0290329 secs] [Times: user=0.11 sys=0.01, real=0.03 secs] 
2018-05-17T12:07:47.368-0100: 125.598: [GC (Allocation Failure) [PSYoungGen: 1286183K->58893K(1294848K)] 1810779K->583489K(2143744K), 0.0283272 secs] [Times: user=0.11 sys=0.00, real=0.03 secs] 
2018-05-17T12:07:47.585-0100: 125.814: [GC (Allocation Failure) [PSYoungGen: 1263117K->59941K(1264640K)] 1787713K->585217K(2113536K), 0.0287004 secs] [Times: user=0.11 sys=0.00, real=0.03 secs] 
2018-05-17T12:07:47.792-0100: 126.021: [GC (Allocation Failure) [PSYoungGen: 1264165K->60226K(1288704K)] 1789441K->586823K(2137600K), 0.0287302 secs] [Times: user=0.11 sys=0.00, real=0.03 secs] 
2018-05-17T12:07:47.995-0100: 126.225: [GC (Allocation Failure) [PSYoungGen: 1247042K->13252K(1292288K)] 1773639K->588525K(2141184K), 0.0314582 secs] [Times: user=0.12 sys=0.00, real=0.03 secs] 
2018-05-17T12:07:48.200-0100: 126.430: [GC (Allocation Failure) [PSYoungGen: 1200068K->7840K(1287168K)] 1775341K->589849K(2136064K), 0.0141250 secs] [Times: user=0.05 sys=0.00, real=0.01 secs] 
2018-05-17T12:07:48.378-0100: 126.608: [GC (Allocation Failure) [PSYoungGen: 1198240K->5963K(1289728K)] 1780249K->591027K(2138624K), 0.0095319 secs] [Times: user=0.03 sys=0.00, real=0.01 secs] 
2018-05-17T12:07:48.548-0100: 126.777: [GC (Allocation Failure) [PSYoungGen: 1196363K->4540K(1292800K)] 1781427K->592196K(2141696K), 0.0080113 secs] [Times: user=0.03 sys=0.00, real=0.01 secs] 
2018-05-17T12:07:48.717-0100: 126.947: [GC (Allocation Failure) [PSYoungGen: 1206716K->3603K(1295360K)] 1794372K->593371K(2144256K), 0.0070303 secs] [Times: user=0.03 sys=0.00, real=0.01 secs] 
2018-05-17T12:07:48.882-0100: 127.112: [GC (Allocation Failure) [PSYoungGen: 1205779K->3566K(1297920K)] 1795547K->594406K(2146816K), 0.0063123 secs] [Times: user=0.02 sys=0.01, real=0.00 secs] 
2018-05-17T12:07:49.048-0100: 127.277: [GC (Allocation Failure) [PSYoungGen: 1218030K->4456K(1300992K)] 1808870K->595297K(2149888K), 0.0059759 secs] [Times: user=0.02 sys=0.00, real=0.01 secs] 
2018-05-17T12:07:49.210-0100: 127.439: [GC (Allocation Failure) [PSYoungGen: 1218920K->5573K(1303552K)] 1809761K->596414K(2152448K), 0.0058328 secs] [Times: user=0.03 sys=0.00, real=0.00 secs] 
2018-05-17T12:07:49.375-0100: 127.605: [GC (Allocation Failure) [PSYoungGen: 1233861K->6192K(1307136K)] 1824702K->597033K(2156032K), 0.0065738 secs] [Times: user=0.03 sys=0.00, real=0.01 secs] 
2018-05-17T12:07:49.537-0100: 127.767: [GC (Allocation Failure) [PSYoungGen: 1234480K->6981K(1311232K)] 1825321K->597822K(2160128K), 0.0070184 secs] [Times: user=0.03 sys=0.00, real=0.01 secs] 
2018-05-17T12:07:49.704-0100: 127.933: [GC (Allocation Failure) [PSYoungGen: 1251141K->7771K(1314816K)] 1841982K->598612K(2163712K), 0.0075498 secs] [Times: user=0.03 sys=0.00, real=0.01 secs] 
2018-05-17T12:07:50.409-0100: 128.639: [GC (Allocation Failure) [PSYoungGen: 1251931K->55702K(1310720K)] 1842772K->646543K(2159616K), 0.0307339 secs] [Times: user=0.11 sys=0.00, real=0.04 secs] 
2018-05-17T12:07:50.668-0100: 128.898: [GC (Allocation Failure) [PSYoungGen: 1299862K->58726K(1303040K)] 1890703K->649566K(2151936K), 0.0294220 secs] [Times: user=0.11 sys=0.00, real=0.03 secs] 
2018-05-17T12:07:50.894-0100: 129.123: [GC (Allocation Failure) [PSYoungGen: 1302886K->61047K(1296896K)] 1893726K->651888K(2145792K), 0.0297536 secs] [Times: user=0.11 sys=0.01, real=0.03 secs] 
2018-05-17T12:07:51.098-0100: 129.328: [GC (Allocation Failure) [PSYoungGen: 1272439K->61051K(1272832K)] 1863280K->653340K(2121728K), 0.0302545 secs] [Times: user=0.11 sys=0.00, real=0.03 secs] 
2018-05-17T12:07:51.306-0100: 129.536: [GC (Allocation Failure) [PSYoungGen: 1272443K->61324K(1289216K)] 1864732K->654933K(2138112K), 0.0312621 secs] [Times: user=0.12 sys=0.00, real=0.03 secs] 
2018-05-17T12:07:51.506-0100: 129.735: [GC (Allocation Failure) [PSYoungGen: 1251212K->61333K(1251328K)] 1844821K->656322K(2100224K), 0.0300820 secs] [Times: user=0.12 sys=0.00, real=0.03 secs] 
2018-05-17T12:07:51.700-0100: 129.930: [GC (Allocation Failure) [PSYoungGen: 1251221K->9547K(1292800K)] 1846210K->657827K(2141696K), 0.0326317 secs] [Times: user=0.12 sys=0.00, real=0.03 secs] 
2018-05-17T12:07:51.895-0100: 130.125: [GC (Allocation Failure) [PSYoungGen: 1194827K->7426K(1192960K)] 1843107K->658874K(2041856K), 0.0115256 secs] [Times: user=0.04 sys=0.00, real=0.01 secs] 
2018-05-17T12:07:52.066-0100: 130.296: [GC (Allocation Failure) [PSYoungGen: 1192706K->5516K(1289728K)] 1844154K->659956K(2138624K), 0.0092360 secs] [Times: user=0.03 sys=0.00, real=0.01 secs] 
2018-05-17T12:07:52.241-0100: 130.471: [GC (Allocation Failure) [PSYoungGen: 1193356K->4480K(1287168K)] 1847796K->660952K(2136064K), 0.0074584 secs] [Times: user=0.02 sys=0.00, real=0.00 secs] 
2018-05-17T12:07:52.405-0100: 130.635: [GC (Allocation Failure) [PSYoungGen: 1192320K->3443K(1295360K)] 1848792K->661907K(2144256K), 0.0063347 secs] [Times: user=0.02 sys=0.00, real=0.01 secs] 
2018-05-17T12:07:52.569-0100: 130.798: [GC (Allocation Failure) [PSYoungGen: 1203059K->3683K(1292800K)] 1861523K->663075K(2141696K), 0.0066482 secs] [Times: user=0.02 sys=0.00, real=0.01 secs] 
2018-05-17T12:07:52.729-0100: 130.958: [GC (Allocation Failure) [PSYoungGen: 1203299K->3601K(1300992K)] 1862691K->663945K(2149888K), 0.0056494 secs] [Times: user=0.02 sys=0.00, real=0.01 secs] 
2018-05-17T12:07:52.894-0100: 131.124: [GC (Allocation Failure) [PSYoungGen: 1216017K->4592K(1298432K)] 1876361K->664936K(2147328K), 0.0063035 secs] [Times: user=0.03 sys=0.00, real=0.01 secs] 
2018-05-17T12:07:53.059-0100: 131.289: [GC (Allocation Failure) [PSYoungGen: 1217008K->5503K(1307648K)] 1877352K->665847K(2156544K), 0.0076699 secs] [Times: user=0.03 sys=0.00, real=0.01 secs] 
2018-05-17T12:07:53.518-0100: 131.748: [GC (Allocation Failure) [PSYoungGen: 1225498K->50043K(1305088K)] 1885842K->710387K(2153984K), 0.0300174 secs] [Times: user=0.11 sys=0.00, real=0.03 secs] 
2018-05-17T12:07:53.988-0100: 132.218: [GC (Allocation Failure) [PSYoungGen: 1277307K->55333K(1300480K)] 1937651K->715677K(2149376K), 0.0292370 secs] [Times: user=0.12 sys=0.00, real=0.03 secs] 
2018-05-17T12:07:54.229-0100: 132.459: [GC (Allocation Failure) [PSYoungGen: 1271845K->57889K(1274880K)] 1932189K->718233K(2123776K), 0.0275928 secs] [Times: user=0.11 sys=0.00, real=0.03 secs] 
2018-05-17T12:07:54.445-0100: 132.675: [GC (Allocation Failure) [PSYoungGen: 1274401K->59251K(1291264K)] 1934745K->720251K(2140160K), 0.0284822 secs] [Times: user=0.11 sys=0.00, real=0.03 secs] 
2018-05-17T12:07:54.656-0100: 132.886: [GC (Allocation Failure) [PSYoungGen: 1254259K->59354K(1254400K)] 1915259K->721690K(2103296K), 0.0288694 secs] [Times: user=0.11 sys=0.00, real=0.03 secs] 
2018-05-17T12:07:54.858-0100: 133.087: [GC (Allocation Failure) [PSYoungGen: 1254362K->8892K(1295872K)] 1916698K->723568K(2144768K), 0.0316913 secs] [Times: user=0.12 sys=0.01, real=0.03 secs] 
2018-05-17T12:07:55.059-0100: 133.288: [GC (Allocation Failure) [PSYoungGen: 1199804K->6455K(1197568K)] 1914480K->725091K(2046464K), 0.0112354 secs] [Times: user=0.04 sys=0.00, real=0.02 secs] 
2018-05-17T12:07:55.235-0100: 133.465: [GC (Allocation Failure) [PSYoungGen: 1197367K->4705K(1293312K)] 1916003K->726254K(2142208K), 0.0091070 secs] [Times: user=0.03 sys=0.00, real=0.01 secs] 
2018-05-17T12:07:55.406-0100: 133.636: [GC (Allocation Failure) [PSYoungGen: 1198689K->3362K(1290240K)] 1920238K->727431K(2139136K), 0.0073463 secs] [Times: user=0.02 sys=0.00, real=0.01 secs] 
2018-05-17T12:07:55.576-0100: 133.806: [GC (Allocation Failure) [PSYoungGen: 1197346K->3484K(1297920K)] 1921415K->728657K(2146816K), 0.0062422 secs] [Times: user=0.03 sys=0.00, real=0.01 secs] 
2018-05-17T12:07:55.740-0100: 133.970: [GC (Allocation Failure) [PSYoungGen: 1209244K->3488K(1295360K)] 1934417K->729700K(2144256K), 0.0065727 secs] [Times: user=0.03 sys=0.00, real=0.00 secs] 
2018-05-17T12:07:55.909-0100: 134.139: [GC (Allocation Failure) [PSYoungGen: 1209248K->4595K(1304064K)] 1935460K->730807K(2152960K), 0.0060944 secs] [Times: user=0.02 sys=0.00, real=0.01 secs] 
2018-05-17T12:07:56.073-0100: 134.302: [GC (Allocation Failure) [PSYoungGen: 1224691K->5424K(1302016K)] 1950903K->731636K(2150912K), 0.0067068 secs] [Times: user=0.02 sys=0.00, real=0.00 secs] 
2018-05-17T12:07:56.236-0100: 134.466: [GC (Allocation Failure) [PSYoungGen: 1225520K->6233K(1311744K)] 1951732K->732446K(2160640K), 0.0074298 secs] [Times: user=0.02 sys=0.00, real=0.01 secs] 
2018-05-17T12:07:56.401-0100: 134.631: [GC (Allocation Failure) [PSYoungGen: 1242201K->7064K(1309696K)] 1968414K->733276K(2158592K), 0.0078855 secs] [Times: user=0.03 sys=0.00, real=0.00 secs] 
2018-05-17T12:07:56.565-0100: 134.794: [GC (Allocation Failure) [PSYoungGen: 1243032K->7948K(1319424K)] 1969244K->734161K(2168320K), 0.0079434 secs] [Times: user=0.03 sys=0.00, real=0.01 secs] 
2018-05-17T12:07:57.261-0100: 135.490: [GC (Allocation Failure) [PSYoungGen: 1260812K->54836K(1317888K)] 1987025K->781048K(2166784K), 0.0301519 secs] [Times: user=0.12 sys=0.00, real=0.03 secs] 
2018-05-17T12:07:57.538-0100: 135.768: [GC (Allocation Failure) [PSYoungGen: 1307700K->58391K(1304064K)] 2033912K->784604K(2152960K), 0.0299144 secs] [Times: user=0.11 sys=0.00, real=0.03 secs] 
2018-05-17T12:07:57.778-0100: 136.008: [GC (Allocation Failure) [PSYoungGen: 1287191K->60750K(1289728K)] 2013404K->786962K(2138624K), 0.0297838 secs] [Times: user=0.12 sys=0.00, real=0.03 secs] 
2018-05-17T12:07:57.992-0100: 136.221: [GC (Allocation Failure) [PSYoungGen: 1289550K->61638K(1292288K)] 2015762K->788594K(2141184K), 0.0310467 secs] [Times: user=0.12 sys=0.00, real=0.03 secs] 
2018-05-17T12:07:58.210-0100: 136.440: [GC (Allocation Failure) [PSYoungGen: 1261766K->61810K(1262080K)] 1988722K->790158K(2110976K), 0.0309549 secs] [Times: user=0.12 sys=0.00, real=0.03 secs] 
2018-05-17T12:07:58.414-0100: 136.644: [GC (Allocation Failure) [PSYoungGen: 1261938K->62000K(1286656K)] 1990286K->791700K(2135552K), 0.0312392 secs] [Times: user=0.12 sys=0.00, real=0.03 secs] 
2018-05-17T12:07:58.612-0100: 136.841: [GC (Allocation Failure) [PSYoungGen: 1244720K->12805K(1290240K)] 1974420K->793198K(2139136K), 0.0322234 secs] [Times: user=0.12 sys=0.00, real=0.03 secs] 
2018-05-17T12:07:58.806-0100: 137.036: [GC (Allocation Failure) [PSYoungGen: 1195525K->8882K(1283584K)] 1975918K->794282K(2132480K), 0.0125929 secs] [Times: user=0.05 sys=0.00, real=0.01 secs] 
2018-05-17T12:07:58.980-0100: 137.209: [GC (Allocation Failure) [PSYoungGen: 1194674K->6909K(1287168K)] 1980074K->795262K(2136064K), 0.0100331 secs] [Times: user=0.04 sys=0.00, real=0.01 secs] 
2018-05-17T12:07:59.150-0100: 137.379: [GC (Allocation Failure) [PSYoungGen: 1192701K->5516K(1290752K)] 1981054K->796309K(2139648K), 0.0096423 secs] [Times: user=0.04 sys=0.00, real=0.00 secs] 
2018-05-17T12:07:59.316-0100: 137.545: [GC (Allocation Failure) [PSYoungGen: 1203596K->4624K(1293824K)] 1994389K->797329K(2142720K), 0.0080108 secs] [Times: user=0.03 sys=0.00, real=0.01 secs] 
2018-05-17T12:07:59.480-0100: 137.710: [GC (Allocation Failure) [PSYoungGen: 1202704K->3604K(1296384K)] 1995409K->798189K(2145280K), 0.0071714 secs] [Times: user=0.02 sys=0.00, real=0.00 secs] 
2018-05-17T12:07:59.646-0100: 137.876: [GC (Allocation Failure) [PSYoungGen: 1213460K->3610K(1298944K)] 2008045K->799146K(2147840K), 0.0064605 secs] [Times: user=0.02 sys=0.01, real=0.01 secs] 
2018-05-17T12:07:59.815-0100: 138.044: [GC (Allocation Failure) [PSYoungGen: 1213466K->4722K(1302528K)] 2009002K->800259K(2151424K), 0.0063292 secs] [Times: user=0.03 sys=0.00, real=0.01 secs] 
2018-05-17T12:07:59.980-0100: 138.210: [GC (Allocation Failure) [PSYoungGen: 1227890K->5449K(1305088K)] 2023427K->800986K(2153984K), 0.0068020 secs] [Times: user=0.02 sys=0.00, real=0.00 secs] 
2018-05-17T12:08:00.143-0100: 138.373: [GC (Allocation Failure) [PSYoungGen: 1228617K->6382K(1309184K)] 2024154K->801918K(2158080K), 0.0071297 secs] [Times: user=0.02 sys=0.00, real=0.01 secs] 
2018-05-17T12:08:00.861-0100: 139.091: [GC (Allocation Failure) [PSYoungGen: 1244398K->55144K(1311744K)] 2039934K->850689K(2160640K), 0.0309558 secs] [Times: user=0.12 sys=0.01, real=0.03 secs] 
2018-05-17T12:08:01.110-0100: 139.339: [GC (Allocation Failure) [PSYoungGen: 1293160K->57788K(1299968K)] 2088705K->853333K(2148864K), 0.0278933 secs] [Times: user=0.11 sys=0.00, real=0.02 secs] 
2018-05-17T12:08:01.330-0100: 139.560: [GC (Allocation Failure) [PSYoungGen: 1275324K->59727K(1277440K)] 2070869K->855271K(2126336K), 0.0284476 secs] [Times: user=0.11 sys=0.00, real=0.02 secs] 
2018-05-17T12:08:01.538-0100: 139.768: [GC (Allocation Failure) [PSYoungGen: 1277263K->59907K(1290752K)] 2072807K->856764K(2139648K), 0.0299915 secs] [Times: user=0.12 sys=0.00, real=0.03 secs] 
2018-05-17T12:08:01.746-0100: 139.975: [GC (Allocation Failure) [PSYoungGen: 1253891K->60122K(1254400K)] 2050748K->858351K(2103296K), 0.0298355 secs] [Times: user=0.11 sys=0.00, real=0.03 secs] 
2018-05-17T12:08:01.942-0100: 140.172: [GC (Allocation Failure) [PSYoungGen: 1254106K->8059K(1294848K)] 2052335K->860019K(2147840K), 0.0431348 secs] [Times: user=0.13 sys=0.03, real=0.04 secs] 
2018-05-17T12:08:01.985-0100: 140.215: [Full GC (Ergonomics) [PSYoungGen: 8059K->0K(1294848K)] [ParOldGen: 851959K->453069K(880128K)] 860019K->453069K(2174976K), [Metaspace: 41677K->41677K(1087488K)], 1.7506856 secs] [Times: user=4.59 sys=0.01, real=1.75 secs] 
2018-05-17T12:08:03.895-0100: 142.125: [GC (Allocation Failure) [PSYoungGen: 1189376K->3273K(1192960K)] 1642445K->456342K(2073088K), 0.0054168 secs] [Times: user=0.02 sys=0.00, real=0.01 secs] 
2018-05-17T12:08:04.063-0100: 142.293: [GC (Allocation Failure) [PSYoungGen: 1192649K->4465K(1292800K)] 1645718K->457534K(2172928K), 0.0054765 secs] [Times: user=0.02 sys=0.00, real=0.00 secs] 
2018-05-17T12:08:04.229-0100: 142.459: [GC (Allocation Failure) [PSYoungGen: 1196913K->3446K(1289728K)] 1649982K->458732K(2169856K), 0.0071811 secs] [Times: user=0.03 sys=0.00, real=0.01 secs] 
2018-05-17T12:08:04.396-0100: 142.626: [GC (Allocation Failure) [PSYoungGen: 1195894K->3507K(1296896K)] 1651180K->459833K(2177024K), 0.0059605 secs] [Times: user=0.02 sys=0.00, real=0.01 secs] 
2018-05-17T12:08:04.558-0100: 142.788: [GC (Allocation Failure) [PSYoungGen: 1206707K->4491K(1293824K)] 1663033K->460818K(2173952K), 0.0059238 secs] [Times: user=0.02 sys=0.00, real=0.01 secs] 
2018-05-17T12:08:04.719-0100: 142.948: [GC (Allocation Failure) [PSYoungGen: 1207691K->5363K(1303040K)] 1664018K->461690K(2183168K), 0.0062530 secs] [Times: user=0.03 sys=0.00, real=0.01 secs] 
2018-05-17T12:08:04.882-0100: 143.111: [GC (Allocation Failure) [PSYoungGen: 1222899K->6278K(1299968K)] 1679226K->462604K(2180096K), 0.0065469 secs] [Times: user=0.03 sys=0.00, real=0.00 secs] 
2018-05-17T12:08:05.042-0100: 143.271: [GC (Allocation Failure) [PSYoungGen: 1223814K->7102K(1311232K)] 1680140K->463429K(2191360K), 0.0074681 secs] [Times: user=0.03 sys=0.00, real=0.00 secs] 
2018-05-17T12:08:05.205-0100: 143.434: [GC (Allocation Failure) [PSYoungGen: 1241022K->8043K(1307648K)] 1697349K->464369K(2187776K), 0.0072090 secs] [Times: user=0.02 sys=0.00, real=0.01 secs] 
2018-05-17T12:08:05.871-0100: 144.100: [GC (Allocation Failure) [PSYoungGen: 1241963K->53642K(1307648K)] 1698289K->509968K(2187776K), 0.0281988 secs] [Times: user=0.11 sys=0.00, real=0.02 secs] 
2018-05-17T12:08:06.158-0100: 144.388: [GC (Allocation Failure) [PSYoungGen: 1291658K->58111K(1296384K)] 1747984K->514437K(2176512K), 0.0298947 secs] [Times: user=0.11 sys=0.00, real=0.03 secs] 
2018-05-17T12:08:06.401-0100: 144.631: [GC (Allocation Failure) [PSYoungGen: 1296127K->60557K(1295872K)] 1752453K->516883K(2176000K), 0.0296574 secs] [Times: user=0.11 sys=0.00, real=0.03 secs] 
2018-05-17T12:08:06.613-0100: 144.843: [GC (Allocation Failure) [PSYoungGen: 1269901K->61427K(1270784K)] 1726227K->518498K(2150912K), 0.0304615 secs] [Times: user=0.12 sys=0.00, real=0.03 secs] 
2018-05-17T12:08:06.829-0100: 145.059: [GC (Allocation Failure) [PSYoungGen: 1270771K->61675K(1288192K)] 1727842K->520137K(2168320K), 0.0316768 secs] [Times: user=0.12 sys=0.00, real=0.04 secs] 
2018-05-17T12:08:07.032-0100: 145.261: [GC (Allocation Failure) [PSYoungGen: 1249515K->61713K(1249792K)] 1707977K->521511K(2129920K), 0.0304267 secs] [Times: user=0.11 sys=0.00, real=0.03 secs] 
2018-05-17T12:08:07.231-0100: 145.461: [GC (Allocation Failure) [PSYoungGen: 1249553K->13544K(1292800K)] 1709351K->523114K(2172928K), 0.0317372 secs] [Times: user=0.12 sys=0.00, real=0.03 secs] 
2018-05-17T12:08:07.428-0100: 145.657: [GC (Allocation Failure) [PSYoungGen: 1198312K->8920K(1193984K)] 1707882K->524218K(2074112K), 0.0127964 secs] [Times: user=0.05 sys=0.00, real=0.02 secs] 
2018-05-17T12:08:07.602-0100: 145.832: [GC (Allocation Failure) [PSYoungGen: 1193688K->7009K(1289216K)] 1708986K->525291K(2169344K), 0.0102620 secs] [Times: user=0.04 sys=0.00, real=0.01 secs] 
2018-05-17T12:08:07.771-0100: 146.000: [GC (Allocation Failure) [PSYoungGen: 1194337K->5485K(1286656K)] 1712619K->526247K(2166784K), 0.0086949 secs] [Times: user=0.03 sys=0.00, real=0.00 secs] 
2018-05-17T12:08:07.937-0100: 146.166: [GC (Allocation Failure) [PSYoungGen: 1192813K->4511K(1295360K)] 1713575K->527225K(2175488K), 0.0068524 secs] [Times: user=0.03 sys=0.00, real=0.01 secs] 
2018-05-17T12:08:08.106-0100: 146.335: [GC (Allocation Failure) [PSYoungGen: 1204127K->4491K(1292800K)] 1726841K->528157K(2172928K), 0.0059250 secs] [Times: user=0.02 sys=0.00, real=0.01 secs] 
2018-05-17T12:08:08.267-0100: 146.497: [GC (Allocation Failure) [PSYoungGen: 1204107K->5318K(1300992K)] 1727773K->528984K(2181120K), 0.0059780 secs] [Times: user=0.02 sys=0.00, real=0.01 secs] 
2018-05-17T12:08:08.430-0100: 146.660: [GC (Allocation Failure) [PSYoungGen: 1217734K->6280K(1298432K)] 1741400K->529946K(2178560K), 0.0074175 secs] [Times: user=0.02 sys=0.00, real=0.00 secs] 
2018-05-17T12:08:08.590-0100: 146.820: [GC (Allocation Failure) [PSYoungGen: 1218696K->6932K(1307648K)] 1742362K->530598K(2187776K), 0.0064013 secs] [Times: user=0.02 sys=0.00, real=0.00 secs] 
2018-05-17T12:08:08.753-0100: 146.982: [GC (Allocation Failure) [PSYoungGen: 1234196K->7710K(1305088K)] 1757862K->531375K(2185216K), 0.0071707 secs] [Times: user=0.02 sys=0.00, real=0.01 secs] 
2018-05-17T12:08:09.455-0100: 147.685: [GC (Allocation Failure) [PSYoungGen: 1234974K->55781K(1304576K)] 1758639K->579455K(2184704K), 0.0303490 secs] [Times: user=0.12 sys=0.00, real=0.03 secs] 
2018-05-17T12:08:09.716-0100: 147.946: [GC (Allocation Failure) [PSYoungGen: 1286629K->58790K(1289728K)] 1810303K->582464K(2169856K), 0.0290935 secs] [Times: user=0.10 sys=0.00, real=0.03 secs] 
2018-05-17T12:08:09.941-0100: 148.171: [GC (Allocation Failure) [PSYoungGen: 1289638K->60937K(1293312K)] 1813312K->584611K(2173440K), 0.0291605 secs] [Times: user=0.11 sys=0.00, real=0.03 secs] 
2018-05-17T12:08:10.150-0100: 148.379: [GC (Allocation Failure) [PSYoungGen: 1264137K->61669K(1265152K)] 1787811K->586063K(2145280K), 0.0296622 secs] [Times: user=0.11 sys=0.00, real=0.02 secs] 
2018-05-17T12:08:10.356-0100: 148.585: [GC (Allocation Failure) [PSYoungGen: 1264869K->61920K(1287168K)] 1789263K->587682K(2167296K), 0.0318493 secs] [Times: user=0.12 sys=0.00, real=0.03 secs] 
2018-05-17T12:08:10.553-0100: 148.782: [GC (Allocation Failure) [PSYoungGen: 1246688K->61973K(1247232K)] 1772450K->589047K(2127360K), 0.0302526 secs] [Times: user=0.11 sys=0.00, real=0.03 secs] 
2018-05-17T12:08:10.748-0100: 148.977: [GC (Allocation Failure) [PSYoungGen: 1246741K->12122K(1291264K)] 1773815K->590584K(2171392K), 0.0314527 secs] [Times: user=0.12 sys=0.01, real=0.03 secs] 
2018-05-17T12:08:10.938-0100: 149.167: [GC (Allocation Failure) [PSYoungGen: 1193818K->8789K(1190912K)] 1772280K->591692K(2071040K), 0.0124091 secs] [Times: user=0.04 sys=0.00, real=0.02 secs] 
2018-05-17T12:08:11.106-0100: 149.335: [GC (Allocation Failure) [PSYoungGen: 1190485K->6887K(1288192K)] 1773388K->592645K(2168320K), 0.0099368 secs] [Times: user=0.04 sys=0.00, real=0.01 secs] 
2018-05-17T12:08:11.275-0100: 149.505: [GC (Allocation Failure) [PSYoungGen: 1191143K->5498K(1285632K)] 1776901K->593656K(2165760K), 0.0087349 secs] [Times: user=0.03 sys=0.00, real=0.01 secs] 
2018-05-17T12:08:11.440-0100: 149.670: [GC (Allocation Failure) [PSYoungGen: 1189754K->4501K(1293312K)] 1777912K->594571K(2173440K), 0.0080003 secs] [Times: user=0.02 sys=0.00, real=0.00 secs] 
2018-05-17T12:08:11.603-0100: 149.832: [GC (Allocation Failure) [PSYoungGen: 1200021K->4572K(1290752K)] 1790091K->595570K(2170880K), 0.0063539 secs] [Times: user=0.02 sys=0.00, real=0.00 secs] 
2018-05-17T12:08:11.767-0100: 149.996: [GC (Allocation Failure) [PSYoungGen: 1200092K->4485K(1298944K)] 1791090K->596308K(2179072K), 0.0071407 secs] [Times: user=0.02 sys=0.00, real=0.01 secs] 
2018-05-17T12:08:11.926-0100: 150.155: [GC (Allocation Failure) [PSYoungGen: 1212805K->5488K(1296384K)] 1804628K->597310K(2176512K), 0.0063502 secs] [Times: user=0.02 sys=0.01, real=0.01 secs] 
2018-05-17T12:08:12.086-0100: 150.316: [GC (Allocation Failure) [PSYoungGen: 1213808K->6223K(1305600K)] 1805630K->598045K(2185728K), 0.0064096 secs] [Times: user=0.02 sys=0.00, real=0.01 secs] 
2018-05-17T12:08:12.395-0100: 150.624: [GC (Allocation Failure) [PSYoungGen: 1229391K->31909K(1303040K)] 1821213K->623731K(2183168K), 0.0179774 secs] [Times: user=0.07 sys=0.00, real=0.02 secs] 
2018-05-17T12:08:13.002-0100: 151.232: [GC (Allocation Failure) [PSYoungGen: 1255077K->55876K(1304576K)] 1846899K->647698K(2184704K), 0.0300652 secs] [Times: user=0.11 sys=0.00, real=0.03 secs] 
2018-05-17T12:08:13.250-0100: 151.480: [GC (Allocation Failure) [PSYoungGen: 1281604K->58556K(1284608K)] 1873426K->650378K(2164736K), 0.0289252 secs] [Times: user=0.11 sys=0.00, real=0.02 secs] 
2018-05-17T12:08:13.466-0100: 151.696: [GC (Allocation Failure) [PSYoungGen: 1284284K->59798K(1293312K)] 1876106K->652317K(2173440K), 0.0289304 secs] [Times: user=0.11 sys=0.00, real=0.03 secs] 
2018-05-17T12:08:13.672-0100: 151.902: [GC (Allocation Failure) [PSYoungGen: 1259926K->59957K(1260544K)] 1852445K->653771K(2140672K), 0.0295406 secs] [Times: user=0.11 sys=0.00, real=0.03 secs] 
2018-05-17T12:08:13.874-0100: 152.103: [GC (Allocation Failure) [PSYoungGen: 1260085K->31644K(1301504K)] 1853899K->655416K(2181632K), 0.0299922 secs] [Times: user=0.11 sys=0.00, real=0.03 secs] 
2018-05-17T12:08:14.072-0100: 152.302: [GC (Allocation Failure) [PSYoungGen: 1230236K->8030K(1206784K)] 1854008K->657000K(2086912K), 0.0191204 secs] [Times: user=0.07 sys=0.00, real=0.02 secs] 
2018-05-17T12:08:14.258-0100: 152.488: [GC (Allocation Failure) [PSYoungGen: 1206622K->6033K(1295360K)] 1855592K->658187K(2175488K), 0.0102630 secs] [Times: user=0.04 sys=0.00, real=0.01 secs] 
2018-05-17T12:08:14.427-0100: 152.657: [GC (Allocation Failure) [PSYoungGen: 1207185K->4498K(1292800K)] 1859339K->659340K(2172928K), 0.0089312 secs] [Times: user=0.04 sys=0.01, real=0.01 secs] 
2018-05-17T12:08:14.594-0100: 152.824: [GC (Allocation Failure) [PSYoungGen: 1205650K->3438K(1303552K)] 1860492K->660441K(2183680K), 0.0077291 secs] [Times: user=0.03 sys=0.00, real=0.01 secs] 
2018-05-17T12:08:14.758-0100: 152.987: [GC (Allocation Failure) [PSYoungGen: 1217902K->3533K(1301504K)] 1874905K->661583K(2181632K), 0.0060358 secs] [Times: user=0.02 sys=0.00, real=0.01 secs] 
2018-05-17T12:08:14.918-0100: 153.148: [GC (Allocation Failure) [PSYoungGen: 1217997K->4566K(1307136K)] 1876047K->662617K(2187264K), 0.0063365 secs] [Times: user=0.02 sys=0.00, real=0.01 secs] 
2018-05-17T12:08:15.077-0100: 153.307: [GC (Allocation Failure) [PSYoungGen: 1229782K->5598K(1305600K)] 1887833K->663648K(2185728K), 0.0060991 secs] [Times: user=0.02 sys=0.00, real=0.01 secs] 
2018-05-17T12:08:15.239-0100: 153.469: [GC (Allocation Failure) [PSYoungGen: 1230814K->6237K(1313792K)] 1888864K->664287K(2193920K), 0.0070458 secs] [Times: user=0.03 sys=0.00, real=0.01 secs] 
2018-05-17T12:08:15.406-0100: 153.636: [GC (Allocation Failure) [PSYoungGen: 1245277K->7070K(1312256K)] 1903327K->665120K(2192384K), 0.0084788 secs] [Times: user=0.03 sys=0.00, real=0.01 secs] 
2018-05-17T12:08:15.572-0100: 153.802: [GC (Allocation Failure) [PSYoungGen: 1246110K->7810K(1320960K)] 1904160K->665860K(2201088K), 0.0080554 secs] [Times: user=0.03 sys=0.00, real=0.01 secs] 
2018-05-17T12:08:16.248-0100: 154.477: [GC (Allocation Failure) [PSYoungGen: 1261186K->54945K(1318912K)] 1919236K->713003K(2199040K), 0.0310575 secs] [Times: user=0.12 sys=0.00, real=0.03 secs] 
2018-05-17T12:08:16.524-0100: 154.754: [GC (Allocation Failure) [PSYoungGen: 1308321K->58440K(1305088K)] 1966379K->716498K(2185216K), 0.0291131 secs] [Times: user=0.11 sys=0.00, real=0.03 secs] 
2018-05-17T12:08:16.757-0100: 154.987: [GC (Allocation Failure) [PSYoungGen: 1288264K->60871K(1290752K)] 1946322K->718929K(2170880K), 0.0317427 secs] [Times: user=0.12 sys=0.00, real=0.03 secs] 
2018-05-17T12:08:16.974-0100: 155.204: [GC (Allocation Failure) [PSYoungGen: 1290695K->61040K(1293312K)] 1948753K->720578K(2173440K), 0.0319580 secs] [Times: user=0.12 sys=0.01, real=0.03 secs] 
2018-05-17T12:08:17.189-0100: 155.418: [GC (Allocation Failure) [PSYoungGen: 1262192K->61247K(1262592K)] 1921730K->722105K(2142720K), 0.0310012 secs] [Times: user=0.11 sys=0.00, real=0.04 secs] 
2018-05-17T12:08:17.393-0100: 155.622: [GC (Allocation Failure) [PSYoungGen: 1262399K->61318K(1288704K)] 1923257K->723557K(2168832K), 0.0299112 secs] [Times: user=0.12 sys=0.00, real=0.03 secs] 
2018-05-17T12:08:17.586-0100: 155.816: [GC (Allocation Failure) [PSYoungGen: 1247110K->9914K(1291776K)] 1909349K->725161K(2171904K), 0.0324613 secs] [Times: user=0.13 sys=0.00, real=0.03 secs] 
2018-05-17T12:08:17.781-0100: 156.011: [GC (Allocation Failure) [PSYoungGen: 1195706K->7444K(1287168K)] 1910953K->726108K(2167296K), 0.0110447 secs] [Times: user=0.04 sys=0.00, real=0.01 secs] 
2018-05-17T12:08:17.952-0100: 156.181: [GC (Allocation Failure) [PSYoungGen: 1195796K->5482K(1289728K)] 1914460K->727170K(2169856K), 0.0095303 secs] [Times: user=0.04 sys=0.00, real=0.01 secs] 
2018-05-17T12:08:18.122-0100: 156.352: [GC (Allocation Failure) [PSYoungGen: 1193834K->4497K(1291776K)] 1915522K->728225K(2171904K), 0.0086858 secs] [Times: user=0.03 sys=0.00, real=0.01 secs] 
2018-05-17T12:08:18.285-0100: 156.515: [GC (Allocation Failure) [PSYoungGen: 1202577K->3472K(1293824K)] 1926305K->729207K(2173952K), 0.0074049 secs] [Times: user=0.03 sys=0.00, real=0.01 secs] 
2018-05-17T12:08:18.447-0100: 156.677: [GC (Allocation Failure) [PSYoungGen: 1201552K->3723K(1295872K)] 1927287K->730411K(2176000K), 0.0056141 secs] [Times: user=0.02 sys=0.01, real=0.01 secs] 
2018-05-17T12:08:18.605-0100: 156.835: [GC (Allocation Failure) [PSYoungGen: 1213067K->4521K(1298432K)] 1939755K->731209K(2178560K), 0.0064571 secs] [Times: user=0.02 sys=0.00, real=0.01 secs] 
2018-05-17T12:08:18.768-0100: 156.997: [GC (Allocation Failure) [PSYoungGen: 1213865K->5520K(1301504K)] 1940553K->732208K(2181632K), 0.0071539 secs] [Times: user=0.03 sys=0.00, real=0.01 secs] 
2018-05-17T12:08:18.934-0100: 157.163: [GC (Allocation Failure) [PSYoungGen: 1228688K->6247K(1304576K)] 1955376K->732935K(2184704K), 0.0079099 secs] [Times: user=0.02 sys=0.00, real=0.01 secs] 
2018-05-17T12:08:19.160-0100: 157.390: [GC (Allocation Failure) [PSYoungGen: 1229415K->11750K(1307136K)] 1956103K->738438K(2187264K), 0.0094217 secs] [Times: user=0.04 sys=0.00, real=0.00 secs] 
2018-05-17T12:08:19.845-0100: 158.075: [GC (Allocation Failure) [PSYoungGen: 1250790K->55852K(1311232K)] 1977478K->782540K(2191360K), 0.0305354 secs] [Times: user=0.12 sys=0.00, real=0.03 secs] 
2018-05-17T12:08:20.095-0100: 158.325: [GC (Allocation Failure) [PSYoungGen: 1294892K->58605K(1300480K)] 2021580K->785293K(2180608K), 0.0286875 secs] [Times: user=0.11 sys=0.00, real=0.03 secs] 
2018-05-17T12:08:20.315-0100: 158.544: [GC (Allocation Failure) [PSYoungGen: 1278189K->60418K(1280512K)] 2004877K->787105K(2160640K), 0.0294091 secs] [Times: user=0.11 sys=0.00, real=0.03 secs] 
2018-05-17T12:08:20.528-0100: 158.757: [GC (Allocation Failure) [PSYoungGen: 1280002K->60635K(1290752K)] 2006689K->788651K(2170880K), 0.0299676 secs] [Times: user=0.12 sys=0.00, real=0.03 secs] 
2018-05-17T12:08:20.735-0100: 158.965: [GC (Allocation Failure) [PSYoungGen: 1255643K->60874K(1255936K)] 1983659K->790233K(2136064K), 0.0313130 secs] [Times: user=0.11 sys=0.00, real=0.03 secs] 
2018-05-17T12:08:20.934-0100: 159.164: [GC (Allocation Failure) [PSYoungGen: 1255882K->10565K(1295360K)] 1985241K->791901K(2175488K), 0.0331144 secs] [Times: user=0.13 sys=0.00, real=0.03 secs] 
2018-05-17T12:08:21.130-0100: 159.360: [GC (Allocation Failure) [PSYoungGen: 1200965K->7600K(1198080K)] 1982301K->792984K(2078208K), 0.0126074 secs] [Times: user=0.04 sys=0.00, real=0.01 secs] 
2018-05-17T12:08:21.309-0100: 159.539: [GC (Allocation Failure) [PSYoungGen: 1198000K->5856K(1292800K)] 1983384K->794111K(2172928K), 0.0096169 secs] [Times: user=0.04 sys=0.00, real=0.01 secs] 
2018-05-17T12:08:21.479-0100: 159.708: [GC (Allocation Failure) [PSYoungGen: 1199328K->4537K(1289728K)] 1987583K->795209K(2169856K), 0.0079881 secs] [Times: user=0.03 sys=0.00, real=0.01 secs] 
2018-05-17T12:08:21.649-0100: 159.879: [GC (Allocation Failure) [PSYoungGen: 1198009K->3477K(1298432K)] 1988681K->796181K(2178560K), 0.0075504 secs] [Times: user=0.02 sys=0.00, real=0.01 secs] 
2018-05-17T12:08:21.813-0100: 160.042: [GC (Allocation Failure) [PSYoungGen: 1208725K->3500K(1295360K)] 2001429K->797212K(2175488K), 0.0064666 secs] [Times: user=0.02 sys=0.00, real=0.00 secs] 
2018-05-17T12:08:21.974-0100: 160.203: [GC (Allocation Failure) [PSYoungGen: 1208748K->4586K(1304064K)] 2002460K->798298K(2184192K), 0.0069322 secs] [Times: user=0.02 sys=0.00, real=0.01 secs] 
2018-05-17T12:08:22.143-0100: 160.373: [GC (Allocation Failure) [PSYoungGen: 1222634K->5344K(1300992K)] 2016346K->799056K(2181120K), 0.0067384 secs] [Times: user=0.03 sys=0.00, real=0.01 secs] 
2018-05-17T12:08:22.305-0100: 160.534: [GC (Allocation Failure) [PSYoungGen: 1223392K->6321K(1310720K)] 2017104K->800033K(2190848K), 0.0078860 secs] [Times: user=0.03 sys=0.00, real=0.01 secs] 
2018-05-17T12:08:22.466-0100: 160.696: [GC (Allocation Failure) [PSYoungGen: 1239217K->7036K(1307648K)] 2032929K->800747K(2187776K), 0.0077213 secs] [Times: user=0.02 sys=0.00, real=0.01 secs] 
2018-05-17T12:08:23.137-0100: 161.367: [GC (Allocation Failure) [PSYoungGen: 1239932K->53229K(1307648K)] 2033643K->846948K(2187776K), 0.0303765 secs] [Times: user=0.12 sys=0.00, real=0.03 secs] 
2018-05-17T12:08:23.441-0100: 161.671: [GC (Allocation Failure) [PSYoungGen: 1290221K->57512K(1294848K)] 2083940K->851231K(2174976K), 0.0300784 secs] [Times: user=0.12 sys=0.00, real=0.03 secs] 
2018-05-17T12:08:23.682-0100: 161.911: [GC (Allocation Failure) [PSYoungGen: 1294504K->59921K(1296384K)] 2088223K->853640K(2176512K), 0.0292758 secs] [Times: user=0.11 sys=0.00, real=0.03 secs] 
2018-05-17T12:08:23.895-0100: 162.124: [GC (Allocation Failure) [PSYoungGen: 1269265K->60789K(1270272K)] 2062984K->855237K(2150400K), 0.0302957 secs] [Times: user=0.11 sys=0.00, real=0.03 secs] 
2018-05-17T12:08:24.106-0100: 162.336: [GC (Allocation Failure) [PSYoungGen: 1270133K->61023K(1289216K)] 2064581K->856799K(2169344K), 0.0313805 secs] [Times: user=0.12 sys=0.00, real=0.03 secs] 
2018-05-17T12:08:24.312-0100: 162.542: [GC (Allocation Failure) [PSYoungGen: 1249887K->61052K(1250304K)] 2045663K->858180K(2130432K), 0.0300934 secs] [Times: user=0.11 sys=0.00, real=0.03 secs] 
2018-05-17T12:08:24.507-0100: 162.737: [GC (Allocation Failure) [PSYoungGen: 1249916K->9945K(1292800K)] 2047044K->859866K(2172928K), 0.0324218 secs] [Times: user=0.12 sys=0.00, real=0.04 secs] 
2018-05-17T12:08:24.540-0100: 162.770: [Full GC (Ergonomics) [PSYoungGen: 9945K->0K(1292800K)] [ParOldGen: 849921K->453658K(912384K)] 859866K->453658K(2205184K), [Metaspace: 41790K->41790K(1087488K)], 1.7269131 secs] [Times: user=4.58 sys=0.00, real=1.72 secs] 
2018-05-17T12:08:26.425-0100: 164.654: [GC (Allocation Failure) [PSYoungGen: 1185280K->3291K(1188864K)] 1638938K->456949K(2101248K), 0.0050800 secs] [Times: user=0.02 sys=0.00, real=0.01 secs] 
2018-05-17T12:08:26.590-0100: 164.820: [GC (Allocation Failure) [PSYoungGen: 1188571K->4575K(1290752K)] 1642229K->458234K(2203136K), 0.0061701 secs] [Times: user=0.02 sys=0.00, real=0.00 secs] 
2018-05-17T12:08:26.750-0100: 164.980: [GC (Allocation Failure) [PSYoungGen: 1192378K->4530K(1288192K)] 1646036K->459228K(2200576K), 0.0065844 secs] [Times: user=0.02 sys=0.00, real=0.00 secs] 
2018-05-17T12:08:26.912-0100: 165.142: [GC (Allocation Failure) [PSYoungGen: 1192370K->4485K(1294336K)] 1647068K->460143K(2206720K), 0.0063608 secs] [Times: user=0.02 sys=0.00, real=0.00 secs] 
2018-05-17T12:08:27.074-0100: 165.303: [GC (Allocation Failure) [PSYoungGen: 1202053K->5478K(1291264K)] 1657711K->461136K(2203648K), 0.0065475 secs] [Times: user=0.02 sys=0.00, real=0.01 secs] 
2018-05-17T12:08:27.233-0100: 165.463: [GC (Allocation Failure) [PSYoungGen: 1203046K->6354K(1299968K)] 1658704K->462012K(2212352K), 0.0066463 secs] [Times: user=0.02 sys=0.00, real=0.01 secs] 
2018-05-17T12:08:27.394-0100: 165.624: [GC (Allocation Failure) [PSYoungGen: 1217746K->7034K(1296896K)] 1673404K->462693K(2209280K), 0.0074305 secs] [Times: user=0.02 sys=0.00, real=0.01 secs] 
2018-05-17T12:08:27.556-0100: 165.786: [GC (Allocation Failure) [PSYoungGen: 1218426K->7796K(1308160K)] 1674085K->463454K(2220544K), 0.0080212 secs] [Times: user=0.03 sys=0.00, real=0.01 secs] 
2018-05-17T12:08:27.716-0100: 165.946: [GC (Allocation Failure) [PSYoungGen: 1235572K->8579K(1304576K)] 1691230K->464237K(2216960K), 0.0079241 secs] [Times: user=0.03 sys=0.00, real=0.01 secs] 
2018-05-17T12:08:28.450-0100: 166.679: [GC (Allocation Failure) [PSYoungGen: 1236355K->56760K(1304064K)] 1692013K->512426K(2216448K), 0.0316442 secs] [Times: user=0.12 sys=0.00, real=0.03 secs] 
2018-05-17T12:08:28.709-0100: 166.938: [GC (Allocation Failure) [PSYoungGen: 1288120K->59713K(1291264K)] 1743786K->515379K(2203648K), 0.0302634 secs] [Times: user=0.12 sys=0.00, real=0.03 secs] 
2018-05-17T12:08:28.936-0100: 167.165: [GC (Allocation Failure) [PSYoungGen: 1291073K->61739K(1293312K)] 1746739K->517406K(2205696K), 0.0298914 secs] [Times: user=0.12 sys=0.00, real=0.03 secs] 
2018-05-17T12:08:29.143-0100: 167.372: [GC (Allocation Failure) [PSYoungGen: 1264939K->61691K(1265152K)] 1720606K->518853K(2177536K), 0.0311589 secs] [Times: user=0.11 sys=0.00, real=0.03 secs] 
2018-05-17T12:08:29.354-0100: 167.584: [GC (Allocation Failure) [PSYoungGen: 1264891K->61921K(1286656K)] 1722053K->520435K(2199040K), 0.0305649 secs] [Times: user=0.12 sys=0.01, real=0.03 secs] 
2018-05-17T12:08:29.553-0100: 167.783: [GC (Allocation Failure) [PSYoungGen: 1245665K->61993K(1246208K)] 1704179K->521835K(2158592K), 0.0302481 secs] [Times: user=0.11 sys=0.00, real=0.03 secs] 
2018-05-17T12:08:29.748-0100: 167.978: [GC (Allocation Failure) [PSYoungGen: 1245737K->12004K(1290752K)] 1705579K->523438K(2203136K), 0.0322426 secs] [Times: user=0.12 sys=0.00, real=0.04 secs] 
2018-05-17T12:08:29.942-0100: 168.171: [GC (Allocation Failure) [PSYoungGen: 1193188K->8769K(1190400K)] 1704622K->524556K(2102784K), 0.0117422 secs] [Times: user=0.05 sys=0.00, real=0.01 secs] 
2018-05-17T12:08:30.114-0100: 168.344: [GC (Allocation Failure) [PSYoungGen: 1189867K->6902K(1287680K)] 1705654K->525545K(2200064K), 0.0098468 secs] [Times: user=0.04 sys=0.00, real=0.01 secs] 
2018-05-17T12:08:30.286-0100: 168.516: [GC (Allocation Failure) [PSYoungGen: 1190646K->5436K(1285120K)] 1709289K->526455K(2197504K), 0.0086034 secs] [Times: user=0.03 sys=0.00, real=0.01 secs] 
2018-05-17T12:08:30.450-0100: 168.680: [GC (Allocation Failure) [PSYoungGen: 1189180K->4439K(1293312K)] 1710199K->527354K(2205696K), 0.0068567 secs] [Times: user=0.03 sys=0.00, real=0.00 secs] 
2018-05-17T12:08:30.612-0100: 168.842: [GC (Allocation Failure) [PSYoungGen: 1199959K->4522K(1290752K)] 1722874K->528356K(2203136K), 0.0056110 secs] [Times: user=0.03 sys=0.00, real=0.00 secs] 
2018-05-17T12:08:30.770-0100: 169.000: [GC (Allocation Failure) [PSYoungGen: 1200042K->5320K(1298432K)] 1723876K->529155K(2210816K), 0.0060094 secs] [Times: user=0.02 sys=0.00, real=0.00 secs] 
2018-05-17T12:08:30.931-0100: 169.161: [GC (Allocation Failure) [PSYoungGen: 1214152K->6242K(1296384K)] 1737987K->530076K(2208768K), 0.0058861 secs] [Times: user=0.02 sys=0.00, real=0.00 secs] 
2018-05-17T12:08:31.088-0100: 169.318: [GC (Allocation Failure) [PSYoungGen: 1215074K->6938K(1306112K)] 1738908K->530773K(2218496K), 0.0082217 secs] [Times: user=0.03 sys=0.00, real=0.01 secs] 
2018-05-17T12:08:31.616-0100: 169.846: [GC (Allocation Failure) [PSYoungGen: 1231642K->52666K(1304064K)] 1755477K->576501K(2216448K), 0.0247027 secs] [Times: user=0.10 sys=0.00, real=0.03 secs] 
2018-05-17T12:08:32.038-0100: 170.268: [GC (Allocation Failure) [PSYoungGen: 1277370K->56800K(1298432K)] 1801205K->580635K(2210816K), 0.0294621 secs] [Times: user=0.11 sys=0.00, real=0.03 secs] 
2018-05-17T12:08:32.274-0100: 170.503: [GC (Allocation Failure) [PSYoungGen: 1269216K->59464K(1272320K)] 1793051K->583299K(2184704K), 0.0289984 secs] [Times: user=0.11 sys=0.00, real=0.03 secs] 
2018-05-17T12:08:32.491-0100: 170.720: [GC (Allocation Failure) [PSYoungGen: 1271880K->60518K(1289216K)] 1795715K->585056K(2201600K), 0.0287601 secs] [Times: user=0.11 sys=0.00, real=0.02 secs] 
2018-05-17T12:08:32.701-0100: 170.931: [GC (Allocation Failure) [PSYoungGen: 1251430K->60645K(1251840K)] 1775968K->586512K(2164224K), 0.0296258 secs] [Times: user=0.11 sys=0.00, real=0.03 secs] 
2018-05-17T12:08:32.906-0100: 171.136: [GC (Allocation Failure) [PSYoungGen: 1251557K->60735K(1286656K)] 1777424K->587930K(2199040K), 0.0295681 secs] [Times: user=0.11 sys=0.00, real=0.03 secs] 
2018-05-17T12:08:33.106-0100: 171.336: [GC (Allocation Failure) [PSYoungGen: 1240383K->10219K(1189888K)] 1767578K->589715K(2102272K), 0.0318604 secs] [Times: user=0.12 sys=0.00, real=0.03 secs] 
2018-05-17T12:08:33.301-0100: 171.530: [GC (Allocation Failure) [PSYoungGen: 1189867K->7582K(1290752K)] 1769363K->590910K(2203136K), 0.0108449 secs] [Times: user=0.04 sys=0.00, real=0.01 secs] 
2018-05-17T12:08:33.470-0100: 171.700: [GC (Allocation Failure) [PSYoungGen: 1191838K->5814K(1288192K)] 1775166K->591974K(2200576K), 0.0087110 secs] [Times: user=0.03 sys=0.00, real=0.00 secs] 
2018-05-17T12:08:33.638-0100: 171.868: [GC (Allocation Failure) [PSYoungGen: 1190070K->4479K(1290752K)] 1776230K->593023K(2203136K), 0.0071390 secs] [Times: user=0.02 sys=0.00, real=0.01 secs] 
2018-05-17T12:08:33.803-0100: 172.033: [GC (Allocation Failure) [PSYoungGen: 1194879K->4492K(1288704K)] 1783423K->594029K(2201088K), 0.0062055 secs] [Times: user=0.02 sys=0.00, real=0.00 secs] 
2018-05-17T12:08:33.967-0100: 172.197: [GC (Allocation Failure) [PSYoungGen: 1194892K->4532K(1295872K)] 1784429K->595012K(2208256K), 0.0071277 secs] [Times: user=0.03 sys=0.00, real=0.01 secs] 
2018-05-17T12:08:34.129-0100: 172.359: [GC (Allocation Failure) [PSYoungGen: 1207220K->5344K(1294336K)] 1797700K->595824K(2206720K), 0.0067650 secs] [Times: user=0.02 sys=0.00, real=0.01 secs] 
2018-05-17T12:08:34.290-0100: 172.520: [GC (Allocation Failure) [PSYoungGen: 1208032K->6223K(1302016K)] 1798512K->596703K(2214400K), 0.0064873 secs] [Times: user=0.03 sys=0.00, real=0.00 secs] 
2018-05-17T12:08:34.455-0100: 172.685: [GC (Allocation Failure) [PSYoungGen: 1223247K->6986K(1300480K)] 1813727K->597466K(2212864K), 0.0070312 secs] [Times: user=0.03 sys=0.00, real=0.01 secs] 
2018-05-17T12:08:34.618-0100: 172.848: [GC (Allocation Failure) [PSYoungGen: 1224010K->7719K(1309696K)] 1814490K->598199K(2222080K), 0.0075330 secs] [Times: user=0.03 sys=0.00, real=0.01 secs] 
2018-05-17T12:08:35.284-0100: 173.514: [GC (Allocation Failure) [PSYoungGen: 1241639K->53928K(1308672K)] 1832119K->644408K(2221056K), 0.0291971 secs] [Times: user=0.11 sys=0.00, real=0.03 secs] 
2018-05-17T12:08:35.567-0100: 173.797: [GC (Allocation Failure) [PSYoungGen: 1287848K->58161K(1299456K)] 1878328K->648641K(2211840K), 0.0299593 secs] [Times: user=0.11 sys=0.00, real=0.03 secs] 
2018-05-17T12:08:35.803-0100: 174.032: [GC (Allocation Failure) [PSYoungGen: 1274673K->60559K(1277440K)] 1865153K->651039K(2189824K), 0.0294324 secs] [Times: user=0.11 sys=0.00, real=0.03 secs] 
2018-05-17T12:08:36.014-0100: 174.244: [GC (Allocation Failure) [PSYoungGen: 1277071K->61486K(1290240K)] 1867551K->652710K(2202624K), 0.0307569 secs] [Times: user=0.12 sys=0.00, real=0.03 secs] 
2018-05-17T12:08:36.225-0100: 174.455: [GC (Allocation Failure) [PSYoungGen: 1254446K->61632K(1254912K)] 1845670K->654233K(2167296K), 0.0303637 secs] [Times: user=0.12 sys=0.00, real=0.03 secs] 
2018-05-17T12:08:36.429-0100: 174.658: [GC (Allocation Failure) [PSYoungGen: 1254592K->61722K(1285120K)] 1847193K->655650K(2197504K), 0.0306043 secs] [Times: user=0.12 sys=0.01, real=0.03 secs] 
2018-05-17T12:08:36.623-0100: 174.852: [GC (Allocation Failure) [PSYoungGen: 1240346K->13309K(1288192K)] 1834274K->657251K(2200576K), 0.0314574 secs] [Times: user=0.12 sys=0.00, real=0.03 secs] 
2018-05-17T12:08:36.815-0100: 175.045: [GC (Allocation Failure) [PSYoungGen: 1191933K->8931K(1283072K)] 1835875K->658392K(2195456K), 0.0133665 secs] [Times: user=0.05 sys=0.00, real=0.01 secs] 
2018-05-17T12:08:36.991-0100: 175.221: [GC (Allocation Failure) [PSYoungGen: 1190611K->7075K(1285632K)] 1840073K->659505K(2198016K), 0.0099280 secs] [Times: user=0.04 sys=0.00, real=0.01 secs] 
2018-05-17T12:08:37.158-0100: 175.388: [GC (Allocation Failure) [PSYoungGen: 1188771K->5477K(1288192K)] 1841201K->660379K(2200576K), 0.0084709 secs] [Times: user=0.04 sys=0.00, real=0.01 secs] 
2018-05-17T12:08:37.325-0100: 175.554: [GC (Allocation Failure) [PSYoungGen: 1198437K->4501K(1290752K)] 1853339K->661347K(2203136K), 0.0074490 secs] [Times: user=0.03 sys=0.00, real=0.01 secs] 
2018-05-17T12:08:37.490-0100: 175.720: [GC (Allocation Failure) [PSYoungGen: 1197461K->4465K(1293312K)] 1854307K->662270K(2205696K), 0.0064317 secs] [Times: user=0.02 sys=0.00, real=0.00 secs] 
2018-05-17T12:08:37.654-0100: 175.883: [GC (Allocation Failure) [PSYoungGen: 1209713K->4554K(1296384K)] 1867518K->663191K(2208768K), 0.0062519 secs] [Times: user=0.02 sys=0.00, real=0.01 secs] 
2018-05-17T12:08:37.816-0100: 176.046: [GC (Allocation Failure) [PSYoungGen: 1209802K->5376K(1298944K)] 1868439K->664014K(2211328K), 0.0066002 secs] [Times: user=0.03 sys=0.00, real=0.01 secs] 
2018-05-17T12:08:37.984-0100: 176.214: [GC (Allocation Failure) [PSYoungGen: 1224448K->6170K(1302528K)] 1883086K->664808K(2214912K), 0.0070484 secs] [Times: user=0.03 sys=0.00, real=0.01 secs] 
2018-05-17T12:08:38.152-0100: 176.382: [GC (Allocation Failure) [PSYoungGen: 1225242K->7053K(1306624K)] 1883880K->665690K(2219008K), 0.0082931 secs] [Times: user=0.02 sys=0.00, real=0.01 secs] 
2018-05-17T12:08:38.852-0100: 177.082: [GC (Allocation Failure) [PSYoungGen: 1241997K->55099K(1310208K)] 1900634K->713736K(2222592K), 0.0306814 secs] [Times: user=0.12 sys=0.00, real=0.03 secs] 
2018-05-17T12:08:39.112-0100: 177.342: [GC (Allocation Failure) [PSYoungGen: 1290043K->58071K(1298944K)] 1948680K->716708K(2211328K), 0.0279693 secs] [Times: user=0.11 sys=0.00, real=0.03 secs] 
2018-05-17T12:08:39.337-0100: 177.567: [GC (Allocation Failure) [PSYoungGen: 1273559K->60221K(1275904K)] 1932196K->718858K(2188288K), 0.0297452 secs] [Times: user=0.11 sys=0.00, real=0.03 secs] 
2018-05-17T12:08:39.541-0100: 177.771: [GC (Allocation Failure) [PSYoungGen: 1275709K->60922K(1289728K)] 1934346K->720264K(2202112K), 0.0295336 secs] [Times: user=0.11 sys=0.00, real=0.03 secs] 
2018-05-17T12:08:39.746-0100: 177.975: [GC (Allocation Failure) [PSYoungGen: 1252858K->61375K(1253376K)] 1912200K->722036K(2165760K), 0.0304965 secs] [Times: user=0.11 sys=0.00, real=0.03 secs] 
2018-05-17T12:08:39.944-0100: 178.174: [GC (Allocation Failure) [PSYoungGen: 1253311K->61438K(1285632K)] 1913972K->723456K(2198016K), 0.0298216 secs] [Times: user=0.12 sys=0.00, real=0.03 secs] 
2018-05-17T12:08:40.138-0100: 178.368: [GC (Allocation Failure) [PSYoungGen: 1240062K->9414K(1288192K)] 1902080K->724834K(2200576K), 0.0314607 secs] [Times: user=0.12 sys=0.00, real=0.04 secs] 
2018-05-17T12:08:40.332-0100: 178.561: [GC (Allocation Failure) [PSYoungGen: 1188038K->7445K(1283072K)] 1903458K->725952K(2195456K), 0.0108568 secs] [Times: user=0.04 sys=0.00, real=0.01 secs] 
2018-05-17T12:08:40.506-0100: 178.735: [GC (Allocation Failure) [PSYoungGen: 1188629K->5445K(1285632K)] 1907136K->726905K(2198016K), 0.0089627 secs] [Times: user=0.03 sys=0.00, real=0.01 secs] 
2018-05-17T12:08:40.674-0100: 178.903: [GC (Allocation Failure) [PSYoungGen: 1186629K->4458K(1288704K)] 1908089K->727934K(2201088K), 0.0079912 secs] [Times: user=0.03 sys=0.00, real=0.01 secs] 
2018-05-17T12:08:40.835-0100: 179.065: [GC (Allocation Failure) [PSYoungGen: 1196394K->3435K(1290752K)] 1919870K->728903K(2203136K), 0.0073750 secs] [Times: user=0.03 sys=0.00, real=0.01 secs] 
2018-05-17T12:08:40.994-0100: 179.224: [GC (Allocation Failure) [PSYoungGen: 1195371K->3567K(1293312K)] 1920839K->729962K(2205696K), 0.0060708 secs] [Times: user=0.02 sys=0.00, real=0.01 secs] 
2018-05-17T12:08:41.152-0100: 179.382: [GC (Allocation Failure) [PSYoungGen: 1207279K->4625K(1295360K)] 1933674K->731021K(2207744K), 0.0061759 secs] [Times: user=0.03 sys=0.00, real=0.00 secs] 
2018-05-17T12:08:41.311-0100: 179.541: [GC (Allocation Failure) [PSYoungGen: 1208337K->5414K(1298432K)] 1934733K->731810K(2210816K), 0.0065803 secs] [Times: user=0.02 sys=0.00, real=0.00 secs] 
2018-05-17T12:08:41.473-0100: 179.703: [GC (Allocation Failure) [PSYoungGen: 1223462K->6217K(1301504K)] 1949858K->732613K(2213888K), 0.0074047 secs] [Times: user=0.02 sys=0.00, real=0.01 secs] 
2018-05-17T12:08:41.930-0100: 180.159: [GC (Allocation Failure) [PSYoungGen: 1212475K->50752K(1306112K)] 1938871K->777147K(2218496K), 0.0298527 secs] [Times: user=0.12 sys=0.00, real=0.03 secs] 
2018-05-17T12:08:42.406-0100: 180.636: [GC (Allocation Failure) [PSYoungGen: 1277504K->56000K(1283072K)] 2003899K->782396K(2195456K), 0.0305883 secs] [Times: user=0.12 sys=0.00, real=0.03 secs] 
2018-05-17T12:08:42.647-0100: 180.876: [GC (Allocation Failure) [PSYoungGen: 1282752K->58652K(1294336K)] 2009148K->785048K(2206720K), 0.0288786 secs] [Times: user=0.11 sys=0.00, real=0.03 secs] 
2018-05-17T12:08:42.863-0100: 181.093: [GC (Allocation Failure) [PSYoungGen: 1260828K->59782K(1262080K)] 1987224K->786866K(2174464K), 0.0291978 secs] [Times: user=0.11 sys=0.00, real=0.03 secs] 
2018-05-17T12:08:43.072-0100: 181.301: [GC (Allocation Failure) [PSYoungGen: 1261958K->60006K(1287680K)] 1989042K->788402K(2200064K), 0.0337048 secs] [Times: user=0.12 sys=0.00, real=0.03 secs] 
2018-05-17T12:08:43.281-0100: 181.510: [GC (Allocation Failure) [PSYoungGen: 1244774K->29103K(1213952K)] 1973170K->789893K(2126336K), 0.0324553 secs] [Times: user=0.12 sys=0.00, real=0.03 secs] 
2018-05-17T12:08:43.478-0100: 181.708: [GC (Allocation Failure) [PSYoungGen: 1213871K->7957K(1290240K)] 1974661K->791548K(2202624K), 0.0170775 secs] [Times: user=0.06 sys=0.00, real=0.02 secs] 
2018-05-17T12:08:43.659-0100: 181.889: [GC (Allocation Failure) [PSYoungGen: 1198357K->6045K(1288192K)] 1981948K->792780K(2200576K), 0.0098164 secs] [Times: user=0.04 sys=0.00, real=0.01 secs] 
2018-05-17T12:08:43.832-0100: 182.061: [GC (Allocation Failure) [PSYoungGen: 1196445K->4468K(1297408K)] 1983180K->793867K(2209792K), 0.0116023 secs] [Times: user=0.03 sys=0.00, real=0.01 secs] 
2018-05-17T12:08:44.007-0100: 182.237: [GC (Allocation Failure) [PSYoungGen: 1207156K->3376K(1295360K)] 1996555K->794928K(2207744K), 0.0071186 secs] [Times: user=0.02 sys=0.00, real=0.01 secs] 
2018-05-17T12:08:44.174-0100: 182.404: [GC (Allocation Failure) [PSYoungGen: 1206064K->3505K(1301504K)] 1997616K->796104K(2213888K), 0.0061320 secs] [Times: user=0.02 sys=0.00, real=0.01 secs] 
2018-05-17T12:08:44.340-0100: 182.570: [GC (Allocation Failure) [PSYoungGen: 1217457K->3645K(1300480K)] 2010056K->797236K(2212864K), 0.0060019 secs] [Times: user=0.02 sys=0.00, real=0.00 secs] 
2018-05-17T12:08:44.499-0100: 182.729: [GC (Allocation Failure) [PSYoungGen: 1217597K->4542K(1307648K)] 2011188K->798133K(2220032K), 0.0067129 secs] [Times: user=0.02 sys=0.01, real=0.01 secs] 
2018-05-17T12:08:44.661-0100: 182.891: [GC (Allocation Failure) [PSYoungGen: 1231806K->5451K(1307136K)] 2025397K->799042K(2219520K), 0.0068622 secs] [Times: user=0.02 sys=0.00, real=0.00 secs] 
2018-05-17T12:08:44.822-0100: 183.051: [GC (Allocation Failure) [PSYoungGen: 1232715K->6283K(1313792K)] 2026306K->799875K(2226176K), 0.0075102 secs] [Times: user=0.02 sys=0.00, real=0.00 secs] 
2018-05-17T12:08:44.983-0100: 183.213: [GC (Allocation Failure) [PSYoungGen: 1247883K->7057K(1313280K)] 2041475K->800648K(2225664K), 0.0073459 secs] [Times: user=0.02 sys=0.00, real=0.01 secs] 
2018-05-17T12:08:45.671-0100: 183.901: [GC (Allocation Failure) [PSYoungGen: 1248657K->53967K(1311744K)] 2042248K->847567K(2224128K), 0.0302658 secs] [Times: user=0.11 sys=0.00, real=0.03 secs] 
2018-05-17T12:08:45.944-0100: 184.174: [GC (Allocation Failure) [PSYoungGen: 1298127K->57608K(1302016K)] 2091727K->851207K(2214400K), 0.0288100 secs] [Times: user=0.11 sys=0.00, real=0.03 secs] 
2018-05-17T12:08:46.181-0100: 184.410: [GC (Allocation Failure) [PSYoungGen: 1301768K->60099K(1296896K)] 2095367K->853698K(2209280K), 0.0294678 secs] [Times: user=0.11 sys=0.00, real=0.03 secs] 
2018-05-17T12:08:46.392-0100: 184.622: [GC (Allocation Failure) [PSYoungGen: 1271491K->60849K(1272320K)] 2065090K->855184K(2184704K), 0.0309437 secs] [Times: user=0.12 sys=0.00, real=0.03 secs] 
2018-05-17T12:08:46.605-0100: 184.835: [GC (Allocation Failure) [PSYoungGen: 1272241K->61111K(1289728K)] 2066576K->856774K(2202112K), 0.0318921 secs] [Times: user=0.12 sys=0.00, real=0.03 secs] 
2018-05-17T12:08:46.811-0100: 185.040: [GC (Allocation Failure) [PSYoungGen: 1252023K->61202K(1252352K)] 2047686K->858230K(2164736K), 0.0302524 secs] [Times: user=0.11 sys=0.00, real=0.03 secs] 
2018-05-17T12:08:47.004-0100: 185.234: [GC (Allocation Failure) [PSYoungGen: 1252114K->9909K(1293312K)] 2049142K->859841K(2205696K), 0.0323677 secs] [Times: user=0.12 sys=0.00, real=0.03 secs] 
2018-05-17T12:08:47.197-0100: 185.426: [GC (Allocation Failure) [PSYoungGen: 1196213K->7502K(1193984K)] 2046145K->860891K(2106368K), 0.0120383 secs] [Times: user=0.04 sys=0.00, real=0.01 secs] 
2018-05-17T12:08:47.368-0100: 185.598: [GC (Allocation Failure) [PSYoungGen: 1193806K->5479K(1291264K)] 2047195K->861908K(2203648K), 0.0104720 secs] [Times: user=0.04 sys=0.00, real=0.01 secs] 
2018-05-17T12:08:47.538-0100: 185.768: [GC (Allocation Failure) [PSYoungGen: 1194855K->4467K(1288192K)] 2051284K->862935K(2200576K), 0.0089816 secs] [Times: user=0.03 sys=0.00, real=0.01 secs] 
2018-05-17T12:08:47.700-0100: 185.930: [GC (Allocation Failure) [PSYoungGen: 1193843K->3463K(1295872K)] 2052311K->863940K(2208256K), 0.0083237 secs] [Times: user=0.03 sys=0.00, real=0.00 secs] 
2018-05-17T12:08:47.862-0100: 186.092: [GC (Allocation Failure) [PSYoungGen: 1203591K->3555K(1292800K)] 2064068K->864960K(2205184K), 0.0064903 secs] [Times: user=0.03 sys=0.00, real=0.00 secs] 
2018-05-17T12:08:48.022-0100: 186.252: [GC (Allocation Failure) [PSYoungGen: 1203683K->3624K(1301504K)] 2065088K->865980K(2213888K), 0.0068899 secs] [Times: user=0.02 sys=0.00, real=0.00 secs] 
2018-05-17T12:08:48.192-0100: 186.421: [GC (Allocation Failure) [PSYoungGen: 1216552K->4658K(1298432K)] 2078908K->867014K(2210816K), 0.0067121 secs] [Times: user=0.02 sys=0.00, real=0.00 secs] 
2018-05-17T12:08:48.352-0100: 186.582: [GC (Allocation Failure) [PSYoungGen: 1217586K->5619K(1308160K)] 2079942K->867975K(2220544K), 0.0063676 secs] [Times: user=0.03 sys=0.00, real=0.00 secs] 
2018-05-17T12:08:48.515-0100: 186.744: [GC (Allocation Failure) [PSYoungGen: 1233395K->6236K(1305088K)] 2095751K->868593K(2217472K), 0.0070287 secs] [Times: user=0.03 sys=0.00, real=0.01 secs] 
2018-05-17T12:08:49.247-0100: 187.477: [GC (Allocation Failure) [PSYoungGen: 1234012K->54919K(1304576K)] 2096369K->917283K(2216960K), 0.0312791 secs] [Times: user=0.11 sys=0.00, real=0.03 secs] 
2018-05-17T12:08:49.501-0100: 187.731: [GC (Allocation Failure) [PSYoungGen: 1286279K->57735K(1289216K)] 2148643K->920099K(2201600K), 0.0281568 secs] [Times: user=0.11 sys=0.00, real=0.02 secs] 
2018-05-17T12:08:49.720-0100: 187.949: [GC (Allocation Failure) [PSYoungGen: 1289095K->59733K(1293824K)] 2151459K->922097K(2206208K), 0.0283649 secs] [Times: user=0.11 sys=0.00, real=0.02 secs] 
2018-05-17T12:08:49.932-0100: 188.161: [GC (Allocation Failure) [PSYoungGen: 1263957K->60464K(1265152K)] 2126321K->923492K(2177536K), 0.0298882 secs] [Times: user=0.11 sys=0.00, real=0.03 secs] 
2018-05-17T12:08:50.136-0100: 188.366: [GC (Allocation Failure) [PSYoungGen: 1264688K->60738K(1287680K)] 2127716K->925087K(2200064K), 0.0308235 secs] [Times: user=0.12 sys=0.00, real=0.03 secs] 
2018-05-17T12:08:50.333-0100: 188.563: [GC (Allocation Failure) [PSYoungGen: 1246530K->10595K(1291776K)] 2110879K->926760K(2208256K), 0.0428656 secs] [Times: user=0.13 sys=0.02, real=0.04 secs] 
2018-05-17T12:08:50.376-0100: 188.606: [Full GC (Ergonomics) [PSYoungGen: 10595K->0K(1291776K)] [ParOldGen: 916164K->510753K(1002496K)] 926760K->510753K(2294272K), [Metaspace: 41965K->41965K(1087488K)], 2.0490845 secs] [Times: user=5.22 sys=0.01, real=2.05 secs] 
2018-05-17T12:08:52.584-0100: 190.814: [GC (Allocation Failure) [PSYoungGen: 1185792K->3179K(1285632K)] 1696545K->513933K(2288128K), 0.0053302 secs] [Times: user=0.02 sys=0.00, real=0.01 secs] 
2018-05-17T12:08:52.753-0100: 190.983: [GC (Allocation Failure) [PSYoungGen: 1192043K->4443K(1289216K)] 1702797K->515197K(2291712K), 0.0067866 secs] [Times: user=0.02 sys=0.00, real=0.01 secs] 
2018-05-17T12:08:52.917-0100: 191.146: [GC (Allocation Failure) [PSYoungGen: 1193307K->4445K(1289728K)] 1704061K->516293K(2292224K), 0.0075321 secs] [Times: user=0.02 sys=0.00, real=0.01 secs] 
2018-05-17T12:08:53.088-0100: 191.318: [GC (Allocation Failure) [PSYoungGen: 1204573K->4479K(1293824K)] 1716421K->517335K(2296320K), 0.0125512 secs] [Times: user=0.03 sys=0.00, real=0.02 secs] 
2018-05-17T12:08:53.260-0100: 191.489: [GC (Allocation Failure) [PSYoungGen: 1204607K->4512K(1296384K)] 1717463K->518312K(2298880K), 0.0067630 secs] [Times: user=0.02 sys=0.00, real=0.00 secs] 
2018-05-17T12:08:53.420-0100: 191.650: [GC (Allocation Failure) [PSYoungGen: 1218464K->5403K(1300480K)] 1732264K->519203K(2302976K), 0.0059968 secs] [Times: user=0.02 sys=0.00, real=0.00 secs] 
2018-05-17T12:08:53.586-0100: 191.816: [GC (Allocation Failure) [PSYoungGen: 1219355K->6232K(1303040K)] 1733155K->520032K(2305536K), 0.0062950 secs] [Times: user=0.02 sys=0.01, real=0.01 secs] 
2018-05-17T12:08:53.753-0100: 191.982: [GC (Allocation Failure) [PSYoungGen: 1235032K->7012K(1307136K)] 1748832K->520812K(2309632K), 0.0068450 secs] [Times: user=0.02 sys=0.00, real=0.01 secs] 
2018-05-17T12:08:53.918-0100: 192.148: [GC (Allocation Failure) [PSYoungGen: 1235812K->7780K(1311744K)] 1749612K->521580K(2314240K), 0.0072800 secs] [Times: user=0.03 sys=0.00, real=0.01 secs] 
2018-05-17T12:08:54.571-0100: 192.801: [GC (Allocation Failure) [PSYoungGen: 1253476K->53443K(1315328K)] 1767276K->567251K(2317824K), 0.0280431 secs] [Times: user=0.11 sys=0.01, real=0.02 secs] 
2018-05-17T12:08:54.868-0100: 193.098: [GC (Allocation Failure) [PSYoungGen: 1299139K->58112K(1303040K)] 1812947K->571920K(2305536K), 0.0292976 secs] [Times: user=0.11 sys=0.00, real=0.03 secs] 
2018-05-17T12:08:55.101-0100: 193.331: [GC (Allocation Failure) [PSYoungGen: 1282816K->60621K(1285632K)] 1796624K->574429K(2288128K), 0.0294357 secs] [Times: user=0.11 sys=0.01, real=0.03 secs] 
2018-05-17T12:08:55.319-0100: 193.549: [GC (Allocation Failure) [PSYoungGen: 1285325K->61478K(1291264K)] 1799133K->576046K(2293760K), 0.0299380 secs] [Times: user=0.11 sys=0.00, real=0.03 secs] 
2018-05-17T12:08:55.525-0100: 193.755: [GC (Allocation Failure) [PSYoungGen: 1258534K->61630K(1259008K)] 1773102K->577598K(2261504K), 0.0307930 secs] [Times: user=0.12 sys=0.00, real=0.03 secs] 
2018-05-17T12:08:55.727-0100: 193.957: [GC (Allocation Failure) [PSYoungGen: 1258686K->61690K(1286656K)] 1774654K->578995K(2289152K), 0.0307482 secs] [Times: user=0.12 sys=0.00, real=0.03 secs] 
2018-05-17T12:08:55.926-0100: 194.156: [GC (Allocation Failure) [PSYoungGen: 1243386K->13748K(1289728K)] 1760691K->580597K(2292224K), 0.0323411 secs] [Times: user=0.12 sys=0.00, real=0.03 secs] 
2018-05-17T12:08:56.117-0100: 194.347: [GC (Allocation Failure) [PSYoungGen: 1195444K->8912K(1283584K)] 1762293K->581705K(2286080K), 0.0136889 secs] [Times: user=0.05 sys=0.00, real=0.02 secs] 
2018-05-17T12:08:56.291-0100: 194.520: [GC (Allocation Failure) [PSYoungGen: 1193680K->7021K(1286656K)] 1766473K->582830K(2289152K), 0.0099207 secs] [Times: user=0.03 sys=0.00, real=0.01 secs] 
2018-05-17T12:08:56.457-0100: 194.687: [GC (Allocation Failure) [PSYoungGen: 1191789K->5496K(1289216K)] 1767598K->583802K(2291712K), 0.0084210 secs] [Times: user=0.03 sys=0.00, real=0.01 secs] 
2018-05-17T12:08:56.621-0100: 194.851: [GC (Allocation Failure) [PSYoungGen: 1202040K->4462K(1292800K)] 1780346K->584728K(2295296K), 0.0070072 secs] [Times: user=0.03 sys=0.00, real=0.00 secs] 
2018-05-17T12:08:56.787-0100: 195.016: [GC (Allocation Failure) [PSYoungGen: 1201006K->4512K(1293824K)] 1781272K->585729K(2296320K), 0.0068127 secs] [Times: user=0.02 sys=0.00, real=0.01 secs] 
2018-05-17T12:08:56.948-0100: 195.178: [GC (Allocation Failure) [PSYoungGen: 1212832K->5362K(1297920K)] 1794049K->586579K(2300416K), 0.0064512 secs] [Times: user=0.03 sys=0.00, real=0.01 secs] 
2018-05-17T12:08:57.111-0100: 195.341: [GC (Allocation Failure) [PSYoungGen: 1213682K->6121K(1299456K)] 1794899K->587339K(2301952K), 0.0071644 secs] [Times: user=0.03 sys=0.00, real=0.00 secs] 
2018-05-17T12:08:57.272-0100: 195.502: [GC (Allocation Failure) [PSYoungGen: 1228265K->6968K(1304064K)] 1809483K->588185K(2306560K), 0.0069383 secs] [Times: user=0.03 sys=0.00, real=0.00 secs] 
2018-05-17T12:08:57.433-0100: 195.662: [GC (Allocation Failure) [PSYoungGen: 1229112K->7704K(1307136K)] 1810329K->588921K(2309632K), 0.0080763 secs] [Times: user=0.03 sys=0.00, real=0.01 secs] 
2018-05-17T12:08:58.154-0100: 196.383: [GC (Allocation Failure) [PSYoungGen: 1245720K->55735K(1311744K)] 1826937K->636952K(2314240K), 0.0302864 secs] [Times: user=0.11 sys=0.00, real=0.03 secs] 
2018-05-17T12:08:58.414-0100: 196.643: [GC (Allocation Failure) [PSYoungGen: 1293751K->58697K(1299968K)] 1874968K->639914K(2302464K), 0.0290526 secs] [Times: user=0.11 sys=0.00, real=0.03 secs] 
2018-05-17T12:08:58.639-0100: 196.869: [GC (Allocation Failure) [PSYoungGen: 1276233K->60931K(1278976K)] 1857450K->642148K(2281472K), 0.0289290 secs] [Times: user=0.11 sys=0.00, real=0.03 secs] 
2018-05-17T12:08:58.849-0100: 197.079: [GC (Allocation Failure) [PSYoungGen: 1278467K->61672K(1290240K)] 1859684K->643618K(2292736K), 0.0297066 secs] [Times: user=0.11 sys=0.00, real=0.03 secs] 
2018-05-17T12:08:59.055-0100: 197.285: [GC (Allocation Failure) [PSYoungGen: 1254632K->61945K(1254912K)] 1836578K->645266K(2257408K), 0.0316407 secs] [Times: user=0.12 sys=0.00, real=0.03 secs] 
2018-05-17T12:08:59.255-0100: 197.485: [GC (Allocation Failure) [PSYoungGen: 1254905K->62098K(1285120K)] 1838226K->646739K(2287616K), 0.0305659 secs] [Times: user=0.11 sys=0.00, real=0.03 secs] 
2018-05-17T12:08:59.446-0100: 197.675: [GC (Allocation Failure) [PSYoungGen: 1240722K->12208K(1288192K)] 1825363K->648193K(2290688K), 0.0321148 secs] [Times: user=0.12 sys=0.00, real=0.03 secs] 
2018-05-17T12:08:59.636-0100: 197.865: [GC (Allocation Failure) [PSYoungGen: 1190832K->8841K(1283072K)] 1826817K->649314K(2285568K), 0.0118448 secs] [Times: user=0.04 sys=0.00, real=0.01 secs] 
2018-05-17T12:08:59.809-0100: 198.039: [GC (Allocation Failure) [PSYoungGen: 1190537K->6942K(1285632K)] 1831010K->650287K(2288128K), 0.0104966 secs] [Times: user=0.04 sys=0.01, real=0.02 secs] 
2018-05-17T12:08:59.977-0100: 198.206: [GC (Allocation Failure) [PSYoungGen: 1188638K->5479K(1287680K)] 1831983K->651217K(2290176K), 0.0087698 secs] [Times: user=0.03 sys=0.00, real=0.01 secs] 
2018-05-17T12:09:00.141-0100: 198.371: [GC (Allocation Failure) [PSYoungGen: 1197927K->4455K(1290752K)] 1843665K->652096K(2293248K), 0.0078904 secs] [Times: user=0.03 sys=0.00, real=0.00 secs] 
2018-05-17T12:09:00.306-0100: 198.535: [GC (Allocation Failure) [PSYoungGen: 1196903K->4588K(1292288K)] 1844544K->653149K(2294784K), 0.0064483 secs] [Times: user=0.02 sys=0.00, real=0.01 secs] 
2018-05-17T12:09:00.467-0100: 198.697: [GC (Allocation Failure) [PSYoungGen: 1208812K->4589K(1295872K)] 1857373K->653990K(2298368K), 0.0058934 secs] [Times: user=0.03 sys=0.00, real=0.01 secs] 
2018-05-17T12:09:00.626-0100: 198.855: [GC (Allocation Failure) [PSYoungGen: 1208813K->5520K(1297920K)] 1858214K->654921K(2300416K), 0.0063218 secs] [Times: user=0.02 sys=0.00, real=0.01 secs] 
2018-05-17T12:09:00.787-0100: 199.017: [GC (Allocation Failure) [PSYoungGen: 1223568K->6247K(1302016K)] 1872969K->655648K(2304512K), 0.0068440 secs] [Times: user=0.03 sys=0.00, real=0.01 secs] 
2018-05-17T12:09:01.244-0100: 199.474: [GC (Allocation Failure) [PSYoungGen: 1216838K->38593K(1312768K)] 1866239K->688002K(2315264K), 0.0232147 secs] [Times: user=0.09 sys=0.00, real=0.02 secs] 
2018-05-17T12:09:01.706-0100: 199.935: [GC (Allocation Failure) [PSYoungGen: 1271489K->55974K(1289216K)] 1920898K->705383K(2291712K), 0.0290123 secs] [Times: user=0.11 sys=0.00, real=0.03 secs] 
2018-05-17T12:09:01.951-0100: 200.181: [GC (Allocation Failure) [PSYoungGen: 1288870K->58658K(1296384K)] 1938279K->708067K(2298880K), 0.0289827 secs] [Times: user=0.11 sys=0.00, real=0.03 secs] 
2018-05-17T12:09:02.172-0100: 200.402: [GC (Allocation Failure) [PSYoungGen: 1266978K->59874K(1268224K)] 1916387K->709979K(2270720K), 0.0290540 secs] [Times: user=0.11 sys=0.00, real=0.03 secs] 
2018-05-17T12:09:02.378-0100: 200.608: [GC (Allocation Failure) [PSYoungGen: 1268194K->60018K(1289728K)] 1918299K->711427K(2292224K), 0.0286804 secs] [Times: user=0.11 sys=0.00, real=0.03 secs] 
2018-05-17T12:09:02.582-0100: 200.811: [GC (Allocation Failure) [PSYoungGen: 1249906K->29107K(1219072K)] 1901315K->712936K(2221568K), 0.0307617 secs] [Times: user=0.12 sys=0.00, real=0.03 secs] 
2018-05-17T12:09:02.779-0100: 201.009: [GC (Allocation Failure) [PSYoungGen: 1218995K->8147K(1293824K)] 1902824K->714742K(2296320K), 0.0168851 secs] [Times: user=0.06 sys=0.00, real=0.02 secs] 
2018-05-17T12:09:02.960-0100: 201.190: [GC (Allocation Failure) [PSYoungGen: 1204179K->6034K(1291776K)] 1910774K->715789K(2294272K), 0.0103437 secs] [Times: user=0.04 sys=0.00, real=0.01 secs] 
2018-05-17T12:09:03.139-0100: 201.369: [GC (Allocation Failure) [PSYoungGen: 1202066K->4497K(1299456K)] 1911821K->716916K(2301952K), 0.0086094 secs] [Times: user=0.03 sys=0.00, real=0.01 secs] 
2018-05-17T12:09:03.311-0100: 201.541: [GC (Allocation Failure) [PSYoungGen: 1211281K->3359K(1297408K)] 1923700K->717930K(2299904K), 0.0068944 secs] [Times: user=0.03 sys=0.00, real=0.00 secs] 
2018-05-17T12:09:03.479-0100: 201.709: [GC (Allocation Failure) [PSYoungGen: 1210143K->3682K(1304064K)] 1924714K->719310K(2306560K), 0.0058310 secs] [Times: user=0.02 sys=0.00, real=0.01 secs] 
2018-05-17T12:09:03.644-0100: 201.874: [GC (Allocation Failure) [PSYoungGen: 1221218K->4614K(1302528K)] 1936846K->720242K(2305024K), 0.0060518 secs] [Times: user=0.02 sys=0.00, real=0.01 secs] 
2018-05-17T12:09:03.808-0100: 202.038: [GC (Allocation Failure) [PSYoungGen: 1222150K->5438K(1309184K)] 1937778K->721065K(2311680K), 0.0067285 secs] [Times: user=0.02 sys=0.00, real=0.01 secs] 
2018-05-17T12:09:03.973-0100: 202.202: [GC (Allocation Failure) [PSYoungGen: 1235262K->6230K(1307648K)] 1950889K->721857K(2310144K), 0.0081892 secs] [Times: user=0.03 sys=0.00, real=0.01 secs] 
2018-05-17T12:09:04.141-0100: 202.371: [GC (Allocation Failure) [PSYoungGen: 1236054K->7053K(1315840K)] 1951681K->722680K(2318336K), 0.0075254 secs] [Times: user=0.03 sys=0.00, real=0.00 secs] 
2018-05-17T12:09:04.308-0100: 202.537: [GC (Allocation Failure) [PSYoungGen: 1251725K->7810K(1314816K)] 1967352K->723437K(2317312K), 0.0080890 secs] [Times: user=0.03 sys=0.00, real=0.01 secs] 
2018-05-17T12:09:04.988-0100: 203.218: [GC (Allocation Failure) [PSYoungGen: 1252482K->54981K(1312256K)] 1968109K->770616K(2314752K), 0.0318993 secs] [Times: user=0.12 sys=0.00, real=0.04 secs] 
2018-05-17T12:09:05.262-0100: 203.492: [GC (Allocation Failure) [PSYoungGen: 1301189K->58531K(1305088K)] 2016824K->774166K(2307584K), 0.0293000 secs] [Times: user=0.11 sys=0.00, real=0.03 secs] 
2018-05-17T12:09:05.501-0100: 203.731: [GC (Allocation Failure) [PSYoungGen: 1304739K->60840K(1296896K)] 2020374K->776475K(2299392K), 0.0305541 secs] [Times: user=0.11 sys=0.00, real=0.03 secs] 
2018-05-17T12:09:05.711-0100: 203.941: [GC (Allocation Failure) [PSYoungGen: 1273256K->61707K(1274368K)] 1988891K->778094K(2276864K), 0.0300521 secs] [Times: user=0.12 sys=0.00, real=0.03 secs] 
2018-05-17T12:09:05.920-0100: 204.150: [GC (Allocation Failure) [PSYoungGen: 1274123K->61888K(1289728K)] 1990510K->779667K(2292224K), 0.0324690 secs] [Times: user=0.12 sys=0.01, real=0.03 secs] 
2018-05-17T12:09:06.127-0100: 204.357: [GC (Allocation Failure) [PSYoungGen: 1252800K->62092K(1253376K)] 1970579K->781223K(2255872K), 0.0304405 secs] [Times: user=0.11 sys=0.00, real=0.03 secs] 
2018-05-17T12:09:06.321-0100: 204.551: [GC (Allocation Failure) [PSYoungGen: 1253004K->12690K(1293824K)] 1972135K->782612K(2296320K), 0.0315328 secs] [Times: user=0.12 sys=0.00, real=0.03 secs] 
2018-05-17T12:09:06.512-0100: 204.742: [GC (Allocation Failure) [PSYoungGen: 1199506K->8861K(1196032K)] 1969428K->783743K(2198528K), 0.0135315 secs] [Times: user=0.05 sys=0.00, real=0.01 secs] 
2018-05-17T12:09:06.687-0100: 204.916: [GC (Allocation Failure) [PSYoungGen: 1195677K->6862K(1290752K)] 1970559K->784672K(2293248K), 0.0104611 secs] [Times: user=0.04 sys=0.00, real=0.01 secs] 
2018-05-17T12:09:06.855-0100: 205.085: [GC (Allocation Failure) [PSYoungGen: 1196238K->5590K(1288192K)] 1974048K->785840K(2290688K), 0.0090533 secs] [Times: user=0.03 sys=0.00, real=0.01 secs] 
2018-05-17T12:09:07.022-0100: 205.252: [GC (Allocation Failure) [PSYoungGen: 1194966K->4560K(1295872K)] 1975216K->786730K(2298368K), 0.0082058 secs] [Times: user=0.03 sys=0.00, real=0.01 secs] 
2018-05-17T12:09:07.188-0100: 205.418: [GC (Allocation Failure) [PSYoungGen: 1205200K->4456K(1293312K)] 1987370K->787579K(2295808K), 0.0071863 secs] [Times: user=0.02 sys=0.00, real=0.01 secs] 
2018-05-17T12:09:07.347-0100: 205.577: [GC (Allocation Failure) [PSYoungGen: 1205096K->4494K(1301504K)] 1988219K->788457K(2304000K), 0.0064770 secs] [Times: user=0.03 sys=0.00, real=0.01 secs] 
2018-05-17T12:09:07.511-0100: 205.740: [GC (Allocation Failure) [PSYoungGen: 1217934K->5421K(1298944K)] 2001897K->789383K(2301440K), 0.0063356 secs] [Times: user=0.03 sys=0.00, real=0.00 secs] 
2018-05-17T12:09:07.671-0100: 205.901: [GC (Allocation Failure) [PSYoungGen: 1218861K->6202K(1308160K)] 2002823K->790165K(2310656K), 0.0073301 secs] [Times: user=0.03 sys=0.00, real=0.00 secs] 
2018-05-17T12:09:07.832-0100: 206.062: [GC (Allocation Failure) [PSYoungGen: 1234490K->7079K(1306112K)] 2018453K->791042K(2308608K), 0.0072239 secs] [Times: user=0.03 sys=0.00, real=0.01 secs] 
2018-05-17T12:09:08.566-0100: 206.796: [GC (Allocation Failure) [PSYoungGen: 1235367K->55714K(1305088K)] 2019330K->839677K(2307584K), 0.0309539 secs] [Times: user=0.12 sys=0.00, real=0.03 secs] 
2018-05-17T12:09:08.817-0100: 207.046: [GC (Allocation Failure) [PSYoungGen: 1287074K->58517K(1290240K)] 2071037K->842479K(2292736K), 0.0284721 secs] [Times: user=0.11 sys=0.00, real=0.03 secs] 
2018-05-17T12:09:09.039-0100: 207.268: [GC (Allocation Failure) [PSYoungGen: 1289877K->60367K(1294336K)] 2073839K->844329K(2296832K), 0.0302440 secs] [Times: user=0.11 sys=0.00, real=0.03 secs] 
2018-05-17T12:09:09.250-0100: 207.480: [GC (Allocation Failure) [PSYoungGen: 1264591K->60616K(1265152K)] 2048553K->845923K(2267648K), 0.0296835 secs] [Times: user=0.12 sys=0.00, real=0.03 secs] 
2018-05-17T12:09:09.457-0100: 207.686: [GC (Allocation Failure) [PSYoungGen: 1264840K->60727K(1288192K)] 2050147K->847369K(2290688K), 0.0304054 secs] [Times: user=0.11 sys=0.00, real=0.03 secs] 
2018-05-17T12:09:09.657-0100: 207.887: [GC (Allocation Failure) [PSYoungGen: 1246519K->10521K(1291776K)] 2033161K->849083K(2294272K), 0.0319492 secs] [Times: user=0.13 sys=0.00, real=0.03 secs] 
2018-05-17T12:09:09.850-0100: 208.079: [GC (Allocation Failure) [PSYoungGen: 1196313K->7529K(1285120K)] 2034875K->850203K(2287616K), 0.0122883 secs] [Times: user=0.04 sys=0.00, real=0.01 secs] 
2018-05-17T12:09:10.025-0100: 208.255: [GC (Allocation Failure) [PSYoungGen: 1196393K->5911K(1288704K)] 2039067K->851449K(2291200K), 0.0103193 secs] [Times: user=0.04 sys=0.00, real=0.01 secs] 
2018-05-17T12:09:10.192-0100: 208.422: [GC (Allocation Failure) [PSYoungGen: 1194775K->4442K(1291264K)] 2040313K->852388K(2293760K), 0.0087821 secs] [Times: user=0.03 sys=0.00, real=0.01 secs] 
2018-05-17T12:09:10.361-0100: 208.591: [GC (Allocation Failure) [PSYoungGen: 1205594K->3474K(1294848K)] 2053540K->853443K(2297344K), 0.0072695 secs] [Times: user=0.03 sys=0.00, real=0.00 secs] 
2018-05-17T12:09:10.525-0100: 208.755: [GC (Allocation Failure) [PSYoungGen: 1204626K->3505K(1296384K)] 2054595K->854506K(2298880K), 0.0069784 secs] [Times: user=0.03 sys=0.00, real=0.01 secs] 
2018-05-17T12:09:10.688-0100: 208.918: [GC (Allocation Failure) [PSYoungGen: 1216945K->4495K(1300480K)] 2067946K->855497K(2302976K), 0.0067213 secs] [Times: user=0.03 sys=0.00, real=0.01 secs] 
2018-05-17T12:09:10.848-0100: 209.078: [GC (Allocation Failure) [PSYoungGen: 1217935K->5345K(1302016K)] 2068937K->856347K(2304512K), 0.0064677 secs] [Times: user=0.02 sys=0.00, real=0.01 secs] 
2018-05-17T12:09:11.010-0100: 209.239: [GC (Allocation Failure) [PSYoungGen: 1232609K->6342K(1306624K)] 2083611K->857344K(2309120K), 0.0079130 secs] [Times: user=0.03 sys=0.00, real=0.00 secs] 
2018-05-17T12:09:11.168-0100: 209.398: [GC (Allocation Failure) [PSYoungGen: 1233606K->6953K(1308672K)] 2084608K->857955K(2311168K), 0.0071114 secs] [Times: user=0.03 sys=0.00, real=0.01 secs] 
2018-05-17T12:09:11.830-0100: 210.060: [GC (Allocation Failure) [PSYoungGen: 1250089K->52902K(1313792K)] 2101091K->903912K(2316288K), 0.0298844 secs] [Times: user=0.11 sys=0.00, real=0.03 secs] 
2018-05-17T12:09:12.118-0100: 210.348: [GC (Allocation Failure) [PSYoungGen: 1296038K->57311K(1303040K)] 2147048K->908321K(2305536K), 0.0288486 secs] [Times: user=0.11 sys=0.00, real=0.03 secs] 
2018-05-17T12:09:12.352-0100: 210.582: [GC (Allocation Failure) [PSYoungGen: 1280991K->59822K(1283584K)] 2132001K->910832K(2286080K), 0.0293322 secs] [Times: user=0.11 sys=0.00, real=0.03 secs] 
2018-05-17T12:09:12.567-0100: 210.797: [GC (Allocation Failure) [PSYoungGen: 1283502K->60735K(1291264K)] 2134512K->912473K(2293760K), 0.0297510 secs] [Times: user=0.12 sys=0.00, real=0.03 secs] 
2018-05-17T12:09:12.778-0100: 211.007: [GC (Allocation Failure) [PSYoungGen: 1257791K->60962K(1258496K)] 2109529K->914020K(2260992K), 0.0313348 secs] [Times: user=0.12 sys=0.00, real=0.03 secs] 
2018-05-17T12:09:12.983-0100: 211.213: [GC (Allocation Failure) [PSYoungGen: 1258018K->61115K(1286144K)] 2111076K->915525K(2288640K), 0.0299114 secs] [Times: user=0.12 sys=0.00, real=0.03 secs] 
2018-05-17T12:09:13.184-0100: 211.414: [GC (Allocation Failure) [PSYoungGen: 1242811K->9994K(1289728K)] 2097221K->917094K(2292224K), 0.0324152 secs] [Times: user=0.13 sys=0.00, real=0.03 secs] 
2018-05-17T12:09:13.377-0100: 211.607: [GC (Allocation Failure) [PSYoungGen: 1191690K->7613K(1284096K)] 2098790K->918281K(2286592K), 0.0112873 secs] [Times: user=0.04 sys=0.00, real=0.01 secs] 
2018-05-17T12:09:13.545-0100: 211.774: [GC (Allocation Failure) [PSYoungGen: 1192381K->5839K(1287168K)] 2103049K->919306K(2289664K), 0.0091435 secs] [Times: user=0.03 sys=0.00, real=0.01 secs] 
2018-05-17T12:09:13.709-0100: 211.938: [GC (Allocation Failure) [PSYoungGen: 1190607K->4469K(1289216K)] 2104074K->920265K(2291712K), 0.0081483 secs] [Times: user=0.03 sys=0.00, real=0.01 secs] 
2018-05-17T12:09:13.869-0100: 212.099: [GC (Allocation Failure) [PSYoungGen: 1200501K->3432K(1292288K)] 2116297K->921236K(2294784K), 0.0080418 secs] [Times: user=0.03 sys=0.00, real=0.01 secs] 
2018-05-17T12:09:14.033-0100: 212.262: [GC (Allocation Failure) [PSYoungGen: 1199464K->3537K(1294336K)] 2117268K->922285K(2296832K), 0.0064609 secs] [Times: user=0.03 sys=0.00, real=0.00 secs] 
2018-05-17T12:09:14.196-0100: 212.425: [GC (Allocation Failure) [PSYoungGen: 1211857K->4534K(1297920K)] 2130605K->923282K(2300416K), 0.0058469 secs] [Times: user=0.03 sys=0.00, real=0.01 secs] 
2018-05-17T12:09:14.354-0100: 212.584: [GC (Allocation Failure) [PSYoungGen: 1212854K->5453K(1299968K)] 2131602K->924201K(2302464K), 0.0068991 secs] [Times: user=0.02 sys=0.00, real=0.01 secs] 
2018-05-17T12:09:14.514-0100: 212.744: [GC (Allocation Failure) [PSYoungGen: 1227597K->6191K(1304064K)] 2146345K->924939K(2306560K), 0.0077523 secs] [Times: user=0.03 sys=0.00, real=0.01 secs] 
2018-05-17T12:09:14.678-0100: 212.908: [GC (Allocation Failure) [PSYoungGen: 1228335K->7117K(1306624K)] 2147083K->925865K(2309120K), 0.0072016 secs] [Times: user=0.03 sys=0.00, real=0.01 secs] 
2018-05-17T12:09:15.387-0100: 213.617: [GC (Allocation Failure) [PSYoungGen: 1245133K->55001K(1311232K)] 2163881K->973757K(2313728K), 0.0311633 secs] [Times: user=0.11 sys=0.00, real=0.03 secs] 
2018-05-17T12:09:15.648-0100: 213.878: [GC (Allocation Failure) [PSYoungGen: 1293017K->58022K(1300480K)] 2211773K->976778K(2302976K), 0.0290839 secs] [Times: user=0.11 sys=0.00, real=0.03 secs] 
2018-05-17T12:09:15.871-0100: 214.101: [GC (Allocation Failure) [PSYoungGen: 1276582K->60173K(1278976K)] 2195338K->978929K(2281472K), 0.0294560 secs] [Times: user=0.11 sys=0.00, real=0.03 secs] 
2018-05-17T12:09:16.080-0100: 214.310: [GC (Allocation Failure) [PSYoungGen: 1278733K->60951K(1289728K)] 2197489K->980410K(2292224K), 0.0303686 secs] [Times: user=0.12 sys=0.00, real=0.03 secs] 
2018-05-17T12:09:16.285-0100: 214.515: [GC (Allocation Failure) [PSYoungGen: 1253911K->61268K(1254400K)] 2173370K->982040K(2256896K), 0.0317551 secs] [Times: user=0.11 sys=0.01, real=0.03 secs] 
2018-05-17T12:09:16.484-0100: 214.714: [GC (Allocation Failure) [PSYoungGen: 1254228K->61345K(1286144K)] 2175000K->983485K(2288640K), 0.0309641 secs] [Times: user=0.12 sys=0.00, real=0.03 secs] 
2018-05-17T12:09:16.678-0100: 214.908: [GC (Allocation Failure) [PSYoungGen: 1240993K->9444K(1288704K)] 2163133K->984970K(2291200K), 0.0446566 secs] [Times: user=0.14 sys=0.03, real=0.05 secs] 
2018-05-17T12:09:16.723-0100: 214.953: [Full GC (Ergonomics) [PSYoungGen: 9444K->0K(1288704K)] [ParOldGen: 975526K->511695K(1036800K)] 984970K->511695K(2325504K), [Metaspace: 42064K->42064K(1087488K)], 2.0182756 secs] [Times: user=5.23 sys=0.01, real=2.02 secs] 
2018-05-17T12:09:18.900-0100: 217.130: [GC (Allocation Failure) [PSYoungGen: 1179648K->3346K(1284608K)] 1691343K->515042K(2321408K), 0.0047655 secs] [Times: user=0.02 sys=0.00, real=0.00 secs] 
2018-05-17T12:09:19.064-0100: 217.294: [GC (Allocation Failure) [PSYoungGen: 1185554K->4510K(1286656K)] 1697250K->516205K(2323456K), 0.0062958 secs] [Times: user=0.02 sys=0.00, real=0.01 secs] 
2018-05-17T12:09:19.230-0100: 217.460: [GC (Allocation Failure) [PSYoungGen: 1186718K->4541K(1286656K)] 1698413K->517245K(2323456K), 0.0071574 secs] [Times: user=0.02 sys=0.00, real=0.00 secs] 
2018-05-17T12:09:19.395-0100: 217.625: [GC (Allocation Failure) [PSYoungGen: 1195965K->4487K(1289728K)] 1708669K->518135K(2326528K), 0.0069772 secs] [Times: user=0.02 sys=0.00, real=0.01 secs] 
2018-05-17T12:09:19.556-0100: 217.786: [GC (Allocation Failure) [PSYoungGen: 1195911K->4465K(1292800K)] 1709559K->519041K(2329600K), 0.0061859 secs] [Times: user=0.02 sys=0.00, real=0.01 secs] 
2018-05-17T12:09:19.717-0100: 217.947: [GC (Allocation Failure) [PSYoungGen: 1209201K->5393K(1295872K)] 1723777K->519969K(2332672K), 0.0056771 secs] [Times: user=0.02 sys=0.00, real=0.01 secs] 
2018-05-17T12:09:19.874-0100: 218.104: [GC (Allocation Failure) [PSYoungGen: 1210129K->6233K(1298432K)] 1724705K->520809K(2335232K), 0.0061677 secs] [Times: user=0.02 sys=0.00, real=0.01 secs] 
2018-05-17T12:09:20.036-0100: 218.266: [GC (Allocation Failure) [PSYoungGen: 1225817K->6992K(1302016K)] 1740393K->521567K(2338816K), 0.0070322 secs] [Times: user=0.02 sys=0.00, real=0.01 secs] 
2018-05-17T12:09:20.343-0100: 218.573: [GC (Allocation Failure) [PSYoungGen: 1226525K->32590K(1314816K)] 1741101K->547166K(2351616K), 0.0196553 secs] [Times: user=0.07 sys=0.00, real=0.02 secs] 
2018-05-17T12:09:20.958-0100: 219.188: [GC (Allocation Failure) [PSYoungGen: 1269582K->56622K(1293824K)] 1784158K->571198K(2330624K), 0.0303307 secs] [Times: user=0.11 sys=0.00, real=0.03 secs] 
2018-05-17T12:09:21.207-0100: 219.437: [GC (Allocation Failure) [PSYoungGen: 1293614K->59318K(1297408K)] 1808190K->573893K(2334208K), 0.0300309 secs] [Times: user=0.11 sys=0.00, real=0.03 secs] 
2018-05-17T12:09:21.425-0100: 219.655: [GC (Allocation Failure) [PSYoungGen: 1270710K->61217K(1272832K)] 1785285K->575792K(2309632K), 0.0304016 secs] [Times: user=0.11 sys=0.00, real=0.03 secs] 
2018-05-17T12:09:21.636-0100: 219.865: [GC (Allocation Failure) [PSYoungGen: 1272609K->61282K(1289216K)] 1787184K->577249K(2326016K), 0.0308805 secs] [Times: user=0.12 sys=0.00, real=0.03 secs] 
2018-05-17T12:09:21.840-0100: 220.070: [GC (Allocation Failure) [PSYoungGen: 1251170K->61391K(1251328K)] 1767137K->578671K(2288128K), 0.0301069 secs] [Times: user=0.12 sys=0.00, real=0.03 secs] 
2018-05-17T12:09:22.040-0100: 220.270: [GC (Allocation Failure) [PSYoungGen: 1251279K->33127K(1296896K)] 1768559K->580230K(2333696K), 0.0319799 secs] [Times: user=0.12 sys=0.00, real=0.03 secs] 
2018-05-17T12:09:22.240-0100: 220.470: [GC (Allocation Failure) [PSYoungGen: 1222503K->9217K(1199104K)] 1769606K->581659K(2235904K), 0.0197071 secs] [Times: user=0.08 sys=0.00, real=0.02 secs] 
2018-05-17T12:09:22.420-0100: 220.650: [GC (Allocation Failure) [PSYoungGen: 1198593K->7157K(1290240K)] 1771035K->582742K(2327040K), 0.0098420 secs] [Times: user=0.03 sys=0.00, real=0.01 secs] 
2018-05-17T12:09:22.588-0100: 220.818: [GC (Allocation Failure) [PSYoungGen: 1198581K->5513K(1288192K)] 1774166K->583707K(2324992K), 0.0085603 secs] [Times: user=0.03 sys=0.00, real=0.01 secs] 
2018-05-17T12:09:22.754-0100: 220.983: [GC (Allocation Failure) [PSYoungGen: 1196937K->4454K(1298432K)] 1775131K->584656K(2335232K), 0.0072609 secs] [Times: user=0.03 sys=0.00, real=0.01 secs] 
2018-05-17T12:09:22.922-0100: 221.151: [GC (Allocation Failure) [PSYoungGen: 1209190K->4492K(1296384K)] 1789392K->585646K(2333184K), 0.0062860 secs] [Times: user=0.03 sys=0.00, real=0.00 secs] 
2018-05-17T12:09:23.084-0100: 221.314: [GC (Allocation Failure) [PSYoungGen: 1209228K->5434K(1302528K)] 1790382K->586587K(2339328K), 0.0070663 secs] [Times: user=0.03 sys=0.00, real=0.01 secs] 
2018-05-17T12:09:23.254-0100: 221.484: [GC (Allocation Failure) [PSYoungGen: 1221434K->6291K(1300992K)] 1802587K->587445K(2337792K), 0.0068034 secs] [Times: user=0.02 sys=0.00, real=0.01 secs] 
2018-05-17T12:09:23.416-0100: 221.646: [GC (Allocation Failure) [PSYoungGen: 1222291K->7044K(1309184K)] 1803445K->588198K(2345984K), 0.0074335 secs] [Times: user=0.02 sys=0.00, real=0.01 secs] 
2018-05-17T12:09:23.576-0100: 221.806: [GC (Allocation Failure) [PSYoungGen: 1236868K->7820K(1307648K)] 1818022K->588974K(2344448K), 0.0073224 secs] [Times: user=0.02 sys=0.00, real=0.01 secs] 
2018-05-17T12:09:24.248-0100: 222.478: [GC (Allocation Failure) [PSYoungGen: 1237644K->54190K(1306624K)] 1818798K->635343K(2343424K), 0.0295990 secs] [Times: user=0.12 sys=0.01, real=0.03 secs] 
2018-05-17T12:09:24.523-0100: 222.752: [GC (Allocation Failure) [PSYoungGen: 1287086K->58257K(1291264K)] 1868239K->639411K(2328064K), 0.0291284 secs] [Times: user=0.11 sys=0.00, real=0.03 secs] 
2018-05-17T12:09:24.761-0100: 222.991: [GC (Allocation Failure) [PSYoungGen: 1291153K->60612K(1295360K)] 1872307K->641766K(2332160K), 0.0297412 secs] [Times: user=0.12 sys=0.00, real=0.03 secs] 
2018-05-17T12:09:24.983-0100: 223.213: [GC (Allocation Failure) [PSYoungGen: 1266884K->61462K(1268224K)] 1848038K->643360K(2305024K), 0.0322901 secs] [Times: user=0.12 sys=0.00, real=0.03 secs] 
2018-05-17T12:09:25.197-0100: 223.427: [GC (Allocation Failure) [PSYoungGen: 1267734K->61677K(1288192K)] 1849632K->644967K(2324992K), 0.0315458 secs] [Times: user=0.12 sys=0.00, real=0.03 secs] 
2018-05-17T12:09:25.400-0100: 223.630: [GC (Allocation Failure) [PSYoungGen: 1248493K->61717K(1248768K)] 1831783K->646342K(2285568K), 0.0305528 secs] [Times: user=0.11 sys=0.00, real=0.03 secs] 
2018-05-17T12:09:25.594-0100: 223.824: [GC (Allocation Failure) [PSYoungGen: 1248533K->13196K(1292288K)] 1833158K->647993K(2329088K), 0.0349125 secs] [Times: user=0.12 sys=0.00, real=0.03 secs] 
2018-05-17T12:09:25.790-0100: 224.019: [GC (Allocation Failure) [PSYoungGen: 1196940K->8936K(1192960K)] 1831737K->649148K(2229760K), 0.0128958 secs] [Times: user=0.05 sys=0.00, real=0.01 secs] 
2018-05-17T12:09:25.961-0100: 224.191: [GC (Allocation Failure) [PSYoungGen: 1192680K->6971K(1289216K)] 1832892K->650143K(2326016K), 0.0104210 secs] [Times: user=0.04 sys=0.00, real=0.01 secs] 
2018-05-17T12:09:26.132-0100: 224.361: [GC (Allocation Failure) [PSYoungGen: 1193275K->5479K(1286656K)] 1836447K->651124K(2323456K), 0.0087118 secs] [Times: user=0.03 sys=0.00, real=0.01 secs] 
2018-05-17T12:09:26.296-0100: 224.525: [GC (Allocation Failure) [PSYoungGen: 1191783K->4576K(1294336K)] 1837428K->652148K(2331136K), 0.0072999 secs] [Times: user=0.03 sys=0.00, real=0.01 secs] 
2018-05-17T12:09:26.458-0100: 224.688: [GC (Allocation Failure) [PSYoungGen: 1202144K->4557K(1291776K)] 1849716K->653089K(2328576K), 0.0064631 secs] [Times: user=0.02 sys=0.00, real=0.01 secs] 
2018-05-17T12:09:26.618-0100: 224.848: [GC (Allocation Failure) [PSYoungGen: 1202125K->4550K(1299968K)] 1850657K->653915K(2336768K), 0.0068725 secs] [Times: user=0.03 sys=0.00, real=0.01 secs] 
2018-05-17T12:09:26.783-0100: 225.013: [GC (Allocation Failure) [PSYoungGen: 1214918K->5544K(1297920K)] 1864283K->654908K(2334720K), 0.0068662 secs] [Times: user=0.02 sys=0.00, real=0.01 secs] 
2018-05-17T12:09:26.941-0100: 225.170: [GC (Allocation Failure) [PSYoungGen: 1215912K->6222K(1306112K)] 1865276K->655587K(2342912K), 0.0065944 secs] [Times: user=0.03 sys=0.00, real=0.00 secs] 
2018-05-17T12:09:27.101-0100: 225.331: [GC (Allocation Failure) [PSYoungGen: 1230926K->6995K(1304064K)] 1880291K->656359K(2340864K), 0.0078700 secs] [Times: user=0.03 sys=0.00, real=0.00 secs] 
2018-05-17T12:09:27.820-0100: 226.050: [GC (Allocation Failure) [PSYoungGen: 1231699K->55192K(1304064K)] 1881063K->704564K(2340864K), 0.0317758 secs] [Times: user=0.12 sys=0.00, real=0.03 secs] 
2018-05-17T12:09:28.074-0100: 226.303: [GC (Allocation Failure) [PSYoungGen: 1283992K->58057K(1287168K)] 1933364K->707430K(2323968K), 0.0295704 secs] [Times: user=0.10 sys=0.00, real=0.03 secs] 
2018-05-17T12:09:28.311-0100: 226.541: [GC (Allocation Failure) [PSYoungGen: 1286857K->60265K(1293312K)] 1936230K->709637K(2330112K), 0.0294460 secs] [Times: user=0.11 sys=0.00, real=0.03 secs] 
2018-05-17T12:09:28.514-0100: 226.744: [GC (Allocation Failure) [PSYoungGen: 1262441K->60927K(1263104K)] 1911813K->711003K(2299904K), 0.0290603 secs] [Times: user=0.11 sys=0.00, real=0.03 secs] 
2018-05-17T12:09:28.726-0100: 226.956: [GC (Allocation Failure) [PSYoungGen: 1263103K->61326K(1287680K)] 1913179K->712730K(2324480K), 0.0304577 secs] [Times: user=0.11 sys=0.00, real=0.03 secs] 
2018-05-17T12:09:28.927-0100: 227.157: [GC (Allocation Failure) [PSYoungGen: 1246094K->61373K(1246208K)] 1897498K->714137K(2283008K), 0.0300351 secs] [Times: user=0.12 sys=0.00, real=0.03 secs] 
2018-05-17T12:09:29.120-0100: 227.350: [GC (Allocation Failure) [PSYoungGen: 1246141K->9420K(1290752K)] 1898905K->715615K(2327552K), 0.0321988 secs] [Times: user=0.12 sys=0.00, real=0.03 secs] 
2018-05-17T12:09:29.314-0100: 227.544: [GC (Allocation Failure) [PSYoungGen: 1190604K->7419K(1188864K)] 1896799K->716678K(2225664K), 0.0119343 secs] [Times: user=0.04 sys=0.00, real=0.01 secs] 
2018-05-17T12:09:29.485-0100: 227.715: [GC (Allocation Failure) [PSYoungGen: 1188603K->5473K(1288704K)] 1897862K->717685K(2325504K), 0.0094782 secs] [Times: user=0.03 sys=0.00, real=0.01 secs] 
2018-05-17T12:09:29.648-0100: 227.878: [GC (Allocation Failure) [PSYoungGen: 1189729K->4505K(1285632K)] 1901941K->718740K(2322432K), 0.0073019 secs] [Times: user=0.02 sys=0.00, real=0.01 secs] 
2018-05-17T12:09:29.810-0100: 228.039: [GC (Allocation Failure) [PSYoungGen: 1188761K->3454K(1293312K)] 1902996K->719689K(2330112K), 0.0065835 secs] [Times: user=0.02 sys=0.00, real=0.00 secs] 
2018-05-17T12:09:29.971-0100: 228.201: [GC (Allocation Failure) [PSYoungGen: 1198462K->3621K(1290240K)] 1914697K->720776K(2327040K), 0.0063096 secs] [Times: user=0.02 sys=0.00, real=0.00 secs] 
2018-05-17T12:09:30.133-0100: 228.363: [GC (Allocation Failure) [PSYoungGen: 1198629K->4539K(1298944K)] 1915784K->721694K(2335744K), 0.0056166 secs] [Times: user=0.02 sys=0.00, real=0.00 secs] 
2018-05-17T12:09:30.294-0100: 228.524: [GC (Allocation Failure) [PSYoungGen: 1212347K->5424K(1295872K)] 1929502K->722579K(2332672K), 0.0064125 secs] [Times: user=0.03 sys=0.00, real=0.01 secs] 
2018-05-17T12:09:30.454-0100: 228.684: [GC (Allocation Failure) [PSYoungGen: 1213232K->6136K(1305600K)] 1930387K->723292K(2342400K), 0.0071587 secs] [Times: user=0.03 sys=0.00, real=0.01 secs] 
2018-05-17T12:09:30.915-0100: 229.145: [GC (Allocation Failure) [PSYoungGen: 1228792K->47968K(1302016K)] 1945948K->765131K(2338816K), 0.0241937 secs] [Times: user=0.09 sys=0.00, real=0.02 secs] 
2018-05-17T12:09:31.371-0100: 229.601: [GC (Allocation Failure) [PSYoungGen: 1270624K->56008K(1299968K)] 1987787K->773172K(2336768K), 0.0299173 secs] [Times: user=0.12 sys=0.00, real=0.03 secs] 
2018-05-17T12:09:31.616-0100: 229.846: [GC (Allocation Failure) [PSYoungGen: 1271496K->58600K(1274368K)] 1988660K->775763K(2311168K), 0.0282002 secs] [Times: user=0.11 sys=0.00, real=0.03 secs] 
2018-05-17T12:09:31.833-0100: 230.063: [GC (Allocation Failure) [PSYoungGen: 1274088K->59743K(1290240K)] 1991251K->777594K(2327040K), 0.0286738 secs] [Times: user=0.11 sys=0.00, real=0.03 secs] 
2018-05-17T12:09:32.040-0100: 230.269: [GC (Allocation Failure) [PSYoungGen: 1252703K->59925K(1253376K)] 1970554K->779080K(2290176K), 0.0303289 secs] [Times: user=0.12 sys=0.00, real=0.03 secs] 
2018-05-17T12:09:32.244-0100: 230.474: [GC (Allocation Failure) [PSYoungGen: 1252885K->28211K(1298432K)] 1972040K->780722K(2335232K), 0.0317733 secs] [Times: user=0.11 sys=0.00, real=0.03 secs] 
2018-05-17T12:09:32.444-0100: 230.674: [GC (Allocation Failure) [PSYoungGen: 1220659K->7997K(1200640K)] 1973170K->782350K(2237440K), 0.0164731 secs] [Times: user=0.06 sys=0.00, real=0.02 secs] 
2018-05-17T12:09:32.622-0100: 230.852: [GC (Allocation Failure) [PSYoungGen: 1200445K->6053K(1292288K)] 1974798K->783543K(2329088K), 0.0106270 secs] [Times: user=0.03 sys=0.00, real=0.01 secs] 
2018-05-17T12:09:32.794-0100: 231.024: [GC (Allocation Failure) [PSYoungGen: 1201061K->4398K(1289728K)] 1978551K->784560K(2326528K), 0.0084734 secs] [Times: user=0.03 sys=0.00, real=0.01 secs] 
2018-05-17T12:09:32.963-0100: 231.193: [GC (Allocation Failure) [PSYoungGen: 1199406K->3373K(1300480K)] 1979568K->785694K(2337280K), 0.0076940 secs] [Times: user=0.02 sys=0.00, real=0.01 secs] 
2018-05-17T12:09:33.141-0100: 231.371: [GC (Allocation Failure) [PSYoungGen: 1211693K->3451K(1297920K)] 1994014K->786813K(2334720K), 0.0075915 secs] [Times: user=0.03 sys=0.00, real=0.00 secs] 
2018-05-17T12:09:33.308-0100: 231.538: [GC (Allocation Failure) [PSYoungGen: 1211771K->4542K(1304576K)] 1995133K->787904K(2341376K), 0.0071095 secs] [Times: user=0.02 sys=0.00, real=0.01 secs] 
2018-05-17T12:09:33.474-0100: 231.704: [GC (Allocation Failure) [PSYoungGen: 1224126K->5490K(1302528K)] 2007488K->788851K(2339328K), 0.0072621 secs] [Times: user=0.03 sys=0.00, real=0.01 secs] 
2018-05-17T12:09:33.639-0100: 231.868: [GC (Allocation Failure) [PSYoungGen: 1225074K->6312K(1310720K)] 2008435K->789674K(2347520K), 0.0076361 secs] [Times: user=0.03 sys=0.00, real=0.01 secs] 
2018-05-17T12:09:33.801-0100: 232.030: [GC (Allocation Failure) [PSYoungGen: 1240232K->7088K(1308672K)] 2023594K->790449K(2345472K), 0.0073677 secs] [Times: user=0.03 sys=0.00, real=0.00 secs] 
2018-05-17T12:09:33.967-0100: 232.196: [GC (Allocation Failure) [PSYoungGen: 1241008K->7795K(1318912K)] 2024369K->791157K(2355712K), 0.0086298 secs] [Times: user=0.03 sys=0.00, real=0.01 secs] 
2018-05-17T12:09:34.643-0100: 232.873: [GC (Allocation Failure) [PSYoungGen: 1258099K->54752K(1317376K)] 2041461K->838121K(2354176K), 0.0313243 secs] [Times: user=0.12 sys=0.00, real=0.03 secs] 
2018-05-17T12:09:34.919-0100: 233.149: [GC (Allocation Failure) [PSYoungGen: 1305056K->58442K(1304064K)] 2088425K->841812K(2340864K), 0.0293604 secs] [Times: user=0.11 sys=0.00, real=0.03 secs] 
2018-05-17T12:09:35.152-0100: 233.382: [GC (Allocation Failure) [PSYoungGen: 1286218K->60685K(1288704K)] 2069588K->844054K(2325504K), 0.0298318 secs] [Times: user=0.12 sys=0.00, real=0.03 secs] 
2018-05-17T12:09:35.366-0100: 233.595: [GC (Allocation Failure) [PSYoungGen: 1288461K->61585K(1291776K)] 2071830K->845706K(2328576K), 0.0304896 secs] [Times: user=0.12 sys=0.00, real=0.03 secs] 
2018-05-17T12:09:35.579-0100: 233.808: [GC (Allocation Failure) [PSYoungGen: 1260689K->61754K(1261056K)] 2044810K->847268K(2297856K), 0.0313398 secs] [Times: user=0.12 sys=0.00, real=0.04 secs] 
2018-05-17T12:09:35.782-0100: 234.011: [GC (Allocation Failure) [PSYoungGen: 1260858K->61879K(1286656K)] 2046372K->848728K(2323456K), 0.0305404 secs] [Times: user=0.12 sys=0.01, real=0.03 secs] 
2018-05-17T12:09:35.978-0100: 234.208: [GC (Allocation Failure) [PSYoungGen: 1244599K->12936K(1290240K)] 2031448K->850401K(2327040K), 0.0323660 secs] [Times: user=0.12 sys=0.00, real=0.04 secs] 
2018-05-17T12:09:36.170-0100: 234.400: [GC (Allocation Failure) [PSYoungGen: 1195656K->8851K(1283584K)] 2033121K->851348K(2320384K), 0.0136702 secs] [Times: user=0.05 sys=0.00, real=0.01 secs] 
2018-05-17T12:09:36.342-0100: 234.572: [GC (Allocation Failure) [PSYoungGen: 1194643K->6924K(1287168K)] 2037140K->852390K(2323968K), 0.0107026 secs] [Times: user=0.03 sys=0.00, real=0.01 secs] 
2018-05-17T12:09:36.513-0100: 234.743: [GC (Allocation Failure) [PSYoungGen: 1192716K->5608K(1289216K)] 2038182K->853522K(2326016K), 0.0085987 secs] [Times: user=0.04 sys=0.00, real=0.01 secs] 
2018-05-17T12:09:36.678-0100: 234.908: [GC (Allocation Failure) [PSYoungGen: 1203176K->4520K(1293312K)] 2051090K->854362K(2330112K), 0.0081857 secs] [Times: user=0.03 sys=0.00, real=0.01 secs] 
2018-05-17T12:09:36.843-0100: 235.073: [GC (Allocation Failure) [PSYoungGen: 1202088K->4430K(1293824K)] 2051930K->855224K(2330624K), 0.0083135 secs] [Times: user=0.02 sys=0.00, real=0.01 secs] 
2018-05-17T12:09:37.007-0100: 235.237: [GC (Allocation Failure) [PSYoungGen: 1213774K->4588K(1298432K)] 2064568K->856222K(2335232K), 0.0070664 secs] [Times: user=0.02 sys=0.00, real=0.01 secs] 
2018-05-17T12:09:37.165-0100: 235.395: [GC (Allocation Failure) [PSYoungGen: 1213932K->5405K(1300480K)] 2065566K->857039K(2337280K), 0.0064142 secs] [Times: user=0.02 sys=0.00, real=0.01 secs] 
2018-05-17T12:09:37.326-0100: 235.556: [GC (Allocation Failure) [PSYoungGen: 1228573K->6300K(1305088K)] 2080207K->857934K(2341888K), 0.0074539 secs] [Times: user=0.03 sys=0.00, real=0.01 secs] 
2018-05-17T12:09:37.487-0100: 235.717: [GC (Allocation Failure) [PSYoungGen: 1229468K->6996K(1307136K)] 2081102K->858630K(2343936K), 0.0071673 secs] [Times: user=0.03 sys=0.00, real=0.01 secs] 
2018-05-17T12:09:38.216-0100: 236.446: [GC (Allocation Failure) [PSYoungGen: 1245012K->55672K(1311744K)] 2096646K->907313K(2348544K), 0.0311891 secs] [Times: user=0.12 sys=0.00, real=0.03 secs] 
2018-05-17T12:09:38.469-0100: 236.698: [GC (Allocation Failure) [PSYoungGen: 1293688K->58379K(1299968K)] 2145329K->910021K(2336768K), 0.0290917 secs] [Times: user=0.11 sys=0.00, real=0.03 secs] 
2018-05-17T12:09:38.688-0100: 236.917: [GC (Allocation Failure) [PSYoungGen: 1275915K->60440K(1278464K)] 2127557K->912081K(2315264K), 0.0290658 secs] [Times: user=0.11 sys=0.00, real=0.03 secs] 
2018-05-17T12:09:38.900-0100: 237.130: [GC (Allocation Failure) [PSYoungGen: 1277976K->61144K(1289728K)] 2129617K->913481K(2326528K), 0.0300643 secs] [Times: user=0.12 sys=0.00, real=0.03 secs] 
2018-05-17T12:09:39.102-0100: 237.332: [GC (Allocation Failure) [PSYoungGen: 1254104K->61416K(1254400K)] 2106441K->915074K(2291200K), 0.0317942 secs] [Times: user=0.11 sys=0.00, real=0.03 secs] 
2018-05-17T12:09:39.311-0100: 237.541: [GC (Allocation Failure) [PSYoungGen: 1254376K->61447K(1286144K)] 2108034K->916469K(2322944K), 0.0306311 secs] [Times: user=0.12 sys=0.00, real=0.03 secs] 
2018-05-17T12:09:39.504-0100: 237.734: [GC (Allocation Failure) [PSYoungGen: 1241095K->9293K(1288704K)] 2096117K->917965K(2325504K), 0.0318768 secs] [Times: user=0.12 sys=0.00, real=0.03 secs] 
2018-05-17T12:09:39.695-0100: 237.925: [GC (Allocation Failure) [PSYoungGen: 1188941K->7140K(1282048K)] 2097613K->918980K(2318848K), 0.0106434 secs] [Times: user=0.04 sys=0.00, real=0.01 secs] 
2018-05-17T12:09:39.865-0100: 238.094: [GC (Allocation Failure) [PSYoungGen: 1188836K->5575K(1285632K)] 2100676K->920087K(2322432K), 0.0090617 secs] [Times: user=0.03 sys=0.00, real=0.01 secs] 
2018-05-17T12:09:40.030-0100: 238.259: [GC (Allocation Failure) [PSYoungGen: 1187271K->4502K(1286656K)] 2101783K->921014K(2323456K), 0.0077917 secs] [Times: user=0.03 sys=0.00, real=0.00 secs] 
2018-05-17T12:09:40.193-0100: 238.423: [GC (Allocation Failure) [PSYoungGen: 1196950K->3508K(1290752K)] 2113462K->921980K(2327552K), 0.0072956 secs] [Times: user=0.03 sys=0.00, real=0.01 secs] 
2018-05-17T12:09:40.363-0100: 238.592: [GC (Allocation Failure) [PSYoungGen: 1195956K->3528K(1291264K)] 2114428K->922928K(2328064K), 0.0058844 secs] [Times: user=0.02 sys=0.00, real=0.00 secs] 
2018-05-17T12:09:40.521-0100: 238.751: [GC (Allocation Failure) [PSYoungGen: 1207752K->4507K(1295872K)] 2127152K->923907K(2332672K), 0.0073900 secs] [Times: user=0.03 sys=0.00, real=0.00 secs] 
2018-05-17T12:09:40.683-0100: 238.913: [GC (Allocation Failure) [PSYoungGen: 1208731K->5378K(1297408K)] 2128131K->924778K(2334208K), 0.0068608 secs] [Times: user=0.03 sys=0.00, real=0.01 secs] 
2018-05-17T12:09:40.844-0100: 239.074: [GC (Allocation Failure) [PSYoungGen: 1223938K->6198K(1302016K)] 2143338K->925598K(2338816K), 0.0068156 secs] [Times: user=0.03 sys=0.00, real=0.01 secs] 
2018-05-17T12:09:41.455-0100: 239.684: [GC (Allocation Failure) [PSYoungGen: 1224758K->50527K(1307136K)] 2144158K->969935K(2343936K), 0.0302499 secs] [Times: user=0.11 sys=0.00, real=0.03 secs] 
2018-05-17T12:09:41.777-0100: 240.007: [GC (Allocation Failure) [PSYoungGen: 1278303K->56347K(1284608K)] 2197711K->975755K(2321408K), 0.0301433 secs] [Times: user=0.12 sys=0.00, real=0.03 secs] 
2018-05-17T12:09:42.014-0100: 240.244: [GC (Allocation Failure) [PSYoungGen: 1284123K->58875K(1294336K)] 2203531K->978283K(2331136K), 0.0291096 secs] [Times: user=0.11 sys=0.00, real=0.03 secs] 
2018-05-17T12:09:42.222-0100: 240.452: [GC (Allocation Failure) [PSYoungGen: 1261051K->59885K(1262080K)] 2180459K->979981K(2298880K), 0.0298172 secs] [Times: user=0.11 sys=0.00, real=0.03 secs] 
2018-05-17T12:09:42.436-0100: 240.665: [GC (Allocation Failure) [PSYoungGen: 1262061K->60208K(1287680K)] 2182157K->981624K(2324480K), 0.0298135 secs] [Times: user=0.11 sys=0.00, real=0.03 secs] 
2018-05-17T12:09:42.634-0100: 240.863: [GC (Allocation Failure) [PSYoungGen: 1244976K->13324K(1291264K)] 2166392K->983285K(2328064K), 0.0314192 secs] [Times: user=0.12 sys=0.00, real=0.03 secs] 
2018-05-17T12:09:42.829-0100: 241.059: [GC (Allocation Failure) [PSYoungGen: 1198092K->7867K(1285120K)] 2168053K->984692K(2321920K), 0.0150206 secs] [Times: user=0.06 sys=0.00, real=0.02 secs] 
2018-05-17T12:09:43.006-0100: 241.236: [GC (Allocation Failure) [PSYoungGen: 1196219K->5980K(1288192K)] 2173044K->985869K(2324992K), 0.0114886 secs] [Times: user=0.04 sys=0.00, real=0.01 secs] 
2018-05-17T12:09:43.181-0100: 241.411: [GC (Allocation Failure) [PSYoungGen: 1194332K->4483K(1291776K)] 2174221K->986964K(2328576K), 0.0105242 secs] [Times: user=0.04 sys=0.00, real=0.01 secs] 
2018-05-17T12:09:43.353-0100: 241.583: [GC (Allocation Failure) [PSYoungGen: 1205635K->3434K(1294848K)] 2188116K->988027K(2331648K), 0.0080052 secs] [Times: user=0.03 sys=0.00, real=0.01 secs] 
2018-05-17T12:09:43.518-0100: 241.748: [GC (Allocation Failure) [PSYoungGen: 1204586K->3441K(1296896K)] 2189179K->989098K(2333696K), 0.0073221 secs] [Times: user=0.03 sys=0.00, real=0.01 secs] 
2018-05-17T12:09:43.683-0100: 241.912: [GC (Allocation Failure) [PSYoungGen: 1216881K->3537K(1300480K)] 2202538K->990178K(2337280K), 0.0075474 secs] [Times: user=0.02 sys=0.00, real=0.01 secs] 
2018-05-17T12:09:43.842-0100: 242.072: [GC (Allocation Failure) [PSYoungGen: 1216977K->4800K(1302528K)] 2203618K->991441K(2339328K), 0.0063173 secs] [Times: user=0.02 sys=0.00, real=0.00 secs] 
2018-05-17T12:09:44.006-0100: 242.236: [GC (Allocation Failure) [PSYoungGen: 1232064K->5375K(1306624K)] 2218705K->992016K(2343424K), 0.0069290 secs] [Times: user=0.03 sys=0.00, real=0.01 secs] 
2018-05-17T12:09:44.170-0100: 242.400: [GC (Allocation Failure) [PSYoungGen: 1232639K->6201K(1310208K)] 2219280K->992842K(2347008K), 0.0073715 secs] [Times: user=0.02 sys=0.00, real=0.00 secs] 
2018-05-17T12:09:44.337-0100: 242.567: [GC (Allocation Failure) [PSYoungGen: 1249337K->7025K(1314304K)] 2235978K->993665K(2351104K), 0.0084891 secs] [Times: user=0.02 sys=0.00, real=0.01 secs] 
2018-05-17T12:09:45.051-0100: 243.281: [GC (Allocation Failure) [PSYoungGen: 1250161K->54852K(1311232K)] 2236801K->1041501K(2348032K), 0.0314982 secs] [Times: user=0.12 sys=0.00, real=0.03 secs] 
2018-05-17T12:09:45.321-0100: 243.550: [GC (Allocation Failure) [PSYoungGen: 1299012K->57944K(1302528K)] 2285661K->1044593K(2339328K), 0.0296494 secs] [Times: user=0.12 sys=0.00, real=0.03 secs] 
2018-05-17T12:09:45.548-0100: 243.778: [GC (Allocation Failure) [PSYoungGen: 1302104K->60209K(1296896K)] 2288753K->1046857K(2333696K), 0.0296843 secs] [Times: user=0.11 sys=0.00, real=0.03 secs] 
2018-05-17T12:09:45.758-0100: 243.988: [GC (Allocation Failure) [PSYoungGen: 1271601K->60962K(1272832K)] 2258249K->1048330K(2309632K), 0.0301166 secs] [Times: user=0.12 sys=0.00, real=0.03 secs] 
2018-05-17T12:09:45.965-0100: 244.195: [GC (Allocation Failure) [PSYoungGen: 1272354K->61312K(1289216K)] 2259722K->1050009K(2326016K), 0.0326961 secs] [Times: user=0.12 sys=0.00, real=0.03 secs] 
2018-05-17T12:09:46.167-0100: 244.397: [GC (Allocation Failure) [PSYoungGen: 1251200K->61406K(1251328K)] 2239897K->1051487K(2288128K), 0.0310290 secs] [Times: user=0.12 sys=0.01, real=0.03 secs] 
2018-05-17T12:09:46.362-0100: 244.591: [GC (Allocation Failure) [PSYoungGen: 1251294K->9593K(1292800K)] 2241375K->1052932K(2336256K), 0.0442551 secs] [Times: user=0.13 sys=0.03, real=0.04 secs] 
2018-05-17T12:09:46.406-0100: 244.636: [Full GC (Ergonomics) [PSYoungGen: 9593K->0K(1292800K)] [ParOldGen: 1043339K->569454K(1127936K)] 1052932K->569454K(2420736K), [Metaspace: 42262K->42262K(1087488K)], 2.2470848 secs] [Times: user=5.68 sys=0.02, real=2.25 secs] 
2018-05-17T12:09:48.810-0100: 247.039: [GC (Allocation Failure) [PSYoungGen: 1185280K->3404K(1188864K)] 1754734K->572858K(2316800K), 0.0055332 secs] [Times: user=0.02 sys=0.00, real=0.00 secs] 
2018-05-17T12:09:48.979-0100: 247.209: [GC (GCLocker Initiated GC) [PSYoungGen: 1188678K->4481K(1291264K)] 1758147K->573950K(2419200K), 0.0066065 secs] [Times: user=0.03 sys=0.00, real=0.01 secs] 
2018-05-17T12:09:49.142-0100: 247.372: [GC (Allocation Failure) [PSYoungGen: 1192833K->4415K(1288192K)] 1762502K->575154K(2416128K), 0.0066937 secs] [Times: user=0.03 sys=0.00, real=0.00 secs] 
2018-05-17T12:09:49.305-0100: 247.535: [GC (Allocation Failure) [PSYoungGen: 1192767K->4584K(1294336K)] 1763506K->576275K(2422272K), 0.0062858 secs] [Times: user=0.02 sys=0.01, real=0.01 secs] 
2018-05-17T12:09:49.463-0100: 247.692: [GC (Allocation Failure) [PSYoungGen: 1203176K->5581K(1291776K)] 1774867K->577271K(2419712K), 0.0067443 secs] [Times: user=0.02 sys=0.00, real=0.00 secs] 
2018-05-17T12:09:49.623-0100: 247.852: [GC (Allocation Failure) [PSYoungGen: 1204173K->6262K(1300480K)] 1775863K->577952K(2428416K), 0.0069433 secs] [Times: user=0.02 sys=0.00, real=0.01 secs] 
2018-05-17T12:09:49.785-0100: 248.015: [GC (Allocation Failure) [PSYoungGen: 1219190K->7077K(1297920K)] 1790880K->578768K(2425856K), 0.0080261 secs] [Times: user=0.03 sys=0.00, real=0.01 secs] 
2018-05-17T12:09:49.949-0100: 248.179: [GC (Allocation Failure) [PSYoungGen: 1220005K->7837K(1308160K)] 1791696K->579527K(2436096K), 0.0079636 secs] [Times: user=0.03 sys=0.00, real=0.01 secs] 
2018-05-17T12:09:50.409-0100: 248.639: [GC (Allocation Failure) [PSYoungGen: 1231236K->44182K(1306112K)] 1802926K->615880K(2434048K), 0.0239713 secs] [Times: user=0.09 sys=0.00, real=0.03 secs] 
2018-05-17T12:09:50.870-0100: 249.100: [GC (Allocation Failure) [PSYoungGen: 1274006K->57470K(1302016K)] 1845704K->629168K(2429952K), 0.0312343 secs] [Times: user=0.12 sys=0.00, real=0.03 secs] 
2018-05-17T12:09:51.116-0100: 249.345: [GC (Allocation Failure) [PSYoungGen: 1279102K->60131K(1282048K)] 1850800K->631829K(2409984K), 0.0305885 secs] [Times: user=0.12 sys=0.00, real=0.03 secs] 
2018-05-17T12:09:51.336-0100: 249.565: [GC (Allocation Failure) [PSYoungGen: 1281763K->61150K(1291264K)] 1853461K->633676K(2419200K), 0.0311106 secs] [Times: user=0.12 sys=0.00, real=0.03 secs] 
2018-05-17T12:09:51.543-0100: 249.773: [GC (Allocation Failure) [PSYoungGen: 1257182K->61239K(1257472K)] 1829708K->635149K(2385408K), 0.0302103 secs] [Times: user=0.11 sys=0.01, real=0.03 secs] 
2018-05-17T12:09:51.749-0100: 249.979: [GC (Allocation Failure) [PSYoungGen: 1257271K->61478K(1286656K)] 1831181K->636708K(2414592K), 0.0304734 secs] [Times: user=0.11 sys=0.00, real=0.04 secs] 
2018-05-17T12:09:51.946-0100: 250.175: [GC (Allocation Failure) [PSYoungGen: 1243174K->30518K(1212416K)] 1818404K->638184K(2340352K), 0.0315141 secs] [Times: user=0.12 sys=0.00, real=0.03 secs] 
2018-05-17T12:09:52.150-0100: 250.379: [GC (Allocation Failure) [PSYoungGen: 1212214K->9143K(1288704K)] 1819880K->639543K(2416640K), 0.0167998 secs] [Times: user=0.06 sys=0.00, real=0.01 secs] 
2018-05-17T12:09:52.328-0100: 250.558: [GC (Allocation Failure) [PSYoungGen: 1195959K->7028K(1286656K)] 1826359K->640563K(2414592K), 0.0108755 secs] [Times: user=0.04 sys=0.00, real=0.01 secs] 
2018-05-17T12:09:52.495-0100: 250.725: [GC (Allocation Failure) [PSYoungGen: 1193844K->5597K(1295872K)] 1827379K->641748K(2423808K), 0.0080951 secs] [Times: user=0.03 sys=0.01, real=0.01 secs] 
2018-05-17T12:09:52.660-0100: 250.890: [GC (Allocation Failure) [PSYoungGen: 1203677K->4509K(1293824K)] 1839828K->642661K(2421760K), 0.0072442 secs] [Times: user=0.03 sys=0.00, real=0.00 secs] 
2018-05-17T12:09:52.826-0100: 251.055: [GC (Allocation Failure) [PSYoungGen: 1202589K->4624K(1298944K)] 1840741K->643735K(2426880K), 0.0066363 secs] [Times: user=0.02 sys=0.00, real=0.01 secs] 
2018-05-17T12:09:52.986-0100: 251.216: [GC (Allocation Failure) [PSYoungGen: 1211920K->4508K(1296896K)] 1851031K->644507K(2424832K), 0.0066501 secs] [Times: user=0.03 sys=0.00, real=0.01 secs] 
2018-05-17T12:09:53.154-0100: 251.384: [GC (Allocation Failure) [PSYoungGen: 1211804K->5337K(1304576K)] 1851803K->645336K(2432512K), 0.0073086 secs] [Times: user=0.02 sys=0.00, real=0.01 secs] 
2018-05-17T12:09:53.320-0100: 251.550: [GC (Allocation Failure) [PSYoungGen: 1225433K->6162K(1303040K)] 1865432K->646161K(2430976K), 0.0072367 secs] [Times: user=0.03 sys=0.00, real=0.00 secs] 
2018-05-17T12:09:53.481-0100: 251.711: [GC (Allocation Failure) [PSYoungGen: 1226258K->6994K(1310720K)] 1866257K->646993K(2438656K), 0.0071053 secs] [Times: user=0.02 sys=0.00, real=0.00 secs] 
2018-05-17T12:09:54.149-0100: 252.378: [GC (Allocation Failure) [PSYoungGen: 1241426K->53268K(1309184K)] 1881425K->693275K(2437120K), 0.0289045 secs] [Times: user=0.11 sys=0.00, real=0.03 secs] 
2018-05-17T12:09:54.437-0100: 252.667: [GC (Allocation Failure) [PSYoungGen: 1287700K->57484K(1300992K)] 1927707K->697491K(2428928K), 0.0297215 secs] [Times: user=0.11 sys=0.00, real=0.03 secs] 
2018-05-17T12:09:54.674-0100: 252.904: [GC (Allocation Failure) [PSYoungGen: 1276044K->59922K(1278976K)] 1916051K->699929K(2406912K), 0.0298466 secs] [Times: user=0.11 sys=0.00, real=0.03 secs] 
2018-05-17T12:09:54.887-0100: 253.117: [GC (Allocation Failure) [PSYoungGen: 1278482K->60802K(1291264K)] 1918489K->701529K(2419200K), 0.0302983 secs] [Times: user=0.11 sys=0.00, real=0.03 secs] 
2018-05-17T12:09:55.095-0100: 253.325: [GC (Allocation Failure) [PSYoungGen: 1255810K->60998K(1256448K)] 1896537K->703045K(2384384K), 0.0303663 secs] [Times: user=0.11 sys=0.00, real=0.03 secs] 
2018-05-17T12:09:55.315-0100: 253.545: [GC (Allocation Failure) [PSYoungGen: 1256006K->61016K(1287168K)] 1898053K->704423K(2415104K), 0.0425524 secs] [Times: user=0.11 sys=0.00, real=0.04 secs] 
2018-05-17T12:09:55.532-0100: 253.761: [GC (Allocation Failure) [PSYoungGen: 1242712K->9915K(1289728K)] 1886119K->706145K(2417664K), 0.0319655 secs] [Times: user=0.13 sys=0.00, real=0.03 secs] 
2018-05-17T12:09:55.722-0100: 253.951: [GC (Allocation Failure) [PSYoungGen: 1191611K->7498K(1284096K)] 1887841K->707240K(2412032K), 0.0114439 secs] [Times: user=0.04 sys=0.00, real=0.01 secs] 
2018-05-17T12:09:55.894-0100: 254.124: [GC (Allocation Failure) [PSYoungGen: 1191242K->5732K(1287168K)] 1890984K->708258K(2415104K), 0.0092464 secs] [Times: user=0.03 sys=0.00, real=0.01 secs] 
2018-05-17T12:09:56.062-0100: 254.292: [GC (Allocation Failure) [PSYoungGen: 1189476K->4557K(1289216K)] 1892002K->709411K(2417152K), 0.0079165 secs] [Times: user=0.03 sys=0.00, real=0.01 secs] 
2018-05-17T12:09:56.226-0100: 254.455: [GC (Allocation Failure) [PSYoungGen: 1198541K->3479K(1291776K)] 1903395K->710349K(2419712K), 0.0063680 secs] [Times: user=0.03 sys=0.00, real=0.01 secs] 
2018-05-17T12:09:56.390-0100: 254.620: [GC (Allocation Failure) [PSYoungGen: 1197463K->3550K(1293312K)] 1904333K->711356K(2421248K), 0.0057413 secs] [Times: user=0.02 sys=0.01, real=0.00 secs] 
2018-05-17T12:09:56.551-0100: 254.780: [GC (Allocation Failure) [PSYoungGen: 1208798K->4658K(1296384K)] 1916604K->712464K(2424320K), 0.0063426 secs] [Times: user=0.02 sys=0.00, real=0.00 secs] 
2018-05-17T12:09:56.710-0100: 254.940: [GC (Allocation Failure) [PSYoungGen: 1209906K->5421K(1299456K)] 1917712K->713227K(2427392K), 0.0058829 secs] [Times: user=0.03 sys=0.00, real=0.00 secs] 
2018-05-17T12:09:56.873-0100: 255.102: [GC (Allocation Failure) [PSYoungGen: 1225005K->6157K(1302528K)] 1932811K->713963K(2430464K), 0.0068884 secs] [Times: user=0.03 sys=0.00, real=0.01 secs] 
2018-05-17T12:09:57.036-0100: 255.266: [GC (Allocation Failure) [PSYoungGen: 1225741K->7028K(1307648K)] 1933547K->714834K(2435584K), 0.0075263 secs] [Times: user=0.02 sys=0.00, real=0.01 secs] 
2018-05-17T12:09:57.750-0100: 255.980: [GC (Allocation Failure) [PSYoungGen: 1242996K->55160K(1310720K)] 1950802K->762974K(2438656K), 0.0304186 secs] [Times: user=0.12 sys=0.00, real=0.03 secs] 
2018-05-17T12:09:58.009-0100: 256.238: [GC (Allocation Failure) [PSYoungGen: 1291128K->58150K(1299456K)] 1998942K->765964K(2427392K), 0.0291529 secs] [Times: user=0.11 sys=0.00, real=0.03 secs] 
2018-05-17T12:09:58.241-0100: 256.471: [GC (Allocation Failure) [PSYoungGen: 1274662K->60293K(1276928K)] 1982476K->768107K(2404864K), 0.0300107 secs] [Times: user=0.11 sys=0.00, real=0.03 secs] 
2018-05-17T12:09:58.456-0100: 256.685: [GC (Allocation Failure) [PSYoungGen: 1276805K->61017K(1289216K)] 1984619K->769535K(2417152K), 0.0307420 secs] [Times: user=0.11 sys=0.00, real=0.03 secs] 
2018-05-17T12:09:58.666-0100: 256.896: [GC (Allocation Failure) [PSYoungGen: 1252953K->61314K(1253376K)] 1961471K->771144K(2381312K), 0.0302745 secs] [Times: user=0.11 sys=0.00, real=0.03 secs] 
2018-05-17T12:09:58.864-0100: 257.094: [GC (Allocation Failure) [PSYoungGen: 1253250K->61333K(1285632K)] 1963080K->772515K(2413568K), 0.0302940 secs] [Times: user=0.12 sys=0.00, real=0.03 secs] 
2018-05-17T12:09:59.059-0100: 257.288: [GC (Allocation Failure) [PSYoungGen: 1239957K->9416K(1288192K)] 1951139K->774040K(2416128K), 0.0318902 secs] [Times: user=0.12 sys=0.00, real=0.04 secs] 
2018-05-17T12:09:59.251-0100: 257.481: [GC (Allocation Failure) [PSYoungGen: 1188040K->7501K(1283072K)] 1952664K->775188K(2411008K), 0.0120954 secs] [Times: user=0.04 sys=0.00, real=0.01 secs] 
2018-05-17T12:09:59.419-0100: 257.648: [GC (Allocation Failure) [PSYoungGen: 1188623K->5466K(1285632K)] 1956311K->776114K(2413568K), 0.0097808 secs] [Times: user=0.03 sys=0.00, real=0.01 secs] 
2018-05-17T12:09:59.584-0100: 257.814: [GC (Allocation Failure) [PSYoungGen: 1186650K->4490K(1287680K)] 1957298K->777154K(2415616K), 0.0075770 secs] [Times: user=0.02 sys=0.00, real=0.01 secs] 
2018-05-17T12:09:59.747-0100: 257.977: [GC (Allocation Failure) [PSYoungGen: 1196426K->3427K(1290240K)] 1969090K->778090K(2418176K), 0.0067084 secs] [Times: user=0.02 sys=0.00, real=0.01 secs] 
2018-05-17T12:09:59.911-0100: 258.140: [GC (Allocation Failure) [PSYoungGen: 1195363K->3622K(1292800K)] 1970026K->779214K(2420736K), 0.0067968 secs] [Times: user=0.02 sys=0.00, real=0.00 secs] 
2018-05-17T12:10:00.075-0100: 258.304: [GC (Allocation Failure) [PSYoungGen: 1207846K->4541K(1295872K)] 1983438K->780133K(2423808K), 0.0065771 secs] [Times: user=0.02 sys=0.00, real=0.01 secs] 
2018-05-17T12:10:00.235-0100: 258.465: [GC (Allocation Failure) [PSYoungGen: 1208765K->5379K(1298944K)] 1984357K->780970K(2426880K), 0.0067599 secs] [Times: user=0.02 sys=0.00, real=0.01 secs] 
2018-05-17T12:10:00.399-0100: 258.628: [GC (Allocation Failure) [PSYoungGen: 1223939K->6189K(1302016K)] 1999530K->781781K(2429952K), 0.0070187 secs] [Times: user=0.03 sys=0.00, real=0.01 secs] 
2018-05-17T12:10:00.853-0100: 259.082: [GC (Allocation Failure) [PSYoungGen: 1224749K->47359K(1308672K)] 2000341K->822951K(2436608K), 0.0243567 secs] [Times: user=0.09 sys=0.00, real=0.02 secs] 
2018-05-17T12:10:01.310-0100: 259.539: [GC (Allocation Failure) [PSYoungGen: 1276671K->56039K(1285632K)] 2052263K->831630K(2413568K), 0.0300620 secs] [Times: user=0.11 sys=0.00, real=0.03 secs] 
2018-05-17T12:10:01.551-0100: 259.781: [GC (Allocation Failure) [PSYoungGen: 1285351K->58723K(1293824K)] 2060942K->834314K(2421760K), 0.0285548 secs] [Times: user=0.10 sys=0.00, real=0.03 secs] 
2018-05-17T12:10:01.768-0100: 259.998: [GC (Allocation Failure) [PSYoungGen: 1261923K->59789K(1263104K)] 2037514K->836068K(2391040K), 0.0290442 secs] [Times: user=0.11 sys=0.00, real=0.03 secs] 
2018-05-17T12:10:01.977-0100: 260.206: [GC (Allocation Failure) [PSYoungGen: 1262989K->60088K(1287680K)] 2039268K->837680K(2415616K), 0.0303549 secs] [Times: user=0.12 sys=0.00, real=0.03 secs] 
2018-05-17T12:10:02.179-0100: 260.408: [GC (Allocation Failure) [PSYoungGen: 1245880K->28785K(1214976K)] 2023472K->839176K(2342912K), 0.0314111 secs] [Times: user=0.12 sys=0.01, real=0.04 secs] 
2018-05-17T12:10:02.378-0100: 260.607: [GC (Allocation Failure) [PSYoungGen: 1214577K->8034K(1291264K)] 2024968K->840900K(2419200K), 0.0179534 secs] [Times: user=0.06 sys=0.00, real=0.02 secs] 
2018-05-17T12:10:02.558-0100: 260.788: [GC (Allocation Failure) [PSYoungGen: 1199970K->6060K(1289216K)] 2032836K->842061K(2417152K), 0.0102995 secs] [Times: user=0.03 sys=0.00, real=0.01 secs] 
2018-05-17T12:10:02.733-0100: 260.963: [GC (Allocation Failure) [PSYoungGen: 1197996K->4462K(1297920K)] 2033997K->843120K(2425856K), 0.0082381 secs] [Times: user=0.03 sys=0.00, real=0.01 secs] 
2018-05-17T12:10:02.901-0100: 261.131: [GC (Allocation Failure) [PSYoungGen: 1208174K->3368K(1295872K)] 2046832K->844161K(2423808K), 0.0071538 secs] [Times: user=0.03 sys=0.00, real=0.00 secs] 
2018-05-17T12:10:03.069-0100: 261.299: [GC (Allocation Failure) [PSYoungGen: 1207080K->3448K(1302528K)] 2047873K->845289K(2430464K), 0.0066424 secs] [Times: user=0.02 sys=0.00, real=0.01 secs] 
2018-05-17T12:10:03.239-0100: 261.469: [GC (Allocation Failure) [PSYoungGen: 1217912K->4519K(1300480K)] 2059753K->846361K(2428416K), 0.0060576 secs] [Times: user=0.03 sys=0.00, real=0.01 secs] 
2018-05-17T12:10:03.401-0100: 261.630: [GC (Allocation Failure) [PSYoungGen: 1218983K->5402K(1307648K)] 2060825K->847244K(2435584K), 0.0065533 secs] [Times: user=0.03 sys=0.00, real=0.00 secs] 
2018-05-17T12:10:03.564-0100: 261.794: [GC (Allocation Failure) [PSYoungGen: 1233178K->6223K(1306624K)] 2075020K->848064K(2434560K), 0.0075634 secs] [Times: user=0.03 sys=0.00, real=0.01 secs] 
2018-05-17T12:10:03.728-0100: 261.958: [GC (Allocation Failure) [PSYoungGen: 1233999K->7041K(1315328K)] 2075840K->848882K(2443264K), 0.0080634 secs] [Times: user=0.03 sys=0.00, real=0.01 secs] 
2018-05-17T12:10:03.893-0100: 262.122: [GC (Allocation Failure) [PSYoungGen: 1249617K->7892K(1313792K)] 2091458K->849733K(2441728K), 0.0085064 secs] [Times: user=0.03 sys=0.00, real=0.01 secs] 
2018-05-17T12:10:04.623-0100: 262.853: [GC (Allocation Failure) [PSYoungGen: 1250516K->54837K(1311744K)] 2092357K->896679K(2439680K), 0.0301976 secs] [Times: user=0.12 sys=0.00, real=0.03 secs] 
2018-05-17T12:10:04.899-0100: 263.129: [GC (Allocation Failure) [PSYoungGen: 1299509K->58446K(1303552K)] 2141351K->900287K(2431488K), 0.0293251 secs] [Times: user=0.11 sys=0.00, real=0.03 secs] 
2018-05-17T12:10:05.137-0100: 263.367: [GC (Allocation Failure) [PSYoungGen: 1303118K->60792K(1297408K)] 2144959K->902633K(2425344K), 0.0304049 secs] [Times: user=0.12 sys=0.00, real=0.03 secs] 
2018-05-17T12:10:05.351-0100: 263.581: [GC (Allocation Failure) [PSYoungGen: 1273208K->61663K(1274368K)] 2115049K->904249K(2402304K), 0.0312900 secs] [Times: user=0.12 sys=0.00, real=0.03 secs] 
2018-05-17T12:10:05.564-0100: 263.794: [GC (Allocation Failure) [PSYoungGen: 1274079K->61926K(1289216K)] 2116665K->905896K(2417152K), 0.0323088 secs] [Times: user=0.13 sys=0.00, real=0.03 secs] 
2018-05-17T12:10:05.767-0100: 263.997: [GC (Allocation Failure) [PSYoungGen: 1251814K->61977K(1252352K)] 2095784K->907299K(2380288K), 0.0307648 secs] [Times: user=0.11 sys=0.00, real=0.03 secs] 
2018-05-17T12:10:05.961-0100: 264.191: [GC (Allocation Failure) [PSYoungGen: 1251865K->12842K(1293312K)] 2097187K->908897K(2421248K), 0.0392080 secs] [Times: user=0.13 sys=0.01, real=0.04 secs] 
2018-05-17T12:10:06.164-0100: 264.394: [GC (Allocation Failure) [PSYoungGen: 1198634K->8864K(1195008K)] 2094689K->909919K(2322944K), 0.0138391 secs] [Times: user=0.05 sys=0.00, real=0.01 secs] 
2018-05-17T12:10:06.337-0100: 264.566: [GC (Allocation Failure) [PSYoungGen: 1194656K->6930K(1290752K)] 2095711K->910921K(2418688K), 0.0103953 secs] [Times: user=0.04 sys=0.00, real=0.01 secs] 
2018-05-17T12:10:06.506-0100: 264.736: [GC (Allocation Failure) [PSYoungGen: 1195794K->5503K(1287680K)] 2099785K->911926K(2415616K), 0.0089504 secs] [Times: user=0.03 sys=0.00, real=0.01 secs] 
2018-05-17T12:10:06.672-0100: 264.901: [GC (Allocation Failure) [PSYoungGen: 1194367K->4478K(1295872K)] 2100790K->912820K(2423808K), 0.0085680 secs] [Times: user=0.03 sys=0.00, real=0.01 secs] 
2018-05-17T12:10:06.840-0100: 265.069: [GC (Allocation Failure) [PSYoungGen: 1204606K->3570K(1292800K)] 2112948K->913784K(2420736K), 0.0073032 secs] [Times: user=0.03 sys=0.00, real=0.00 secs] 
2018-05-17T12:10:07.004-0100: 265.234: [GC (Allocation Failure) [PSYoungGen: 1203698K->3588K(1301504K)] 2113912K->914746K(2429440K), 0.0065079 secs] [Times: user=0.03 sys=0.00, real=0.01 secs] 
2018-05-17T12:10:07.169-0100: 265.399: [GC (Allocation Failure) [PSYoungGen: 1216516K->4659K(1298944K)] 2127674K->915818K(2426880K), 0.0060435 secs] [Times: user=0.02 sys=0.00, real=0.01 secs] 
2018-05-17T12:10:07.330-0100: 265.560: [GC (Allocation Failure) [PSYoungGen: 1217587K->5449K(1307648K)] 2128746K->916608K(2435584K), 0.0069114 secs] [Times: user=0.02 sys=0.00, real=0.00 secs] 
2018-05-17T12:10:07.491-0100: 265.721: [GC (Allocation Failure) [PSYoungGen: 1232713K->6295K(1305600K)] 2143872K->917454K(2433536K), 0.0065543 secs] [Times: user=0.02 sys=0.00, real=0.00 secs] 
2018-05-17T12:10:08.217-0100: 266.446: [GC (Allocation Failure) [PSYoungGen: 1233559K->55041K(1305088K)] 2144718K->966200K(2433024K), 0.0323637 secs] [Times: user=0.12 sys=0.00, real=0.03 secs] 
2018-05-17T12:10:08.471-0100: 266.701: [GC (Allocation Failure) [PSYoungGen: 1285889K->57784K(1288704K)] 2197048K->968943K(2416640K), 0.0288293 secs] [Times: user=0.11 sys=0.00, real=0.03 secs] 
2018-05-17T12:10:08.692-0100: 266.922: [GC (Allocation Failure) [PSYoungGen: 1288632K->59729K(1294336K)] 2199791K->970888K(2422272K), 0.0285739 secs] [Times: user=0.11 sys=0.01, real=0.03 secs] 
2018-05-17T12:10:08.904-0100: 267.134: [GC (Allocation Failure) [PSYoungGen: 1263953K->60515K(1265152K)] 2175112K->972330K(2393088K), 0.0294850 secs] [Times: user=0.12 sys=0.00, real=0.03 secs] 
2018-05-17T12:10:09.110-0100: 267.340: [GC (Allocation Failure) [PSYoungGen: 1264739K->60837K(1288192K)] 2176554K->973980K(2416128K), 0.0298951 secs] [Times: user=0.12 sys=0.00, real=0.03 secs] 
2018-05-17T12:10:09.310-0100: 267.540: [GC (Allocation Failure) [PSYoungGen: 1246629K->10621K(1291776K)] 2159772K->975668K(2419712K), 0.0321581 secs] [Times: user=0.12 sys=0.00, real=0.03 secs] 
2018-05-17T12:10:09.505-0100: 267.735: [GC (Allocation Failure) [PSYoungGen: 1196413K->7587K(1285120K)] 2161460K->976747K(2413056K), 0.0127036 secs] [Times: user=0.05 sys=0.00, real=0.01 secs] 
2018-05-17T12:10:09.679-0100: 267.908: [GC (Allocation Failure) [PSYoungGen: 1196451K->5835K(1288704K)] 2165611K->977866K(2416640K), 0.0101459 secs] [Times: user=0.04 sys=0.00, real=0.01 secs] 
2018-05-17T12:10:09.847-0100: 268.076: [GC (Allocation Failure) [PSYoungGen: 1194699K->4486K(1291264K)] 2166730K->978950K(2419200K), 0.0087491 secs] [Times: user=0.03 sys=0.00, real=0.01 secs] 
2018-05-17T12:10:10.014-0100: 268.243: [GC (Allocation Failure) [PSYoungGen: 1205638K->3574K(1294848K)] 2180102K->980069K(2422784K), 0.0076782 secs] [Times: user=0.02 sys=0.00, real=0.01 secs] 
2018-05-17T12:10:10.177-0100: 268.407: [GC (Allocation Failure) [PSYoungGen: 1204726K->3536K(1297920K)] 2181221K->981072K(2425856K), 0.0062749 secs] [Times: user=0.02 sys=0.00, real=0.01 secs] 
2018-05-17T12:10:10.340-0100: 268.570: [GC (Allocation Failure) [PSYoungGen: 1217488K->4503K(1300992K)] 2195024K->982038K(2428928K), 0.0064153 secs] [Times: user=0.02 sys=0.00, real=0.00 secs] 
2018-05-17T12:10:10.503-0100: 268.733: [GC (Allocation Failure) [PSYoungGen: 1218455K->5314K(1303552K)] 2195990K->982850K(2431488K), 0.0068549 secs] [Times: user=0.02 sys=0.00, real=0.01 secs] 
2018-05-17T12:10:10.669-0100: 268.898: [GC (Allocation Failure) [PSYoungGen: 1233090K->6171K(1306624K)] 2210626K->983706K(2434560K), 0.0082266 secs] [Times: user=0.03 sys=0.00, real=0.01 secs] 
2018-05-17T12:10:10.831-0100: 269.061: [GC (Allocation Failure) [PSYoungGen: 1233947K->7061K(1311744K)] 2211482K->984596K(2439680K), 0.0080626 secs] [Times: user=0.03 sys=0.00, real=0.00 secs] 
2018-05-17T12:10:11.502-0100: 269.732: [GC (Allocation Failure) [PSYoungGen: 1251221K->52653K(1314816K)] 2228756K->1030188K(2442752K), 0.0296862 secs] [Times: user=0.11 sys=0.00, real=0.03 secs] 
2018-05-17T12:10:11.801-0100: 270.030: [GC (Allocation Failure) [PSYoungGen: 1296813K->57298K(1302528K)] 2274348K->1034833K(2430464K), 0.0295311 secs] [Times: user=0.12 sys=0.00, real=0.03 secs] 
2018-05-17T12:10:12.038-0100: 270.267: [GC (Allocation Failure) [PSYoungGen: 1280978K->59770K(1283584K)] 2258513K->1037305K(2411520K), 0.0296523 secs] [Times: user=0.11 sys=0.00, real=0.03 secs] 
2018-05-17T12:10:12.256-0100: 270.485: [GC (Allocation Failure) [PSYoungGen: 1283450K->60724K(1292288K)] 2260985K->1038971K(2420224K), 0.0303494 secs] [Times: user=0.12 sys=0.00, real=0.03 secs] 
2018-05-17T12:10:12.467-0100: 270.696: [GC (Allocation Failure) [PSYoungGen: 1258804K->61044K(1259520K)] 2237051K->1040627K(2387456K), 0.0311587 secs] [Times: user=0.12 sys=0.00, real=0.03 secs] 
2018-05-17T12:10:12.670-0100: 270.900: [GC (Allocation Failure) [PSYoungGen: 1259124K->61019K(1287168K)] 2238707K->1041962K(2415104K), 0.0308070 secs] [Times: user=0.12 sys=0.00, real=0.03 secs] 
2018-05-17T12:10:12.868-0100: 271.097: [GC (Allocation Failure) [PSYoungGen: 1243739K->9992K(1290240K)] 2224682K->1043621K(2418176K), 0.0338206 secs] [Times: user=0.13 sys=0.01, real=0.04 secs] 
2018-05-17T12:10:13.065-0100: 271.295: [GC (Allocation Failure) [PSYoungGen: 1192712K->7539K(1284608K)] 2226341K->1044768K(2412544K), 0.0125726 secs] [Times: user=0.04 sys=0.00, real=0.01 secs] 
2018-05-17T12:10:13.242-0100: 271.472: [GC (Allocation Failure) [PSYoungGen: 1192819K->5882K(1287680K)] 2230048K->1045911K(2415616K), 0.0101533 secs] [Times: user=0.04 sys=0.00, real=0.01 secs] 
2018-05-17T12:10:13.412-0100: 271.642: [GC (Allocation Failure) [PSYoungGen: 1191162K->4536K(1289216K)] 2231191K->1046917K(2417152K), 0.0080095 secs] [Times: user=0.03 sys=0.00, real=0.01 secs] 
2018-05-17T12:10:13.576-0100: 271.806: [GC (Allocation Failure) [PSYoungGen: 1200568K->3430K(1292288K)] 2242949K->1047819K(2420224K), 0.0076387 secs] [Times: user=0.03 sys=0.00, real=0.01 secs] 
2018-05-17T12:10:13.742-0100: 271.972: [GC (Allocation Failure) [PSYoungGen: 1199462K->3516K(1294336K)] 2243851K->1048857K(2422272K), 0.0069887 secs] [Times: user=0.03 sys=0.00, real=0.00 secs] 
2018-05-17T12:10:13.902-0100: 272.132: [GC (Allocation Failure) [PSYoungGen: 1211836K->4615K(1297920K)] 2257177K->1049956K(2425856K), 0.0069446 secs] [Times: user=0.03 sys=0.00, real=0.00 secs] 
2018-05-17T12:10:14.065-0100: 272.295: [GC (Allocation Failure) [PSYoungGen: 1212935K->5514K(1299968K)] 2258276K->1050855K(2427904K), 0.0076599 secs] [Times: user=0.03 sys=0.00, real=0.01 secs] 
2018-05-17T12:10:14.228-0100: 272.458: [GC (Allocation Failure) [PSYoungGen: 1227658K->6187K(1304064K)] 2272999K->1051528K(2432000K), 0.0076147 secs] [Times: user=0.03 sys=0.00, real=0.01 secs] 
2018-05-17T12:10:14.392-0100: 272.622: [GC (Allocation Failure) [PSYoungGen: 1228331K->6950K(1308160K)] 2273672K->1052291K(2436096K), 0.0079042 secs] [Times: user=0.03 sys=0.00, real=0.01 secs] 
2018-05-17T12:10:15.104-0100: 273.334: [GC (Allocation Failure) [PSYoungGen: 1245478K->55064K(1311744K)] 2290819K->1100405K(2439680K), 0.0321095 secs] [Times: user=0.12 sys=0.01, real=0.03 secs] 
2018-05-17T12:10:15.365-0100: 273.594: [GC (Allocation Failure) [PSYoungGen: 1293592K->57999K(1300480K)] 2338933K->1103340K(2428416K), 0.0295071 secs] [Times: user=0.11 sys=0.01, real=0.03 secs] 
2018-05-17T12:10:15.594-0100: 273.824: [GC (Allocation Failure) [PSYoungGen: 1276559K->60238K(1278976K)] 2321900K->1105579K(2406912K), 0.0301856 secs] [Times: user=0.12 sys=0.00, real=0.03 secs] 
2018-05-17T12:10:15.805-0100: 274.035: [GC (Allocation Failure) [PSYoungGen: 1278798K->60957K(1290752K)] 2324139K->1107002K(2418688K), 0.0307916 secs] [Times: user=0.12 sys=0.00, real=0.03 secs] 
2018-05-17T12:10:16.015-0100: 274.244: [GC (Allocation Failure) [PSYoungGen: 1254941K->61470K(1255936K)] 2300986K->1108828K(2383872K), 0.0309749 secs] [Times: user=0.12 sys=0.00, real=0.03 secs] 
2018-05-17T12:10:16.214-0100: 274.444: [GC (Allocation Failure) [PSYoungGen: 1255454K->61396K(1286144K)] 2302812K->1110113K(2414080K), 0.0309613 secs] [Times: user=0.12 sys=0.00, real=0.03 secs] 
2018-05-17T12:10:16.408-0100: 274.637: [GC (Allocation Failure) [PSYoungGen: 1241044K->9474K(1288704K)] 2289761K->1111560K(2416640K), 0.0432463 secs] [Times: user=0.14 sys=0.02, real=0.05 secs] 
2018-05-17T12:10:16.451-0100: 274.681: [Full GC (Ergonomics) [PSYoungGen: 9474K->0K(1288704K)] [ParOldGen: 1102085K->569477K(1165312K)] 1111560K->569477K(2454016K), [Metaspace: 42310K->42310K(1087488K)], 2.2642744 secs] [Times: user=5.80 sys=0.01, real=2.26 secs] 
2018-05-17T12:10:18.874-0100: 277.103: [GC (Allocation Failure) [PSYoungGen: 1179648K->3352K(1284608K)] 1749125K->572830K(2449920K), 0.0055947 secs] [Times: user=0.02 sys=0.00, real=0.00 secs] 
2018-05-17T12:10:19.041-0100: 277.271: [GC (Allocation Failure) [PSYoungGen: 1185560K->4443K(1286656K)] 1755038K->573921K(2451968K), 0.0064629 secs] [Times: user=0.02 sys=0.00, real=0.00 secs] 
2018-05-17T12:10:19.201-0100: 277.430: [GC (Allocation Failure) [PSYoungGen: 1186651K->4451K(1286656K)] 1756129K->574965K(2451968K), 0.0063509 secs] [Times: user=0.02 sys=0.00, real=0.00 secs] 
2018-05-17T12:10:19.363-0100: 277.593: [GC (Allocation Failure) [PSYoungGen: 1195875K->4476K(1289728K)] 1766389K->575942K(2455040K), 0.0068874 secs] [Times: user=0.02 sys=0.00, real=0.01 secs] 
2018-05-17T12:10:19.526-0100: 277.756: [GC (Allocation Failure) [PSYoungGen: 1195900K->4467K(1292800K)] 1767366K->576837K(2458112K), 0.0073695 secs] [Times: user=0.02 sys=0.00, real=0.01 secs] 
2018-05-17T12:10:19.687-0100: 277.917: [GC (Allocation Failure) [PSYoungGen: 1209203K->5355K(1295872K)] 1781573K->577726K(2461184K), 0.0063589 secs] [Times: user=0.02 sys=0.00, real=0.01 secs] 
2018-05-17T12:10:19.847-0100: 278.077: [GC (Allocation Failure) [PSYoungGen: 1210051K->6291K(1299456K)] 1782421K->578662K(2464768K), 0.0070438 secs] [Times: user=0.03 sys=0.00, real=0.01 secs] 
2018-05-17T12:10:20.010-0100: 278.240: [GC (Allocation Failure) [PSYoungGen: 1225875K->6988K(1302528K)] 1798246K->579358K(2467840K), 0.0078135 secs] [Times: user=0.02 sys=0.00, real=0.00 secs] 
2018-05-17T12:10:20.307-0100: 278.537: [GC (Allocation Failure) [PSYoungGen: 1226572K->35556K(1312768K)] 1798942K->607926K(2478080K), 0.0223260 secs] [Times: user=0.08 sys=0.00, real=0.02 secs] 
2018-05-17T12:10:20.916-0100: 279.146: [GC (Allocation Failure) [PSYoungGen: 1269988K->56651K(1291264K)] 1842358K->629021K(2456576K), 0.0301753 secs] [Times: user=0.11 sys=0.00, real=0.03 secs] 
2018-05-17T12:10:21.162-0100: 279.392: [GC (Allocation Failure) [PSYoungGen: 1291083K->59332K(1297408K)] 1863453K->631702K(2462720K), 0.0301758 secs] [Times: user=0.11 sys=0.00, real=0.03 secs] 
2018-05-17T12:10:21.381-0100: 279.611: [GC (Allocation Failure) [PSYoungGen: 1269700K->60431K(1271296K)] 1842070K->633522K(2436608K), 0.0299494 secs] [Times: user=0.11 sys=0.00, real=0.03 secs] 
2018-05-17T12:10:21.593-0100: 279.822: [GC (Allocation Failure) [PSYoungGen: 1270799K->60580K(1289728K)] 1843890K->635006K(2455040K), 0.0303299 secs] [Times: user=0.11 sys=0.01, real=0.03 secs] 
2018-05-17T12:10:21.796-0100: 280.025: [GC (Allocation Failure) [PSYoungGen: 1250468K->60776K(1250816K)] 1824894K->636531K(2416128K), 0.0438863 secs] [Times: user=0.11 sys=0.01, real=0.05 secs] 
2018-05-17T12:10:22.066-0100: 280.296: [GC (Allocation Failure) [PSYoungGen: 1250664K->10422K(1293312K)] 1826419K->638273K(2458624K), 0.0349999 secs] [Times: user=0.13 sys=0.00, real=0.04 secs] 
2018-05-17T12:10:22.314-0100: 280.544: [GC (Allocation Failure) [PSYoungGen: 1196726K->7690K(1194496K)] 1824577K->639525K(2359808K), 0.0109158 secs] [Times: user=0.04 sys=0.00, real=0.01 secs] 
2018-05-17T12:10:22.489-0100: 280.718: [GC (Allocation Failure) [PSYoungGen: 1193994K->5791K(1291264K)] 1825829K->640489K(2456576K), 0.0092040 secs] [Times: user=0.04 sys=0.00, real=0.01 secs] 
2018-05-17T12:10:22.658-0100: 280.888: [GC (Allocation Failure) [PSYoungGen: 1195167K->4561K(1288192K)] 1829865K->641660K(2453504K), 0.0078622 secs] [Times: user=0.02 sys=0.00, real=0.01 secs] 
2018-05-17T12:10:22.823-0100: 281.053: [GC (Allocation Failure) [PSYoungGen: 1193937K->4479K(1295872K)] 1831036K->642578K(2461184K), 0.0071697 secs] [Times: user=0.03 sys=0.00, real=0.01 secs] 
2018-05-17T12:10:22.993-0100: 281.223: [GC (Allocation Failure) [PSYoungGen: 1204607K->4578K(1292800K)] 1842706K->643629K(2458112K), 0.0070701 secs] [Times: user=0.02 sys=0.01, real=0.01 secs] 
2018-05-17T12:10:23.152-0100: 281.382: [GC (Allocation Failure) [PSYoungGen: 1204706K->5613K(1300992K)] 1843757K->644664K(2466304K), 0.0073135 secs] [Times: user=0.03 sys=0.00, real=0.01 secs] 
2018-05-17T12:10:23.319-0100: 281.549: [GC (Allocation Failure) [PSYoungGen: 1219053K->6167K(1298432K)] 1858104K->645218K(2463744K), 0.0063672 secs] [Times: user=0.02 sys=0.00, real=0.01 secs] 
2018-05-17T12:10:23.482-0100: 281.711: [GC (Allocation Failure) [PSYoungGen: 1219607K->7022K(1308672K)] 1858658K->646072K(2473984K), 0.0070974 secs] [Times: user=0.02 sys=0.01, real=0.00 secs] 
2018-05-17T12:10:23.644-0100: 281.874: [GC (Allocation Failure) [PSYoungGen: 1236334K->7738K(1306112K)] 1875384K->646788K(2471424K), 0.0086780 secs] [Times: user=0.03 sys=0.00, real=0.01 secs] 
2018-05-17T12:10:24.301-0100: 282.531: [GC (Allocation Failure) [PSYoungGen: 1237050K->53815K(1306112K)] 1876100K->692865K(2471424K), 0.0294465 secs] [Times: user=0.11 sys=0.00, real=0.03 secs] 
2018-05-17T12:10:24.589-0100: 282.819: [GC (Allocation Failure) [PSYoungGen: 1287223K->58187K(1291776K)] 1926273K->697238K(2457088K), 0.0305615 secs] [Times: user=0.12 sys=0.00, real=0.04 secs] 
2018-05-17T12:10:24.826-0100: 283.056: [GC (Allocation Failure) [PSYoungGen: 1291595K->60593K(1294848K)] 1930646K->699644K(2460160K), 0.0301327 secs] [Times: user=0.11 sys=0.00, real=0.03 secs] 
2018-05-17T12:10:25.038-0100: 283.268: [GC (Allocation Failure) [PSYoungGen: 1266865K->61541K(1268224K)] 1905916K->701336K(2433536K), 0.0296491 secs] [Times: user=0.11 sys=0.00, real=0.03 secs] 
2018-05-17T12:10:25.249-0100: 283.479: [GC (Allocation Failure) [PSYoungGen: 1267813K->61686K(1287168K)] 1907608K->702857K(2452480K), 0.0306698 secs] [Times: user=0.11 sys=0.00, real=0.04 secs] 
2018-05-17T12:10:25.450-0100: 283.680: [GC (Allocation Failure) [PSYoungGen: 1247478K->61734K(1247744K)] 1888649K->704225K(2413056K), 0.0297860 secs] [Times: user=0.12 sys=0.00, real=0.03 secs] 
2018-05-17T12:10:25.643-0100: 283.872: [GC (Allocation Failure) [PSYoungGen: 1247526K->13467K(1292288K)] 1890017K->705878K(2457600K), 0.0330299 secs] [Times: user=0.13 sys=0.00, real=0.03 secs] 
2018-05-17T12:10:25.834-0100: 284.064: [GC (Allocation Failure) [PSYoungGen: 1196699K->8847K(1192448K)] 1889110K->706874K(2357760K), 0.0136001 secs] [Times: user=0.05 sys=0.00, real=0.01 secs] 
2018-05-17T12:10:26.003-0100: 284.233: [GC (Allocation Failure) [PSYoungGen: 1192079K->7033K(1288704K)] 1890106K->708020K(2454016K), 0.0107655 secs] [Times: user=0.04 sys=0.00, real=0.01 secs] 
2018-05-17T12:10:26.174-0100: 284.403: [GC (Allocation Failure) [PSYoungGen: 1192825K->5569K(1286144K)] 1893812K->709036K(2451456K), 0.0087384 secs] [Times: user=0.03 sys=0.00, real=0.01 secs] 
2018-05-17T12:10:26.335-0100: 284.565: [GC (Allocation Failure) [PSYoungGen: 1191361K->4451K(1294336K)] 1894828K->709870K(2459648K), 0.0087339 secs] [Times: user=0.03 sys=0.00, real=0.01 secs] 
2018-05-17T12:10:26.500-0100: 284.729: [GC (Allocation Failure) [PSYoungGen: 1202019K->4445K(1291776K)] 1907438K->710816K(2457088K), 0.0062214 secs] [Times: user=0.02 sys=0.00, real=0.00 secs] 
2018-05-17T12:10:26.660-0100: 284.890: [GC (Allocation Failure) [PSYoungGen: 1202013K->4496K(1299968K)] 1908384K->711699K(2465280K), 0.0067755 secs] [Times: user=0.02 sys=0.00, real=0.00 secs] 
2018-05-17T12:10:26.826-0100: 285.056: [GC (Allocation Failure) [PSYoungGen: 1214864K->5542K(1297408K)] 1922067K->712745K(2462720K), 0.0066882 secs] [Times: user=0.02 sys=0.00, real=0.01 secs] 
2018-05-17T12:10:26.987-0100: 285.217: [GC (Allocation Failure) [PSYoungGen: 1215910K->6206K(1306624K)] 1923113K->713409K(2471936K), 0.0065935 secs] [Times: user=0.02 sys=0.00, real=0.01 secs] 
2018-05-17T12:10:27.152-0100: 285.382: [GC (Allocation Failure) [PSYoungGen: 1231422K->6996K(1304064K)] 1938625K->714199K(2469376K), 0.0071178 secs] [Times: user=0.02 sys=0.00, real=0.00 secs] 
2018-05-17T12:10:27.855-0100: 286.085: [GC (Allocation Failure) [PSYoungGen: 1232212K->55073K(1304064K)] 1939415K->762284K(2469376K), 0.0300959 secs] [Times: user=0.12 sys=0.00, real=0.03 secs] 
2018-05-17T12:10:28.111-0100: 286.340: [GC (Allocation Failure) [PSYoungGen: 1284385K->58039K(1287680K)] 1991596K->765250K(2452992K), 0.0281403 secs] [Times: user=0.11 sys=0.00, real=0.02 secs] 
2018-05-17T12:10:28.339-0100: 286.568: [GC (Allocation Failure) [PSYoungGen: 1287351K->60197K(1293824K)] 1994562K->767408K(2459136K), 0.0294287 secs] [Times: user=0.11 sys=0.00, real=0.03 secs] 
2018-05-17T12:10:28.549-0100: 286.779: [GC (Allocation Failure) [PSYoungGen: 1263397K->60971K(1264640K)] 1970608K->768894K(2429952K), 0.0311781 secs] [Times: user=0.11 sys=0.00, real=0.04 secs] 
2018-05-17T12:10:28.759-0100: 286.989: [GC (Allocation Failure) [PSYoungGen: 1264171K->61277K(1287168K)] 1972094K->770520K(2452480K), 0.0307870 secs] [Times: user=0.12 sys=0.00, real=0.04 secs] 
2018-05-17T12:10:28.960-0100: 287.190: [GC (Allocation Failure) [PSYoungGen: 1246045K->61408K(1246208K)] 1955288K->771999K(2411520K), 0.0304347 secs] [Times: user=0.11 sys=0.00, real=0.03 secs] 
2018-05-17T12:10:29.152-0100: 287.382: [GC (Allocation Failure) [PSYoungGen: 1246176K->9584K(1290752K)] 1956767K->773532K(2456064K), 0.0321674 secs] [Times: user=0.13 sys=0.00, real=0.03 secs] 
2018-05-17T12:10:29.344-0100: 287.574: [GC (Allocation Failure) [PSYoungGen: 1190768K->7565K(1188864K)] 1954716K->774617K(2354176K), 0.0107972 secs] [Times: user=0.04 sys=0.00, real=0.01 secs] 
2018-05-17T12:10:29.513-0100: 287.742: [GC (Allocation Failure) [PSYoungGen: 1188749K->5614K(1287680K)] 1955801K->775633K(2452992K), 0.0087923 secs] [Times: user=0.03 sys=0.00, real=0.01 secs] 
2018-05-17T12:10:29.679-0100: 287.909: [GC (Allocation Failure) [PSYoungGen: 1189358K->4562K(1285120K)] 1959377K->776606K(2450432K), 0.0073065 secs] [Times: user=0.03 sys=0.00, real=0.01 secs] 
2018-05-17T12:10:29.837-0100: 288.066: [GC (Allocation Failure) [PSYoungGen: 1188306K->3446K(1293312K)] 1960350K->777473K(2458624K), 0.0067542 secs] [Times: user=0.02 sys=0.00, real=0.01 secs] 
2018-05-17T12:10:29.999-0100: 288.228: [GC (Allocation Failure) [PSYoungGen: 1198966K->3588K(1290752K)] 1972993K->778544K(2456064K), 0.0058664 secs] [Times: user=0.02 sys=0.00, real=0.01 secs] 
2018-05-17T12:10:30.155-0100: 288.385: [GC (Allocation Failure) [PSYoungGen: 1199108K->4527K(1298432K)] 1974064K->779483K(2463744K), 0.0067841 secs] [Times: user=0.02 sys=0.00, real=0.01 secs] 
2018-05-17T12:10:30.318-0100: 288.547: [GC (Allocation Failure) [PSYoungGen: 1213359K->5397K(1296384K)] 1988315K->780353K(2461696K), 0.0059544 secs] [Times: user=0.02 sys=0.00, real=0.01 secs] 
2018-05-17T12:10:30.475-0100: 288.705: [GC (Allocation Failure) [PSYoungGen: 1214229K->6303K(1306112K)] 1989185K->781259K(2471424K), 0.0071420 secs] [Times: user=0.03 sys=0.00, real=0.01 secs] 
2018-05-17T12:10:30.777-0100: 289.007: [GC (Allocation Failure) [PSYoungGen: 1231007K->33100K(1304064K)] 2005963K->808056K(2469376K), 0.0202839 secs] [Times: user=0.08 sys=0.00, real=0.02 secs] 
2018-05-17T12:10:31.378-0100: 289.608: [GC (Allocation Failure) [PSYoungGen: 1257804K->55864K(1303552K)] 2032760K->830820K(2468864K), 0.0305811 secs] [Times: user=0.12 sys=0.00, real=0.03 secs] 
2018-05-17T12:10:31.620-0100: 289.849: [GC (Allocation Failure) [PSYoungGen: 1280568K->58527K(1283584K)] 2055524K->833483K(2448896K), 0.0284101 secs] [Times: user=0.11 sys=0.00, real=0.02 secs] 
2018-05-17T12:10:31.842-0100: 290.072: [GC (Allocation Failure) [PSYoungGen: 1283231K->59793K(1293312K)] 2058187K->835445K(2458624K), 0.0299104 secs] [Times: user=0.11 sys=0.00, real=0.03 secs] 
2018-05-17T12:10:32.057-0100: 290.287: [GC (Allocation Failure) [PSYoungGen: 1259921K->59916K(1260544K)] 2035573K->836880K(2425856K), 0.0294572 secs] [Times: user=0.12 sys=0.00, real=0.03 secs] 
2018-05-17T12:10:32.262-0100: 290.492: [GC (Allocation Failure) [PSYoungGen: 1260044K->30312K(1300992K)] 2037008K->838506K(2466304K), 0.0320518 secs] [Times: user=0.12 sys=0.00, real=0.03 secs] 
2018-05-17T12:10:32.470-0100: 290.700: [GC (Allocation Failure) [PSYoungGen: 1227880K->8112K(1205760K)] 2036074K->840253K(2371072K), 0.0180827 secs] [Times: user=0.07 sys=0.00, real=0.01 secs] 
2018-05-17T12:10:32.653-0100: 290.883: [GC (Allocation Failure) [PSYoungGen: 1205680K->6096K(1293824K)] 2037821K->841421K(2459136K), 0.0098208 secs] [Times: user=0.04 sys=0.00, real=0.01 secs] 
2018-05-17T12:10:32.829-0100: 291.059: [GC (Allocation Failure) [PSYoungGen: 1205712K->4445K(1291776K)] 2041037K->842450K(2457088K), 0.0087875 secs] [Times: user=0.03 sys=0.00, real=0.01 secs] 
2018-05-17T12:10:32.998-0100: 291.227: [GC (Allocation Failure) [PSYoungGen: 1204061K->3507K(1303040K)] 2042066K->843664K(2468352K), 0.0077770 secs] [Times: user=0.03 sys=0.00, real=0.01 secs] 
2018-05-17T12:10:33.167-0100: 291.397: [GC (Allocation Failure) [PSYoungGen: 1217459K->3479K(1300992K)] 2057616K->844677K(2466304K), 0.0089915 secs] [Times: user=0.02 sys=0.00, real=0.01 secs] 
2018-05-17T12:10:33.338-0100: 291.567: [GC (Allocation Failure) [PSYoungGen: 1217431K->3537K(1307648K)] 2058629K->845742K(2472960K), 0.0066578 secs] [Times: user=0.02 sys=0.00, real=0.01 secs] 
2018-05-17T12:10:33.504-0100: 291.733: [GC (Allocation Failure) [PSYoungGen: 1228241K->4642K(1305600K)] 2070446K->846847K(2470912K), 0.0064683 secs] [Times: user=0.02 sys=0.00, real=0.01 secs] 
2018-05-17T12:10:33.666-0100: 291.896: [GC (Allocation Failure) [PSYoungGen: 1229346K->5399K(1312768K)] 2071551K->847604K(2478080K), 0.0070060 secs] [Times: user=0.02 sys=0.00, real=0.01 secs] 
2018-05-17T12:10:33.834-0100: 292.064: [GC (Allocation Failure) [PSYoungGen: 1243415K->6250K(1311232K)] 2085620K->848455K(2476544K), 0.0076495 secs] [Times: user=0.03 sys=0.00, real=0.01 secs] 
2018-05-17T12:10:33.998-0100: 292.228: [GC (Allocation Failure) [PSYoungGen: 1244266K->7085K(1320448K)] 2086471K->849290K(2485760K), 0.0079716 secs] [Times: user=0.03 sys=0.00, real=0.01 secs] 
2018-05-17T12:10:34.689-0100: 292.918: [GC (Allocation Failure) [PSYoungGen: 1260973K->54320K(1319424K)] 2103178K->896525K(2484736K), 0.0296177 secs] [Times: user=0.11 sys=0.00, real=0.03 secs] 
2018-05-17T12:10:34.961-0100: 293.190: [GC (Allocation Failure) [PSYoungGen: 1308208K->57777K(1305088K)] 2150413K->899982K(2470400K), 0.0288679 secs] [Times: user=0.12 sys=0.00, real=0.02 secs] 
2018-05-17T12:10:35.194-0100: 293.424: [GC (Allocation Failure) [PSYoungGen: 1287601K->60144K(1290240K)] 2129806K->902349K(2455552K), 0.0294723 secs] [Times: user=0.11 sys=0.00, real=0.03 secs] 
2018-05-17T12:10:35.409-0100: 293.639: [GC (Allocation Failure) [PSYoungGen: 1289968K->60947K(1293824K)] 2132173K->903896K(2459136K), 0.0306300 secs] [Times: user=0.12 sys=0.00, real=0.04 secs] 
2018-05-17T12:10:35.618-0100: 293.847: [GC (Allocation Failure) [PSYoungGen: 1263123K->61207K(1263616K)] 2106072K->905484K(2428928K), 0.0317256 secs] [Times: user=0.12 sys=0.00, real=0.03 secs] 
2018-05-17T12:10:35.820-0100: 294.050: [GC (Allocation Failure) [PSYoungGen: 1263383K->61273K(1287680K)] 2107660K->906926K(2452992K), 0.0306673 secs] [Times: user=0.11 sys=0.00, real=0.03 secs] 
2018-05-17T12:10:36.015-0100: 294.245: [GC (Allocation Failure) [PSYoungGen: 1246041K->9778K(1291264K)] 2091694K->908457K(2456576K), 0.0335975 secs] [Times: user=0.13 sys=0.01, real=0.03 secs] 
2018-05-17T12:10:36.209-0100: 294.439: [GC (Allocation Failure) [PSYoungGen: 1194546K->7477K(1284096K)] 2093225K->909564K(2449408K), 0.0124898 secs] [Times: user=0.05 sys=0.00, real=0.02 secs] 
2018-05-17T12:10:36.381-0100: 294.611: [GC (Allocation Failure) [PSYoungGen: 1194805K->5457K(1288192K)] 2096892K->910552K(2453504K), 0.0101869 secs] [Times: user=0.04 sys=0.00, real=0.01 secs] 
2018-05-17T12:10:36.546-0100: 294.775: [GC (Allocation Failure) [PSYoungGen: 1192785K->4479K(1289216K)] 2097880K->911614K(2454528K), 0.0076151 secs] [Times: user=0.03 sys=0.00, real=0.01 secs] 
2018-05-17T12:10:36.711-0100: 294.941: [GC (Allocation Failure) [PSYoungGen: 1203071K->3485K(1293824K)] 2110206K->912612K(2459136K), 0.0075351 secs] [Times: user=0.03 sys=0.00, real=0.00 secs] 
2018-05-17T12:10:36.881-0100: 295.111: [GC (Allocation Failure) [PSYoungGen: 1202077K->3646K(1293824K)] 2111204K->913717K(2459136K), 0.0063501 secs] [Times: user=0.03 sys=0.00, real=0.00 secs] 
2018-05-17T12:10:37.046-0100: 295.275: [GC (Allocation Failure) [PSYoungGen: 1214014K->4604K(1298944K)] 2124085K->914675K(2464256K), 0.0074185 secs] [Times: user=0.02 sys=0.00, real=0.01 secs] 
2018-05-17T12:10:37.205-0100: 295.435: [GC (Allocation Failure) [PSYoungGen: 1214972K->5448K(1299456K)] 2125043K->915519K(2464768K), 0.0075271 secs] [Times: user=0.03 sys=0.00, real=0.01 secs] 
2018-05-17T12:10:37.368-0100: 295.598: [GC (Allocation Failure) [PSYoungGen: 1229640K->6235K(1305088K)] 2139711K->916306K(2470400K), 0.0078313 secs] [Times: user=0.03 sys=0.00, real=0.01 secs] 
2018-05-17T12:10:37.594-0100: 295.824: [GC (Allocation Failure) [PSYoungGen: 1230427K->14435K(1304064K)] 2140498K->924506K(2469376K), 0.0106031 secs] [Times: user=0.04 sys=0.00, real=0.01 secs] 
2018-05-17T12:10:38.264-0100: 296.494: [GC (Allocation Failure) [PSYoungGen: 1254499K->55791K(1311232K)] 2164570K->965862K(2476544K), 0.0310837 secs] [Times: user=0.11 sys=0.00, real=0.03 secs] 
2018-05-17T12:10:38.514-0100: 296.744: [GC (Allocation Failure) [PSYoungGen: 1295855K->58583K(1300992K)] 2205926K->968654K(2466304K), 0.0288115 secs] [Times: user=0.11 sys=0.00, real=0.03 secs] 
2018-05-17T12:10:38.738-0100: 296.967: [GC (Allocation Failure) [PSYoungGen: 1279191K->60522K(1281536K)] 2189262K->970593K(2446848K), 0.0312639 secs] [Times: user=0.12 sys=0.00, real=0.03 secs] 
2018-05-17T12:10:38.954-0100: 297.184: [GC (Allocation Failure) [PSYoungGen: 1281130K->60631K(1292288K)] 2191201K->972045K(2457600K), 0.0307269 secs] [Times: user=0.12 sys=0.00, real=0.03 secs] 
2018-05-17T12:10:39.161-0100: 297.390: [GC (Allocation Failure) [PSYoungGen: 1257687K->60811K(1257984K)] 2169101K->973562K(2423296K), 0.0303505 secs] [Times: user=0.12 sys=0.00, real=0.03 secs] 
2018-05-17T12:10:39.362-0100: 297.591: [GC (Allocation Failure) [PSYoungGen: 1257867K->10521K(1295872K)] 2170618K->975252K(2461184K), 0.0336572 secs] [Times: user=0.12 sys=0.00, real=0.03 secs] 
2018-05-17T12:10:39.557-0100: 297.787: [GC (Allocation Failure) [PSYoungGen: 1201945K->7650K(1199104K)] 2166676K->976445K(2364416K), 0.0116725 secs] [Times: user=0.04 sys=0.00, real=0.01 secs] 
2018-05-17T12:10:39.731-0100: 297.961: [GC (Allocation Failure) [PSYoungGen: 1199074K->5870K(1293312K)] 2167869K->977554K(2458624K), 0.0103239 secs] [Times: user=0.04 sys=0.00, real=0.01 secs] 
2018-05-17T12:10:39.904-0100: 298.134: [GC (Allocation Failure) [PSYoungGen: 1200366K->4480K(1290240K)] 2172050K->978579K(2455552K), 0.0083478 secs] [Times: user=0.03 sys=0.00, real=0.01 secs] 
2018-05-17T12:10:40.072-0100: 298.302: [GC (Allocation Failure) [PSYoungGen: 1198976K->3462K(1298432K)] 2173075K->979593K(2463744K), 0.0070814 secs] [Times: user=0.03 sys=0.00, real=0.00 secs] 
2018-05-17T12:10:40.236-0100: 298.466: [GC (Allocation Failure) [PSYoungGen: 1210246K->3617K(1296384K)] 2186377K->980756K(2461696K), 0.0071063 secs] [Times: user=0.03 sys=0.00, real=0.01 secs] 
2018-05-17T12:10:40.399-0100: 298.629: [GC (Allocation Failure) [PSYoungGen: 1210401K->4687K(1304064K)] 2187540K->981826K(2469376K), 0.0070910 secs] [Times: user=0.02 sys=0.00, real=0.01 secs] 
2018-05-17T12:10:40.563-0100: 298.792: [GC (Allocation Failure) [PSYoungGen: 1225295K->5492K(1303040K)] 2202434K->982632K(2468352K), 0.0068805 secs] [Times: user=0.02 sys=0.00, real=0.01 secs] 
2018-05-17T12:10:40.725-0100: 298.955: [GC (Allocation Failure) [PSYoungGen: 1226100K->6297K(1311232K)] 2203240K->983436K(2476544K), 0.0075346 secs] [Times: user=0.03 sys=0.00, real=0.01 secs] 
2018-05-17T12:10:40.887-0100: 299.117: [GC (Allocation Failure) [PSYoungGen: 1242265K->7034K(1310720K)] 2219404K->984173K(2476032K), 0.0079669 secs] [Times: user=0.03 sys=0.00, real=0.01 secs] 
2018-05-17T12:10:41.544-0100: 299.774: [GC (Allocation Failure) [PSYoungGen: 1243002K->53301K(1310208K)] 2220141K->1030449K(2475520K), 0.0299664 secs] [Times: user=0.11 sys=0.01, real=0.03 secs] 
2018-05-17T12:10:41.831-0100: 300.061: [GC (Allocation Failure) [PSYoungGen: 1292853K->57460K(1297408K)] 2270001K->1034608K(2462720K), 0.0292101 secs] [Times: user=0.11 sys=0.00, real=0.03 secs] 
2018-05-17T12:10:42.066-0100: 300.296: [GC (Allocation Failure) [PSYoungGen: 1297012K->59908K(1296384K)] 2274160K->1037055K(2461696K), 0.0298282 secs] [Times: user=0.11 sys=0.00, real=0.03 secs] 
2018-05-17T12:10:42.280-0100: 300.509: [GC (Allocation Failure) [PSYoungGen: 1269252K->60818K(1270272K)] 2246399K->1038685K(2435584K), 0.0302380 secs] [Times: user=0.11 sys=0.00, real=0.03 secs] 
2018-05-17T12:10:42.496-0100: 300.725: [GC (Allocation Failure) [PSYoungGen: 1270162K->61036K(1288704K)] 2248029K->1040223K(2454016K), 0.0319215 secs] [Times: user=0.12 sys=0.00, real=0.03 secs] 
2018-05-17T12:10:42.695-0100: 300.925: [GC (Allocation Failure) [PSYoungGen: 1249900K->61142K(1250304K)] 2229087K->1041681K(2415616K), 0.0304727 secs] [Times: user=0.12 sys=0.00, real=0.03 secs] 
2018-05-17T12:10:42.891-0100: 301.120: [GC (Allocation Failure) [PSYoungGen: 1250006K->9915K(1292800K)] 2230545K->1043301K(2458112K), 0.0342690 secs] [Times: user=0.13 sys=0.00, real=0.03 secs] 
2018-05-17T12:10:43.086-0100: 301.316: [GC (Allocation Failure) [PSYoungGen: 1195195K->7501K(1192960K)] 2228581K->1044391K(2358272K), 0.0122289 secs] [Times: user=0.04 sys=0.00, real=0.01 secs] 
2018-05-17T12:10:43.262-0100: 301.492: [GC (Allocation Failure) [PSYoungGen: 1192781K->5586K(1290752K)] 2229671K->1045525K(2456064K), 0.0097133 secs] [Times: user=0.03 sys=0.00, real=0.01 secs] 
2018-05-17T12:10:43.434-0100: 301.664: [GC (Allocation Failure) [PSYoungGen: 1193881K->4499K(1287680K)] 2233819K->1046509K(2452992K), 0.0084283 secs] [Times: user=0.03 sys=0.00, real=0.01 secs] 
2018-05-17T12:10:43.599-0100: 301.829: [GC (Allocation Failure) [PSYoungGen: 1192851K->3470K(1295360K)] 2234861K->1047504K(2460672K), 0.0074251 secs] [Times: user=0.03 sys=0.00, real=0.01 secs] 
2018-05-17T12:10:43.760-0100: 301.990: [GC (Allocation Failure) [PSYoungGen: 1202574K->3543K(1292288K)] 2246608K->1048505K(2457600K), 0.0073417 secs] [Times: user=0.02 sys=0.01, real=0.00 secs] 
2018-05-17T12:10:43.922-0100: 302.152: [GC (Allocation Failure) [PSYoungGen: 1202647K->3661K(1300992K)] 2247609K->1049568K(2466304K), 0.0070686 secs] [Times: user=0.02 sys=0.00, real=0.00 secs] 
2018-05-17T12:10:44.085-0100: 302.314: [GC (Allocation Failure) [PSYoungGen: 1215565K->4801K(1297920K)] 2261472K->1050707K(2463232K), 0.0064628 secs] [Times: user=0.02 sys=0.00, real=0.01 secs] 
2018-05-17T12:10:44.247-0100: 302.477: [GC (Allocation Failure) [PSYoungGen: 1216705K->5434K(1307648K)] 2262611K->1051340K(2472960K), 0.0069875 secs] [Times: user=0.02 sys=0.00, real=0.01 secs] 
2018-05-17T12:10:44.413-0100: 302.643: [GC (Allocation Failure) [PSYoungGen: 1232186K->6223K(1304576K)] 2278092K->1052130K(2469888K), 0.0075998 secs] [Times: user=0.03 sys=0.00, real=0.01 secs] 
2018-05-17T12:10:45.142-0100: 303.372: [GC (Allocation Failure) [PSYoungGen: 1232975K->54565K(1304064K)] 2278882K->1100471K(2469376K), 0.0316887 secs] [Times: user=0.12 sys=0.00, real=0.03 secs] 
2018-05-17T12:10:45.396-0100: 303.626: [GC (Allocation Failure) [PSYoungGen: 1284901K->57477K(1288192K)] 2330807K->1103383K(2453504K), 0.0295223 secs] [Times: user=0.11 sys=0.00, real=0.03 secs] 
2018-05-17T12:10:45.624-0100: 303.854: [GC (Allocation Failure) [PSYoungGen: 1287813K->59670K(1294336K)] 2333719K->1105577K(2459648K), 0.0296120 secs] [Times: user=0.11 sys=0.00, real=0.03 secs] 
2018-05-17T12:10:45.832-0100: 304.062: [GC (Allocation Failure) [PSYoungGen: 1263894K->60417K(1265152K)] 2309801K->1107003K(2430464K), 0.0301041 secs] [Times: user=0.12 sys=0.00, real=0.03 secs] 
2018-05-17T12:10:46.041-0100: 304.271: [GC (Allocation Failure) [PSYoungGen: 1264641K->60653K(1287680K)] 2311227K->1108559K(2452992K), 0.0312273 secs] [Times: user=0.11 sys=0.00, real=0.03 secs] 
2018-05-17T12:10:46.240-0100: 304.470: [GC (Allocation Failure) [PSYoungGen: 1246445K->10823K(1291776K)] 2294351K->1110339K(2457088K), 0.0342792 secs] [Times: user=0.13 sys=0.00, real=0.03 secs] 
2018-05-17T12:10:46.438-0100: 304.668: [GC (Allocation Failure) [PSYoungGen: 1196615K->7685K(1284608K)] 2296131K->1111561K(2449920K), 0.0144123 secs] [Times: user=0.05 sys=0.00, real=0.02 secs] 
2018-05-17T12:10:46.614-0100: 304.843: [GC (Allocation Failure) [PSYoungGen: 1196549K->5928K(1288704K)] 2300425K->1112692K(2454016K), 0.0109494 secs] [Times: user=0.04 sys=0.00, real=0.01 secs] 
2018-05-17T12:10:46.785-0100: 305.015: [GC (Allocation Failure) [PSYoungGen: 1194792K->4407K(1291264K)] 2301556K->1113628K(2456576K), 0.0092103 secs] [Times: user=0.03 sys=0.01, real=0.01 secs] 
2018-05-17T12:10:46.954-0100: 305.184: [GC (Allocation Failure) [PSYoungGen: 1206071K->3647K(1294848K)] 2315292K->1114884K(2460160K), 0.0089035 secs] [Times: user=0.03 sys=0.00, real=0.01 secs] 
2018-05-17T12:10:47.120-0100: 305.350: [GC (Allocation Failure) [PSYoungGen: 1205311K->3451K(1296896K)] 2316548K->1115752K(2462208K), 0.0069982 secs] [Times: user=0.02 sys=0.00, real=0.00 secs] 
2018-05-17T12:10:47.285-0100: 305.515: [GC (Allocation Failure) [PSYoungGen: 1217915K->3561K(1300992K)] 2330216K->1116789K(2466304K), 0.0072379 secs] [Times: user=0.03 sys=0.00, real=0.01 secs] 
2018-05-17T12:10:47.449-0100: 305.679: [GC (Allocation Failure) [PSYoungGen: 1218025K->4597K(1302528K)] 2331253K->1117825K(2467840K), 0.0066711 secs] [Times: user=0.03 sys=0.00, real=0.01 secs] 
2018-05-17T12:10:47.614-0100: 305.844: [GC (Allocation Failure) [PSYoungGen: 1232885K->5526K(1307136K)] 2346113K->1118755K(2472448K), 0.0076056 secs] [Times: user=0.02 sys=0.00, real=0.01 secs] 
2018-05-17T12:10:47.776-0100: 306.006: [GC (Allocation Failure) [PSYoungGen: 1233814K->6294K(1310208K)] 2347043K->1119523K(2475520K), 0.0081535 secs] [Times: user=0.03 sys=0.00, real=0.01 secs] 
2018-05-17T12:10:48.419-0100: 306.649: [GC (Allocation Failure) [PSYoungGen: 1250454K->50951K(1314816K)] 2363683K->1164179K(2480128K), 0.0323774 secs] [Times: user=0.12 sys=0.00, real=0.04 secs] 
2018-05-17T12:10:48.745-0100: 306.975: [GC (Allocation Failure) [PSYoungGen: 1295111K->56444K(1304064K)] 2408339K->1169673K(2469376K), 0.0302402 secs] [Times: user=0.12 sys=0.00, real=0.03 secs] 
2018-05-17T12:10:48.982-0100: 307.212: [GC (Allocation Failure) [PSYoungGen: 1282172K->58995K(1285120K)] 2395401K->1172223K(2450432K), 0.0295574 secs] [Times: user=0.11 sys=0.00, real=0.03 secs] 
2018-05-17T12:10:49.199-0100: 307.429: [GC (Allocation Failure) [PSYoungGen: 1284723K->60016K(1292288K)] 2397951K->1173949K(2457600K), 0.0299326 secs] [Times: user=0.11 sys=0.00, real=0.03 secs] 
2018-05-17T12:10:49.409-0100: 307.639: [GC (Allocation Failure) [PSYoungGen: 1259120K->60222K(1259520K)] 2373053K->1175483K(2424832K), 0.0312247 secs] [Times: user=0.12 sys=0.00, real=0.04 secs] 
2018-05-17T12:10:49.613-0100: 307.843: [GC (Allocation Failure) [PSYoungGen: 1259326K->13191K(1297920K)] 2374587K->1177277K(2463232K), 0.0464811 secs] [Times: user=0.13 sys=0.02, real=0.05 secs] 
2018-05-17T12:10:49.660-0100: 307.889: [Full GC (Ergonomics) [PSYoungGen: 13191K->0K(1297920K)] [ParOldGen: 1164085K->625418K(1261568K)] 1177277K->625418K(2559488K), [Metaspace: 42361K->42361K(1087488K)], 2.5179511 secs] [Times: user=6.47 sys=0.01, real=2.51 secs] 
2018-05-17T12:10:52.344-0100: 310.573: [GC (Allocation Failure) [PSYoungGen: 1194496K->3451K(1198080K)] 1819914K->628870K(2459648K), 0.0062414 secs] [Times: user=0.02 sys=0.00, real=0.01 secs] 
2018-05-17T12:10:52.512-0100: 310.742: [GC (Allocation Failure) [PSYoungGen: 1197947K->4856K(1295360K)] 1823366K->630275K(2556928K), 0.0064120 secs] [Times: user=0.02 sys=0.00, real=0.00 secs] 
2018-05-17T12:10:52.680-0100: 310.910: [GC (Allocation Failure) [PSYoungGen: 1202424K->4484K(1292288K)] 1827843K->631343K(2553856K), 0.0073813 secs] [Times: user=0.03 sys=0.00, real=0.00 secs] 
2018-05-17T12:10:52.848-0100: 311.078: [GC (Allocation Failure) [PSYoungGen: 1202052K->4454K(1299456K)] 1828911K->632376K(2561024K), 0.0070589 secs] [Times: user=0.02 sys=0.00, real=0.01 secs] 
2018-05-17T12:10:53.015-0100: 311.244: [GC (Allocation Failure) [PSYoungGen: 1213286K->5505K(1296384K)] 1841208K->633428K(2557952K), 0.0075388 secs] [Times: user=0.03 sys=0.00, real=0.01 secs] 
2018-05-17T12:10:53.185-0100: 311.415: [GC (Allocation Failure) [PSYoungGen: 1214337K->6320K(1306112K)] 1842260K->634243K(2567680K), 0.0087391 secs] [Times: user=0.03 sys=0.00, real=0.01 secs] 
2018-05-17T12:10:53.352-0100: 311.581: [GC (Allocation Failure) [PSYoungGen: 1230000K->7156K(1303552K)] 1857923K->635078K(2565120K), 0.0071261 secs] [Times: user=0.03 sys=0.00, real=0.00 secs] 
2018-05-17T12:10:53.520-0100: 311.749: [GC (Allocation Failure) [PSYoungGen: 1230836K->7996K(1313792K)] 1858758K->635918K(2575360K), 0.0081440 secs] [Times: user=0.03 sys=0.00, real=0.00 secs] 
2018-05-17T12:10:53.687-0100: 311.917: [GC (Allocation Failure) [PSYoungGen: 1247548K->8751K(1311232K)] 1875470K->636674K(2572800K), 0.0083673 secs] [Times: user=0.03 sys=0.00, real=0.01 secs] 
2018-05-17T12:10:53.854-0100: 312.084: [GC (Allocation Failure) [PSYoungGen: 1248303K->9478K(1321984K)] 1876226K->637400K(2583552K), 0.0088667 secs] [Times: user=0.03 sys=0.00, real=0.01 secs] 
2018-05-17T12:10:54.586-0100: 312.816: [GC (Allocation Failure) [PSYoungGen: 1265414K->57668K(1319424K)] 1893336K->685598K(2580992K), 0.0332398 secs] [Times: user=0.13 sys=0.00, real=0.04 secs] 
2018-05-17T12:10:54.857-0100: 313.086: [GC (Allocation Failure) [PSYoungGen: 1313604K->60625K(1304064K)] 1941534K->688555K(2565632K), 0.0319961 secs] [Times: user=0.12 sys=0.00, real=0.03 secs] 
2018-05-17T12:10:55.085-0100: 313.315: [GC (Allocation Failure) [PSYoungGen: 1290449K->62658K(1292800K)] 1918379K->690589K(2554368K), 0.0308560 secs] [Times: user=0.12 sys=0.00, real=0.03 secs] 
2018-05-17T12:10:55.294-0100: 313.524: [GC (Allocation Failure) [PSYoungGen: 1292482K->62522K(1292800K)] 1920413K->692101K(2554368K), 0.0312405 secs] [Times: user=0.12 sys=0.00, real=0.03 secs] 
2018-05-17T12:10:55.501-0100: 313.731: [GC (Allocation Failure) [PSYoungGen: 1262650K->62660K(1263104K)] 1892229K->693679K(2524672K), 0.0323941 secs] [Times: user=0.12 sys=0.00, real=0.03 secs] 
2018-05-17T12:10:55.707-0100: 313.937: [GC (Allocation Failure) [PSYoungGen: 1262788K->62871K(1286656K)] 1893807K->695225K(2548224K), 0.0308032 secs] [Times: user=0.12 sys=0.00, real=0.03 secs] 
2018-05-17T12:10:55.900-0100: 314.129: [GC (Allocation Failure) [PSYoungGen: 1245591K->62557K(1245696K)] 1877945K->696296K(2507264K), 0.0306512 secs] [Times: user=0.12 sys=0.00, real=0.03 secs] 
2018-05-17T12:10:56.092-0100: 314.321: [GC (Allocation Failure) [PSYoungGen: 1245277K->10453K(1289728K)] 1879016K->697679K(2551296K), 0.0327658 secs] [Times: user=0.12 sys=0.00, real=0.03 secs] 
2018-05-17T12:10:56.284-0100: 314.514: [GC (Allocation Failure) [PSYoungGen: 1190101K->8483K(1188352K)] 1877327K->698764K(2449920K), 0.0106944 secs] [Times: user=0.04 sys=0.00, real=0.01 secs] 
2018-05-17T12:10:56.453-0100: 314.682: [GC (Allocation Failure) [PSYoungGen: 1188131K->6453K(1287168K)] 1878412K->699614K(2548736K), 0.0093867 secs] [Times: user=0.03 sys=0.00, real=0.01 secs] 
2018-05-17T12:10:56.611-0100: 314.841: [GC (Allocation Failure) [PSYoungGen: 1188149K->5400K(1285120K)] 1881310K->700521K(2546688K), 0.0081586 secs] [Times: user=0.03 sys=0.00, real=0.00 secs] 
2018-05-17T12:10:56.771-0100: 315.001: [GC (Allocation Failure) [PSYoungGen: 1187096K->4443K(1291264K)] 1882217K->701364K(2552832K), 0.0069425 secs] [Times: user=0.03 sys=0.00, real=0.00 secs] 
2018-05-17T12:10:56.931-0100: 315.160: [GC (Allocation Failure) [PSYoungGen: 1196379K->4570K(1289216K)] 1893300K->702307K(2550784K), 0.0070230 secs] [Times: user=0.02 sys=0.00, real=0.00 secs] 
2018-05-17T12:10:57.089-0100: 315.318: [GC (Allocation Failure) [PSYoungGen: 1196506K->4659K(1296896K)] 1894243K->703196K(2558464K), 0.0058270 secs] [Times: user=0.02 sys=0.00, real=0.01 secs] 
2018-05-17T12:10:57.249-0100: 315.478: [GC (Allocation Failure) [PSYoungGen: 1209395K->5401K(1294848K)] 1907932K->703938K(2556416K), 0.0065589 secs] [Times: user=0.02 sys=0.00, real=0.01 secs] 
2018-05-17T12:10:57.710-0100: 315.939: [GC (Allocation Failure) [PSYoungGen: 1210137K->47367K(1297920K)] 1908674K->745905K(2559488K), 0.0228102 secs] [Times: user=0.08 sys=0.00, real=0.02 secs] 
2018-05-17T12:10:58.164-0100: 316.393: [GC (Allocation Failure) [PSYoungGen: 1259271K->55319K(1301504K)] 1957809K->753856K(2563072K), 0.0329013 secs] [Times: user=0.12 sys=0.00, real=0.03 secs] 
2018-05-17T12:10:58.408-0100: 316.638: [GC (Allocation Failure) [PSYoungGen: 1267223K->57935K(1292800K)] 1965760K->756472K(2554368K), 0.0284948 secs] [Times: user=0.11 sys=0.00, real=0.03 secs] 
2018-05-17T12:10:58.624-0100: 316.853: [GC (Allocation Failure) [PSYoungGen: 1256015K->59180K(1257472K)] 1954552K->758373K(2519040K), 0.0285583 secs] [Times: user=0.10 sys=0.00, real=0.03 secs] 
2018-05-17T12:10:58.833-0100: 317.063: [GC (Allocation Failure) [PSYoungGen: 1257260K->59331K(1288704K)] 1956453K->759844K(2550272K), 0.0295442 secs] [Times: user=0.11 sys=0.01, real=0.03 secs] 
2018-05-17T12:10:59.038-0100: 317.268: [GC (Allocation Failure) [PSYoungGen: 1244099K->8842K(1291264K)] 1944612K->761623K(2552832K), 0.0304427 secs] [Times: user=0.11 sys=0.00, real=0.03 secs] 
2018-05-17T12:10:59.234-0100: 317.464: [GC (Allocation Failure) [PSYoungGen: 1193610K->6452K(1286144K)] 1946391K->763162K(2547712K), 0.0119203 secs] [Times: user=0.04 sys=0.00, real=0.01 secs] 
2018-05-17T12:10:59.417-0100: 317.646: [GC (Allocation Failure) [PSYoungGen: 1193780K->4661K(1288704K)] 1950490K->764282K(2550272K), 0.0095191 secs] [Times: user=0.03 sys=0.00, real=0.01 secs] 
2018-05-17T12:10:59.587-0100: 317.816: [GC (Allocation Failure) [PSYoungGen: 1191989K->3348K(1290752K)] 1951610K->765489K(2552320K), 0.0081248 secs] [Times: user=0.03 sys=0.00, real=0.01 secs] 
2018-05-17T12:10:59.753-0100: 317.982: [GC (Allocation Failure) [PSYoungGen: 1201428K->3376K(1293312K)] 1963569K->766621K(2554880K), 0.0067044 secs] [Times: user=0.02 sys=0.00, real=0.00 secs] 
2018-05-17T12:10:59.914-0100: 318.144: [GC (Allocation Failure) [PSYoungGen: 1201456K->3629K(1295872K)] 1964701K->767923K(2557440K), 0.0064185 secs] [Times: user=0.02 sys=0.00, real=0.01 secs] 
2018-05-17T12:11:00.078-0100: 318.308: [GC (Allocation Failure) [PSYoungGen: 1213997K->4546K(1298944K)] 1978291K->768840K(2560512K), 0.0060511 secs] [Times: user=0.02 sys=0.00, real=0.01 secs] 
2018-05-17T12:11:00.241-0100: 318.471: [GC (Allocation Failure) [PSYoungGen: 1214914K->5349K(1302016K)] 1979208K->769643K(2563584K), 0.0075336 secs] [Times: user=0.03 sys=0.01, real=0.00 secs] 
2018-05-17T12:11:00.409-0100: 318.638: [GC (Allocation Failure) [PSYoungGen: 1230053K->6204K(1305088K)] 1994347K->770498K(2566656K), 0.0067510 secs] [Times: user=0.02 sys=0.00, real=0.01 secs] 
2018-05-17T12:11:00.573-0100: 318.802: [GC (Allocation Failure) [PSYoungGen: 1230908K->6988K(1309184K)] 1995202K->771281K(2570752K), 0.0078557 secs] [Times: user=0.03 sys=0.00, real=0.01 secs] 
2018-05-17T12:11:00.741-0100: 318.970: [GC (Allocation Failure) [PSYoungGen: 1248076K->7836K(1312768K)] 2012369K->772129K(2574336K), 0.0082542 secs] [Times: user=0.03 sys=0.00, real=0.00 secs] 
2018-05-17T12:11:01.429-0100: 319.659: [GC (Allocation Failure) [PSYoungGen: 1248924K->54419K(1311744K)] 2013217K->818713K(2573312K), 0.0297192 secs] [Times: user=0.11 sys=0.00, real=0.03 secs] 
2018-05-17T12:11:01.713-0100: 319.942: [GC (Allocation Failure) [PSYoungGen: 1298579K->58336K(1302528K)] 2062873K->822630K(2564096K), 0.0292656 secs] [Times: user=0.11 sys=0.00, real=0.03 secs] 
2018-05-17T12:11:01.947-0100: 320.177: [GC (Allocation Failure) [PSYoungGen: 1302496K->60783K(1296384K)] 2066790K->825077K(2557952K), 0.0294347 secs] [Times: user=0.11 sys=0.00, real=0.03 secs] 
2018-05-17T12:11:02.161-0100: 320.391: [GC (Allocation Failure) [PSYoungGen: 1271151K->61602K(1272320K)] 2035445K->826632K(2533888K), 0.0309579 secs] [Times: user=0.11 sys=0.00, real=0.03 secs] 
2018-05-17T12:11:02.370-0100: 320.600: [GC (Allocation Failure) [PSYoungGen: 1271970K->61736K(1288704K)] 2037000K->828158K(2550272K), 0.0320588 secs] [Times: user=0.12 sys=0.00, real=0.03 secs] 
2018-05-17T12:11:02.573-0100: 320.803: [GC (Allocation Failure) [PSYoungGen: 1250600K->61945K(1250816K)] 2017022K->829711K(2512384K), 0.0307013 secs] [Times: user=0.11 sys=0.00, real=0.03 secs] 
2018-05-17T12:11:02.765-0100: 320.994: [GC (Allocation Failure) [PSYoungGen: 1250809K->12987K(1292800K)] 2018575K->831119K(2554368K), 0.0332171 secs] [Times: user=0.13 sys=0.00, real=0.03 secs] 
2018-05-17T12:11:02.958-0100: 321.187: [GC (Allocation Failure) [PSYoungGen: 1197755K->8881K(1193984K)] 2015887K->832276K(2455552K), 0.0136953 secs] [Times: user=0.05 sys=0.00, real=0.02 secs] 
2018-05-17T12:11:03.131-0100: 321.360: [GC (Allocation Failure) [PSYoungGen: 1193649K->7019K(1289216K)] 2017044K->833382K(2550784K), 0.0106315 secs] [Times: user=0.03 sys=0.00, real=0.01 secs] 
2018-05-17T12:11:03.307-0100: 321.536: [GC (Allocation Failure) [PSYoungGen: 1194347K->5449K(1286656K)] 2020710K->834269K(2548224K), 0.0093979 secs] [Times: user=0.03 sys=0.00, real=0.01 secs] 
2018-05-17T12:11:03.470-0100: 321.700: [GC (Allocation Failure) [PSYoungGen: 1192777K->4526K(1294848K)] 2021597K->835290K(2556416K), 0.0081416 secs] [Times: user=0.02 sys=0.00, real=0.00 secs] 
2018-05-17T12:11:03.632-0100: 321.862: [GC (Allocation Failure) [PSYoungGen: 1204654K->4436K(1292800K)] 2035418K->836160K(2554368K), 0.0063037 secs] [Times: user=0.02 sys=0.00, real=0.00 secs] 
2018-05-17T12:11:03.794-0100: 322.024: [GC (Allocation Failure) [PSYoungGen: 1204564K->4500K(1301504K)] 2036288K->837056K(2563072K), 0.0063168 secs] [Times: user=0.02 sys=0.01, real=0.01 secs] 
2018-05-17T12:11:03.960-0100: 322.190: [GC (Allocation Failure) [PSYoungGen: 1218452K->5447K(1299968K)] 2051008K->838003K(2561536K), 0.0064395 secs] [Times: user=0.02 sys=0.00, real=0.00 secs] 
2018-05-17T12:11:04.122-0100: 322.352: [GC (Allocation Failure) [PSYoungGen: 1219399K->6211K(1307648K)] 2051955K->838766K(2569216K), 0.0072899 secs] [Times: user=0.02 sys=0.00, real=0.00 secs] 
2018-05-17T12:11:04.288-0100: 322.517: [GC (Allocation Failure) [PSYoungGen: 1234499K->7018K(1306112K)] 2067054K->839574K(2567680K), 0.0077036 secs] [Times: user=0.03 sys=0.00, real=0.01 secs] 
2018-05-17T12:11:05.001-0100: 323.230: [GC (Allocation Failure) [PSYoungGen: 1235306K->55386K(1305600K)] 2067862K->887950K(2567168K), 0.0303980 secs] [Times: user=0.12 sys=0.01, real=0.03 secs] 
2018-05-17T12:11:05.255-0100: 323.485: [GC (Allocation Failure) [PSYoungGen: 1287258K->58242K(1290240K)] 2119822K->890805K(2551808K), 0.0292093 secs] [Times: user=0.11 sys=0.01, real=0.03 secs] 
2018-05-17T12:11:05.476-0100: 323.706: [GC (Allocation Failure) [PSYoungGen: 1290114K->60361K(1294336K)] 2122677K->892925K(2555904K), 0.0292429 secs] [Times: user=0.12 sys=0.00, real=0.03 secs] 
2018-05-17T12:11:05.677-0100: 323.906: [GC (Allocation Failure) [PSYoungGen: 1264585K->61042K(1265664K)] 2097149K->894294K(2527232K), 0.0299651 secs] [Times: user=0.11 sys=0.00, real=0.03 secs] 
2018-05-17T12:11:05.885-0100: 324.115: [GC (Allocation Failure) [PSYoungGen: 1265266K->61385K(1287168K)] 2098518K->895965K(2548736K), 0.0308843 secs] [Times: user=0.11 sys=0.00, real=0.03 secs] 
2018-05-17T12:11:06.080-0100: 324.310: [GC (Allocation Failure) [PSYoungGen: 1246153K->61423K(1246208K)] 2080733K->897359K(2507776K), 0.0301169 secs] [Times: user=0.11 sys=0.00, real=0.03 secs] 
2018-05-17T12:11:06.271-0100: 324.501: [GC (Allocation Failure) [PSYoungGen: 1246191K->9465K(1291264K)] 2082127K->898943K(2552832K), 0.0327323 secs] [Times: user=0.13 sys=0.00, real=0.03 secs] 
2018-05-17T12:11:06.466-0100: 324.695: [GC (Allocation Failure) [PSYoungGen: 1191673K->7385K(1189888K)] 2081151K->899887K(2451456K), 0.0112744 secs] [Times: user=0.04 sys=0.00, real=0.01 secs] 
2018-05-17T12:11:06.635-0100: 324.865: [GC (Allocation Failure) [PSYoungGen: 1189593K->5446K(1288704K)] 2082095K->900852K(2550272K), 0.0094132 secs] [Times: user=0.03 sys=0.00, real=0.01 secs] 
2018-05-17T12:11:06.807-0100: 325.037: [GC (Allocation Failure) [PSYoungGen: 1190214K->4449K(1286144K)] 2085620K->901879K(2547712K), 0.0084379 secs] [Times: user=0.03 sys=0.00, real=0.01 secs] 
2018-05-17T12:11:06.973-0100: 325.203: [GC (Allocation Failure) [PSYoungGen: 1189217K->3510K(1292800K)] 2086647K->902908K(2554368K), 0.0079511 secs] [Times: user=0.03 sys=0.00, real=0.01 secs] 
2018-05-17T12:11:07.138-0100: 325.368: [GC (Allocation Failure) [PSYoungGen: 1199542K->3579K(1290752K)] 2098940K->903905K(2552320K), 0.0067039 secs] [Times: user=0.02 sys=0.00, real=0.01 secs] 
2018-05-17T12:11:07.298-0100: 325.528: [GC (Allocation Failure) [PSYoungGen: 1199611K->3604K(1298944K)] 2099937K->904882K(2560512K), 0.0061179 secs] [Times: user=0.03 sys=0.00, real=0.01 secs] 
2018-05-17T12:11:07.460-0100: 325.690: [GC (Allocation Failure) [PSYoungGen: 1213972K->4564K(1297920K)] 2115250K->905842K(2559488K), 0.0068953 secs] [Times: user=0.02 sys=0.00, real=0.00 secs] 
2018-05-17T12:11:07.619-0100: 325.848: [GC (Allocation Failure) [PSYoungGen: 1214932K->5534K(1306112K)] 2116210K->906812K(2567680K), 0.0066636 secs] [Times: user=0.02 sys=0.01, real=0.01 secs] 
2018-05-17T12:11:08.185-0100: 326.415: [GC (Allocation Failure) [PSYoungGen: 1231262K->55907K(1305088K)] 2132540K->957193K(2566656K), 0.0276396 secs] [Times: user=0.10 sys=0.00, real=0.03 secs] 
2018-05-17T12:11:08.572-0100: 326.801: [GC (Allocation Failure) [PSYoungGen: 1281635K->55503K(1297920K)] 2182921K->956789K(2559488K), 0.0300506 secs] [Times: user=0.11 sys=0.01, real=0.03 secs] 
2018-05-17T12:11:08.812-0100: 327.041: [GC (Allocation Failure) [PSYoungGen: 1265871K->58085K(1268736K)] 2167157K->959371K(2530304K), 0.0287104 secs] [Times: user=0.11 sys=0.00, real=0.03 secs] 
2018-05-17T12:11:09.029-0100: 327.259: [GC (Allocation Failure) [PSYoungGen: 1268453K->59253K(1289728K)] 2169739K->961187K(2551296K), 0.0293790 secs] [Times: user=0.11 sys=0.00, real=0.03 secs] 
2018-05-17T12:11:09.235-0100: 327.464: [GC (Allocation Failure) [PSYoungGen: 1250165K->59361K(1250304K)] 2152099K->962631K(2511872K), 0.0297404 secs] [Times: user=0.10 sys=0.00, real=0.03 secs] 
2018-05-17T12:11:09.432-0100: 327.662: [GC (Allocation Failure) [PSYoungGen: 1250273K->8664K(1293824K)] 2153543K->964445K(2555392K), 0.0311547 secs] [Times: user=0.12 sys=0.00, real=0.03 secs] 
2018-05-17T12:11:09.631-0100: 327.861: [GC (Allocation Failure) [PSYoungGen: 1195480K->6470K(1193472K)] 2151261K->966083K(2455040K), 0.0114496 secs] [Times: user=0.04 sys=0.00, real=0.01 secs] 
2018-05-17T12:11:09.800-0100: 328.030: [GC (Allocation Failure) [PSYoungGen: 1193286K->4702K(1290752K)] 2152899K->967187K(2552320K), 0.0096148 secs] [Times: user=0.03 sys=0.00, real=0.01 secs] 
2018-05-17T12:11:09.968-0100: 328.198: [GC (Allocation Failure) [PSYoungGen: 1194590K->3257K(1287680K)] 2157075K->968269K(2549248K), 0.0085394 secs] [Times: user=0.03 sys=0.00, real=0.01 secs] 
2018-05-17T12:11:10.137-0100: 328.367: [GC (Allocation Failure) [PSYoungGen: 1193145K->3530K(1296384K)] 2158157K->969631K(2557952K), 0.0063623 secs] [Times: user=0.03 sys=0.00, real=0.01 secs] 
2018-05-17T12:11:10.301-0100: 328.531: [GC (Allocation Failure) [PSYoungGen: 1206218K->3519K(1293824K)] 2172319K->970659K(2555392K), 0.0067228 secs] [Times: user=0.02 sys=0.01, real=0.00 secs] 
2018-05-17T12:11:10.465-0100: 328.694: [GC (Allocation Failure) [PSYoungGen: 1206207K->4503K(1302528K)] 2173347K->971643K(2564096K), 0.0068190 secs] [Times: user=0.02 sys=0.00, real=0.01 secs] 
2018-05-17T12:11:10.632-0100: 328.862: [GC (Allocation Failure) [PSYoungGen: 1221527K->5412K(1300480K)] 2188667K->972553K(2562048K), 0.0067887 secs] [Times: user=0.03 sys=0.00, real=0.00 secs] 
2018-05-17T12:11:10.798-0100: 329.028: [GC (Allocation Failure) [PSYoungGen: 1222436K->6199K(1309696K)] 2189577K->973340K(2571264K), 0.0072536 secs] [Times: user=0.02 sys=0.00, real=0.01 secs] 
2018-05-17T12:11:10.964-0100: 329.193: [GC (Allocation Failure) [PSYoungGen: 1239607K->7064K(1308160K)] 2206748K->974205K(2569728K), 0.0076935 secs] [Times: user=0.03 sys=0.00, real=0.01 secs] 
2018-05-17T12:11:11.127-0100: 329.356: [GC (Allocation Failure) [PSYoungGen: 1240472K->7925K(1318912K)] 2207613K->975066K(2580480K), 0.0088222 secs] [Times: user=0.04 sys=0.00, real=0.01 secs] 
2018-05-17T12:11:11.847-0100: 330.076: [GC (Allocation Failure) [PSYoungGen: 1258741K->55082K(1317376K)] 2225882K->1022222K(2578944K), 0.0312724 secs] [Times: user=0.12 sys=0.00, real=0.03 secs] 
2018-05-17T12:11:12.132-0100: 330.361: [GC (Allocation Failure) [PSYoungGen: 1305898K->58515K(1303040K)] 2273038K->1025656K(2564608K), 0.0295085 secs] [Times: user=0.11 sys=0.00, real=0.03 secs] 
2018-05-17T12:11:12.365-0100: 330.594: [GC (Allocation Failure) [PSYoungGen: 1285267K->60898K(1287680K)] 2252408K->1028038K(2549248K), 0.0308391 secs] [Times: user=0.12 sys=0.00, real=0.03 secs] 
2018-05-17T12:11:12.577-0100: 330.807: [GC (Allocation Failure) [PSYoungGen: 1287650K->61702K(1292288K)] 2254790K->1029602K(2553856K), 0.0313535 secs] [Times: user=0.12 sys=0.00, real=0.03 secs] 
2018-05-17T12:11:12.784-0100: 331.014: [GC (Allocation Failure) [PSYoungGen: 1260806K->61885K(1261056K)] 2228706K->1031170K(2522624K), 0.0318862 secs] [Times: user=0.12 sys=0.00, real=0.03 secs] 
2018-05-17T12:11:12.992-0100: 331.222: [GC (Allocation Failure) [PSYoungGen: 1260989K->61999K(1286144K)] 2230274K->1032627K(2547712K), 0.0314697 secs] [Times: user=0.12 sys=0.00, real=0.03 secs] 
2018-05-17T12:11:13.188-0100: 331.417: [GC (Allocation Failure) [PSYoungGen: 1243695K->12603K(1289728K)] 2214323K->1034108K(2551296K), 0.0374843 secs] [Times: user=0.13 sys=0.01, real=0.04 secs] 
2018-05-17T12:11:13.392-0100: 331.622: [GC (Allocation Failure) [PSYoungGen: 1194299K->8871K(1283072K)] 2215804K->1035248K(2544640K), 0.0139125 secs] [Times: user=0.05 sys=0.00, real=0.01 secs] 
2018-05-17T12:11:13.569-0100: 331.799: [GC (Allocation Failure) [PSYoungGen: 1193572K->6903K(1286656K)] 2219948K->1036208K(2548224K), 0.0111090 secs] [Times: user=0.05 sys=0.00, real=0.02 secs] 
2018-05-17T12:11:13.734-0100: 331.964: [GC (Allocation Failure) [PSYoungGen: 1191671K->5476K(1290240K)] 2220976K->1037212K(2551808K), 0.0087295 secs] [Times: user=0.04 sys=0.00, real=0.01 secs] 
2018-05-17T12:11:13.901-0100: 332.130: [GC (Allocation Failure) [PSYoungGen: 1202532K->4518K(1293312K)] 2234268K->1038158K(2554880K), 0.0079139 secs] [Times: user=0.03 sys=0.00, real=0.00 secs] 
2018-05-17T12:11:14.062-0100: 332.292: [GC (Allocation Failure) [PSYoungGen: 1201574K->4471K(1295872K)] 2235214K->1039056K(2557440K), 0.0075735 secs] [Times: user=0.02 sys=0.00, real=0.01 secs] 
2018-05-17T12:11:14.224-0100: 332.454: [GC (Allocation Failure) [PSYoungGen: 1213303K->4531K(1298432K)] 2247888K->1039972K(2560000K), 0.0067159 secs] [Times: user=0.02 sys=0.00, real=0.01 secs] 
2018-05-17T12:11:14.389-0100: 332.619: [GC (Allocation Failure) [PSYoungGen: 1213363K->5423K(1302528K)] 2248804K->1040863K(2564096K), 0.0069228 secs] [Times: user=0.02 sys=0.00, real=0.01 secs] 
2018-05-17T12:11:14.552-0100: 332.781: [GC (Allocation Failure) [PSYoungGen: 1228079K->6256K(1304576K)] 2263519K->1041696K(2566144K), 0.0072320 secs] [Times: user=0.02 sys=0.00, real=0.00 secs] 
2018-05-17T12:11:14.727-0100: 332.957: [GC (Allocation Failure) [PSYoungGen: 1228912K->9163K(1308672K)] 2264352K->1044603K(2570240K), 0.0094714 secs] [Times: user=0.04 sys=0.00, real=0.01 secs] 
2018-05-17T12:11:15.458-0100: 333.687: [GC (Allocation Failure) [PSYoungGen: 1247179K->55842K(1311232K)] 2282619K->1091290K(2572800K), 0.0311668 secs] [Times: user=0.12 sys=0.00, real=0.03 secs] 
2018-05-17T12:11:15.712-0100: 333.942: [GC (Allocation Failure) [PSYoungGen: 1293858K->58507K(1300480K)] 2329306K->1093955K(2562048K), 0.0298106 secs] [Times: user=0.11 sys=0.00, real=0.03 secs] 
2018-05-17T12:11:15.935-0100: 334.165: [GC (Allocation Failure) [PSYoungGen: 1277067K->60443K(1279488K)] 2312515K->1095891K(2541056K), 0.0299711 secs] [Times: user=0.11 sys=0.00, real=0.03 secs] 
2018-05-17T12:11:16.147-0100: 334.377: [GC (Allocation Failure) [PSYoungGen: 1279003K->60603K(1290752K)] 2314451K->1097380K(2552320K), 0.0311299 secs] [Times: user=0.12 sys=0.00, real=0.03 secs] 
2018-05-17T12:11:16.350-0100: 334.579: [GC (Allocation Failure) [PSYoungGen: 1254587K->60799K(1254912K)] 2291364K->1098912K(2516480K), 0.0300983 secs] [Times: user=0.11 sys=0.00, real=0.03 secs] 
2018-05-17T12:11:16.551-0100: 334.781: [GC (Allocation Failure) [PSYoungGen: 1254783K->10510K(1295360K)] 2292896K->1100561K(2556928K), 0.0323973 secs] [Times: user=0.12 sys=0.01, real=0.03 secs] 
2018-05-17T12:11:16.753-0100: 334.982: [GC (Allocation Failure) [PSYoungGen: 1200398K->7683K(1198080K)] 2290449K->1101814K(2459648K), 0.0129863 secs] [Times: user=0.05 sys=0.00, real=0.01 secs] 
2018-05-17T12:11:16.924-0100: 335.154: [GC (Allocation Failure) [PSYoungGen: 1197571K->5810K(1292800K)] 2291702K->1102820K(2554368K), 0.0105856 secs] [Times: user=0.04 sys=0.00, real=0.01 secs] 
2018-05-17T12:11:17.096-0100: 335.326: [GC (Allocation Failure) [PSYoungGen: 1198770K->4531K(1289728K)] 2295780K->1103958K(2551296K), 0.0088607 secs] [Times: user=0.03 sys=0.00, real=0.01 secs] 
2018-05-17T12:11:17.263-0100: 335.493: [GC (Allocation Failure) [PSYoungGen: 1197491K->3420K(1297920K)] 2296918K->1104887K(2559488K), 0.0082412 secs] [Times: user=0.03 sys=0.00, real=0.01 secs] 
2018-05-17T12:11:17.427-0100: 335.656: [GC (Allocation Failure) [PSYoungGen: 1207644K->3590K(1294848K)] 2309111K->1106072K(2556416K), 0.0064451 secs] [Times: user=0.02 sys=0.00, real=0.01 secs] 
2018-05-17T12:11:17.590-0100: 335.820: [GC (Allocation Failure) [PSYoungGen: 1207814K->4515K(1303040K)] 2310296K->1106997K(2564608K), 0.0064280 secs] [Times: user=0.02 sys=0.00, real=0.00 secs] 
2018-05-17T12:11:17.755-0100: 335.985: [GC (Allocation Failure) [PSYoungGen: 1222051K->5376K(1300480K)] 2324533K->1107859K(2562048K), 0.0072240 secs] [Times: user=0.03 sys=0.01, real=0.01 secs] 
2018-05-17T12:11:17.918-0100: 336.148: [GC (Allocation Failure) [PSYoungGen: 1222912K->6205K(1310208K)] 2325395K->1108688K(2571776K), 0.0078529 secs] [Times: user=0.03 sys=0.00, real=0.01 secs] 
2018-05-17T12:11:18.080-0100: 336.310: [GC (Allocation Failure) [PSYoungGen: 1240125K->7111K(1308672K)] 2342608K->1109593K(2570240K), 0.0086166 secs] [Times: user=0.03 sys=0.00, real=0.00 secs] 
2018-05-17T12:11:18.754-0100: 336.983: [GC (Allocation Failure) [PSYoungGen: 1241031K->53102K(1308672K)] 2343513K->1155585K(2570240K), 0.0292228 secs] [Times: user=0.11 sys=0.01, real=0.03 secs] 
2018-05-17T12:11:19.046-0100: 337.276: [GC (Allocation Failure) [PSYoungGen: 1291118K->57460K(1295872K)] 2393601K->1159943K(2557440K), 0.0308074 secs] [Times: user=0.11 sys=0.00, real=0.03 secs] 
2018-05-17T12:11:19.287-0100: 337.516: [GC (Allocation Failure) [PSYoungGen: 1295476K->59852K(1296384K)] 2397959K->1162335K(2557952K), 0.0311840 secs] [Times: user=0.12 sys=0.00, real=0.03 secs] 
2018-05-17T12:11:19.503-0100: 337.732: [GC (Allocation Failure) [PSYoungGen: 1269196K->60767K(1270272K)] 2371679K->1163978K(2531840K), 0.0310197 secs] [Times: user=0.12 sys=0.00, real=0.03 secs] 
2018-05-17T12:11:19.710-0100: 337.940: [GC (Allocation Failure) [PSYoungGen: 1270111K->61034K(1289216K)] 2373322K->1165573K(2550784K), 0.0304839 secs] [Times: user=0.12 sys=0.00, real=0.03 secs] 
2018-05-17T12:11:19.917-0100: 338.147: [GC (Allocation Failure) [PSYoungGen: 1249898K->61084K(1250304K)] 2354437K->1166975K(2511872K), 0.0303659 secs] [Times: user=0.12 sys=0.00, real=0.03 secs] 
2018-05-17T12:11:20.116-0100: 338.346: [GC (Allocation Failure) [PSYoungGen: 1249948K->9954K(1292800K)] 2355839K->1168622K(2554368K), 0.0323055 secs] [Times: user=0.13 sys=0.00, real=0.03 secs] 
2018-05-17T12:11:20.308-0100: 338.537: [GC (Allocation Failure) [PSYoungGen: 1194722K->7524K(1192448K)] 2353390K->1169744K(2454016K), 0.0122323 secs] [Times: user=0.04 sys=0.00, real=0.02 secs] 
2018-05-17T12:11:20.479-0100: 338.708: [GC (Allocation Failure) [PSYoungGen: 1192292K->5813K(1290240K)] 2354512K->1170825K(2551808K), 0.0106176 secs] [Times: user=0.04 sys=0.00, real=0.01 secs] 
2018-05-17T12:11:20.649-0100: 338.878: [GC (Allocation Failure) [PSYoungGen: 1193653K->4473K(1287168K)] 2358665K->1171829K(2548736K), 0.0097098 secs] [Times: user=0.04 sys=0.00, real=0.01 secs] 
2018-05-17T12:11:20.810-0100: 339.039: [GC (Allocation Failure) [PSYoungGen: 1192313K->3579K(1294848K)] 2359669K->1172951K(2556416K), 0.0097114 secs] [Times: user=0.03 sys=0.01, real=0.00 secs] 
2018-05-17T12:11:20.974-0100: 339.204: [GC (Allocation Failure) [PSYoungGen: 1203195K->3554K(1292800K)] 2372567K->1173862K(2554368K), 0.0081982 secs] [Times: user=0.03 sys=0.00, real=0.01 secs] 
2018-05-17T12:11:21.135-0100: 339.365: [GC (Allocation Failure) [PSYoungGen: 1203170K->3646K(1300992K)] 2373478K->1174898K(2562560K), 0.0069042 secs] [Times: user=0.03 sys=0.00, real=0.01 secs] 
2018-05-17T12:11:21.295-0100: 339.525: [GC (Allocation Failure) [PSYoungGen: 1216574K->4594K(1298944K)] 2387826K->1175846K(2560512K), 0.0069124 secs] [Times: user=0.02 sys=0.00, real=0.01 secs] 
2018-05-17T12:11:21.456-0100: 339.685: [GC (Allocation Failure) [PSYoungGen: 1217522K->5480K(1307648K)] 2388774K->1176731K(2569216K), 0.0070926 secs] [Times: user=0.02 sys=0.00, real=0.01 secs] 
2018-05-17T12:11:21.618-0100: 339.847: [GC (Allocation Failure) [PSYoungGen: 1233256K->6264K(1305600K)] 2404507K->1177516K(2567168K), 0.0073146 secs] [Times: user=0.02 sys=0.00, real=0.01 secs] 
2018-05-17T12:11:22.341-0100: 340.571: [GC (Allocation Failure) [PSYoungGen: 1234040K->54554K(1305088K)] 2405292K->1225806K(2566656K), 0.0311035 secs] [Times: user=0.12 sys=0.00, real=0.03 secs] 
2018-05-17T12:11:22.609-0100: 340.839: [GC (Allocation Failure) [PSYoungGen: 1285914K->57442K(1289216K)] 2457166K->1228694K(2550784K), 0.0311784 secs] [Times: user=0.10 sys=0.00, real=0.04 secs] 
2018-05-17T12:11:22.843-0100: 341.073: [GC (Allocation Failure) [PSYoungGen: 1288802K->59589K(1294336K)] 2460054K->1230841K(2555904K), 0.0300676 secs] [Times: user=0.11 sys=0.00, real=0.03 secs] 
2018-05-17T12:11:23.054-0100: 341.284: [GC (Allocation Failure) [PSYoungGen: 1263813K->60398K(1264640K)] 2435065K->1232322K(2526208K), 0.0303496 secs] [Times: user=0.12 sys=0.00, real=0.03 secs] 
2018-05-17T12:11:23.267-0100: 341.497: [GC (Allocation Failure) [PSYoungGen: 1264622K->60626K(1287680K)] 2436546K->1233878K(2549248K), 0.0319286 secs] [Times: user=0.12 sys=0.00, real=0.03 secs] 
2018-05-17T12:11:23.464-0100: 341.694: [GC (Allocation Failure) [PSYoungGen: 1246418K->10965K(1291776K)] 2419670K->1235744K(2553344K), 0.0471117 secs] [Times: user=0.13 sys=0.03, real=0.05 secs] 
2018-05-17T12:11:23.673-0100: 341.903: [GC (Allocation Failure) [PSYoungGen: 1196757K->7661K(1285120K)] 2421536K->1236849K(2546688K), 0.0143174 secs] [Times: user=0.05 sys=0.01, real=0.01 secs] 
2018-05-17T12:11:23.849-0100: 342.079: [GC (Allocation Failure) [PSYoungGen: 1197037K->5879K(1288704K)] 2426225K->1237971K(2550272K), 0.0123912 secs] [Times: user=0.04 sys=0.01, real=0.02 secs] 
2018-05-17T12:11:24.023-0100: 342.253: [GC (Allocation Failure) [PSYoungGen: 1195255K->4539K(1291776K)] 2427347K->1239086K(2553344K), 0.0106883 secs] [Times: user=0.03 sys=0.00, real=0.01 secs] 
2018-05-17T12:11:24.190-0100: 342.420: [GC (Allocation Failure) [PSYoungGen: 1206715K->3479K(1295360K)] 2441262K->1240051K(2556928K), 0.0083364 secs] [Times: user=0.03 sys=0.00, real=0.00 secs] 
2018-05-17T12:11:24.199-0100: 342.428: [Full GC (Ergonomics) [PSYoungGen: 3479K->0K(1295360K)] [ParOldGen: 1236571K->630195K(1317376K)] 1240051K->630195K(2612736K), [Metaspace: 42523K->42523K(1089536K)], 2.4703869 secs] [Times: user=6.50 sys=0.01, real=2.48 secs] 
2018-05-17T12:11:26.828-0100: 345.058: [GC (Allocation Failure) [PSYoungGen: 1202176K->3477K(1296896K)] 1832371K->633673K(2614272K), 0.0052982 secs] [Times: user=0.01 sys=0.00, real=0.01 secs] 
2018-05-17T12:11:26.994-0100: 345.224: [GC (Allocation Failure) [PSYoungGen: 1217941K->4598K(1300992K)] 1848137K->634793K(2618368K), 0.0057505 secs] [Times: user=0.02 sys=0.00, real=0.01 secs] 
2018-05-17T12:11:27.155-0100: 345.385: [GC (Allocation Failure) [PSYoungGen: 1219062K->5453K(1303040K)] 1849257K->635649K(2620416K), 0.0063397 secs] [Times: user=0.02 sys=0.00, real=0.01 secs] 
2018-05-17T12:11:27.321-0100: 345.551: [GC (Allocation Failure) [PSYoungGen: 1234253K->6344K(1307136K)] 1864449K->636540K(2624512K), 0.0070078 secs] [Times: user=0.03 sys=0.00, real=0.00 secs] 
2018-05-17T12:11:27.494-0100: 345.724: [GC (Allocation Failure) [PSYoungGen: 1235144K->7205K(1311232K)] 1865340K->637401K(2628608K), 0.0099835 secs] [Times: user=0.04 sys=0.00, real=0.01 secs] 
2018-05-17T12:11:28.128-0100: 346.358: [GC (Allocation Failure) [PSYoungGen: 1252389K->51343K(1315328K)] 1882585K->681538K(2632704K), 0.0305812 secs] [Times: user=0.11 sys=0.01, real=0.03 secs] 
2018-05-17T12:11:28.460-0100: 346.690: [GC (Allocation Failure) [PSYoungGen: 1296527K->57241K(1303552K)] 1926722K->687437K(2620928K), 0.0306676 secs] [Times: user=0.11 sys=0.00, real=0.03 secs] 
2018-05-17T12:11:28.707-0100: 346.937: [GC (Allocation Failure) [PSYoungGen: 1282969K->59824K(1285632K)] 1913165K->690019K(2603008K), 0.0296025 secs] [Times: user=0.11 sys=0.00, real=0.03 secs] 
2018-05-17T12:11:28.926-0100: 347.156: [GC (Allocation Failure) [PSYoungGen: 1285552K->60742K(1292800K)] 1915747K->691703K(2610176K), 0.0295420 secs] [Times: user=0.11 sys=0.00, real=0.03 secs] 
2018-05-17T12:11:29.143-0100: 347.372: [GC (Allocation Failure) [PSYoungGen: 1259846K->60861K(1260032K)] 1890807K->693158K(2577408K), 0.0295594 secs] [Times: user=0.11 sys=0.01, real=0.03 secs] 
2018-05-17T12:11:29.344-0100: 347.574: [GC (Allocation Failure) [PSYoungGen: 1259965K->60958K(1287680K)] 1892262K->694607K(2605056K), 0.0291695 secs] [Times: user=0.12 sys=0.00, real=0.03 secs] 
2018-05-17T12:11:29.541-0100: 347.771: [GC (Allocation Failure) [PSYoungGen: 1244702K->10177K(1290752K)] 1878351K->696325K(2608128K), 0.0311626 secs] [Times: user=0.12 sys=0.00, real=0.03 secs] 
2018-05-17T12:11:29.733-0100: 347.963: [GC (Allocation Failure) [PSYoungGen: 1193921K->7485K(1285120K)] 1880069K->697345K(2602496K), 0.0117204 secs] [Times: user=0.04 sys=0.00, real=0.01 secs] 
2018-05-17T12:11:29.906-0100: 348.136: [GC (Allocation Failure) [PSYoungGen: 1193789K->5883K(1288192K)] 1883649K->698559K(2605568K), 0.0093052 secs] [Times: user=0.03 sys=0.00, real=0.01 secs] 
2018-05-17T12:11:30.075-0100: 348.305: [GC (Allocation Failure) [PSYoungGen: 1192187K->4453K(1289728K)] 1884863K->699497K(2607104K), 0.0082620 secs] [Times: user=0.03 sys=0.00, real=0.01 secs] 
2018-05-17T12:11:30.239-0100: 348.469: [GC (Allocation Failure) [PSYoungGen: 1201509K->3507K(1292800K)] 1896553K->700575K(2610176K), 0.0071643 secs] [Times: user=0.02 sys=0.00, real=0.01 secs] 
2018-05-17T12:11:30.400-0100: 348.630: [GC (Allocation Failure) [PSYoungGen: 1200563K->3485K(1294848K)] 1897631K->701521K(2612224K), 0.0057342 secs] [Times: user=0.02 sys=0.00, real=0.00 secs] 
2018-05-17T12:11:30.563-0100: 348.792: [GC (Allocation Failure) [PSYoungGen: 1212829K->4508K(1298432K)] 1910865K->702544K(2615808K), 0.0054655 secs] [Times: user=0.02 sys=0.00, real=0.00 secs] 
2018-05-17T12:11:30.722-0100: 348.952: [GC (Allocation Failure) [PSYoungGen: 1213852K->5487K(1300480K)] 1911888K->703523K(2617856K), 0.0067679 secs] [Times: user=0.02 sys=0.00, real=0.00 secs] 
2018-05-17T12:11:30.884-0100: 349.113: [GC (Allocation Failure) [PSYoungGen: 1228655K->6164K(1304576K)] 1926691K->704200K(2621952K), 0.0066602 secs] [Times: user=0.02 sys=0.00, real=0.01 secs] 
2018-05-17T12:11:31.047-0100: 349.277: [GC (Allocation Failure) [PSYoungGen: 1229332K->6999K(1308160K)] 1927368K->705035K(2625536K), 0.0075160 secs] [Times: user=0.03 sys=0.00, real=0.01 secs] 
2018-05-17T12:11:31.756-0100: 349.985: [GC (Allocation Failure) [PSYoungGen: 1246039K->54680K(1312256K)] 1944075K->752716K(2629632K), 0.0303738 secs] [Times: user=0.11 sys=0.00, real=0.03 secs] 
2018-05-17T12:11:32.014-0100: 350.244: [GC (Allocation Failure) [PSYoungGen: 1293720K->57839K(1299968K)] 1991756K->755875K(2617344K), 0.0282994 secs] [Times: user=0.11 sys=0.00, real=0.03 secs] 
2018-05-17T12:11:32.247-0100: 350.477: [GC (Allocation Failure) [PSYoungGen: 1276399K->60147K(1278976K)] 1974435K->758183K(2596352K), 0.0292067 secs] [Times: user=0.11 sys=0.00, real=0.03 secs] 
2018-05-17T12:11:32.459-0100: 350.688: [GC (Allocation Failure) [PSYoungGen: 1278707K->60970K(1290240K)] 1976743K->759718K(2607616K), 0.0309836 secs] [Times: user=0.12 sys=0.00, real=0.04 secs] 
2018-05-17T12:11:32.670-0100: 350.900: [GC (Allocation Failure) [PSYoungGen: 1254954K->61235K(1255424K)] 1953702K->761303K(2572800K), 0.0298206 secs] [Times: user=0.11 sys=0.00, real=0.03 secs] 
2018-05-17T12:11:32.872-0100: 351.102: [GC (Allocation Failure) [PSYoungGen: 1255219K->61270K(1285632K)] 1955287K->762706K(2603008K), 0.0308172 secs] [Times: user=0.11 sys=0.00, real=0.03 secs] 
2018-05-17T12:11:33.064-0100: 351.294: [GC (Allocation Failure) [PSYoungGen: 1240918K->9677K(1288704K)] 1942354K->764218K(2606080K), 0.0318289 secs] [Times: user=0.12 sys=0.00, real=0.03 secs] 
2018-05-17T12:11:33.264-0100: 351.494: [GC (Allocation Failure) [PSYoungGen: 1189325K->7459K(1282048K)] 1943866K->765320K(2599424K), 0.0106719 secs] [Times: user=0.04 sys=0.00, real=0.01 secs] 
2018-05-17T12:11:33.436-0100: 351.666: [GC (Allocation Failure) [PSYoungGen: 1189667K->5534K(1285632K)] 1947528K->766379K(2603008K), 0.0091032 secs] [Times: user=0.04 sys=0.00, real=0.01 secs] 
2018-05-17T12:11:33.607-0100: 351.837: [GC (Allocation Failure) [PSYoungGen: 1187742K->4449K(1287168K)] 1948587K->767335K(2604544K), 0.0080479 secs] [Times: user=0.03 sys=0.00, real=0.01 secs] 
2018-05-17T12:11:33.770-0100: 351.999: [GC (Allocation Failure) [PSYoungGen: 1197921K->3395K(1291264K)] 1960807K->768264K(2608640K), 0.0072121 secs] [Times: user=0.03 sys=0.00, real=0.00 secs] 
2018-05-17T12:11:33.934-0100: 352.163: [GC (Allocation Failure) [PSYoungGen: 1196867K->3668K(1291776K)] 1961736K->769474K(2609152K), 0.0064055 secs] [Times: user=0.03 sys=0.00, real=0.01 secs] 
2018-05-17T12:11:34.094-0100: 352.324: [GC (Allocation Failure) [PSYoungGen: 1208916K->4604K(1296384K)] 1974722K->770409K(2613760K), 0.0064946 secs] [Times: user=0.02 sys=0.00, real=0.01 secs] 
2018-05-17T12:11:34.256-0100: 352.485: [GC (Allocation Failure) [PSYoungGen: 1209852K->5502K(1297920K)] 1975657K->771307K(2615296K), 0.0068186 secs] [Times: user=0.02 sys=0.00, real=0.01 secs] 
2018-05-17T12:11:34.424-0100: 352.654: [GC (Allocation Failure) [PSYoungGen: 1225086K->6231K(1302528K)] 1990891K->772036K(2619904K), 0.0075323 secs] [Times: user=0.03 sys=0.00, real=0.01 secs] 
2018-05-17T12:11:34.621-0100: 352.851: [GC (Allocation Failure) [PSYoungGen: 1225815K->7926K(1306624K)] 1991620K->773732K(2624000K), 0.0077306 secs] [Times: user=0.02 sys=0.00, real=0.00 secs] 
2018-05-17T12:11:35.328-0100: 353.557: [GC (Allocation Failure) [PSYoungGen: 1244406K->55805K(1310720K)] 2010212K->821610K(2628096K), 0.0312952 secs] [Times: user=0.12 sys=0.00, real=0.03 secs] 
2018-05-17T12:11:35.580-0100: 353.810: [GC (Allocation Failure) [PSYoungGen: 1292285K->58543K(1299456K)] 2058090K->824349K(2616832K), 0.0298638 secs] [Times: user=0.12 sys=0.00, real=0.03 secs] 
2018-05-17T12:11:35.802-0100: 354.031: [GC (Allocation Failure) [PSYoungGen: 1275055K->60400K(1276928K)] 2040861K->826206K(2594304K), 0.0293032 secs] [Times: user=0.12 sys=0.00, real=0.03 secs] 
2018-05-17T12:11:36.011-0100: 354.241: [GC (Allocation Failure) [PSYoungGen: 1276912K->60579K(1289216K)] 2042718K->827720K(2606592K), 0.0303915 secs] [Times: user=0.12 sys=0.00, real=0.03 secs] 
2018-05-17T12:11:36.214-0100: 354.444: [GC (Allocation Failure) [PSYoungGen: 1252515K->60691K(1252864K)] 2019656K->829169K(2570240K), 0.0303536 secs] [Times: user=0.12 sys=0.00, real=0.03 secs] 
2018-05-17T12:11:36.414-0100: 354.643: [GC (Allocation Failure) [PSYoungGen: 1252627K->10492K(1294336K)] 2021105K->830958K(2611712K), 0.0313086 secs] [Times: user=0.12 sys=0.00, real=0.03 secs] 
2018-05-17T12:11:36.607-0100: 354.836: [GC (Allocation Failure) [PSYoungGen: 1198332K->7668K(1195520K)] 2018798K->832207K(2512896K), 0.0117851 secs] [Times: user=0.05 sys=0.00, real=0.01 secs] 
2018-05-17T12:11:36.784-0100: 355.013: [GC (Allocation Failure) [PSYoungGen: 1195508K->5884K(1291264K)] 2020047K->833295K(2608640K), 0.0092776 secs] [Times: user=0.04 sys=0.00, real=0.01 secs] 
2018-05-17T12:11:36.953-0100: 355.183: [GC (Allocation Failure) [PSYoungGen: 1196796K->4519K(1288192K)] 2024207K->834337K(2605568K), 0.0084922 secs] [Times: user=0.03 sys=0.00, real=0.01 secs] 
2018-05-17T12:11:37.120-0100: 355.349: [GC (Allocation Failure) [PSYoungGen: 1195431K->3458K(1296896K)] 2025249K->835317K(2614272K), 0.0069325 secs] [Times: user=0.03 sys=0.00, real=0.00 secs] 
2018-05-17T12:11:37.284-0100: 355.514: [GC (Allocation Failure) [PSYoungGen: 1207170K->3551K(1294336K)] 2039029K->836418K(2611712K), 0.0064245 secs] [Times: user=0.02 sys=0.00, real=0.01 secs] 
2018-05-17T12:11:37.441-0100: 355.670: [GC (Allocation Failure) [PSYoungGen: 1207263K->4600K(1303552K)] 2040130K->837466K(2620928K), 0.0059030 secs] [Times: user=0.02 sys=0.00, real=0.00 secs] 
2018-05-17T12:11:37.604-0100: 355.833: [GC (Allocation Failure) [PSYoungGen: 1222136K->5412K(1300992K)] 2055002K->838279K(2618368K), 0.0062444 secs] [Times: user=0.02 sys=0.00, real=0.01 secs] 
2018-05-17T12:11:37.767-0100: 355.997: [GC (Allocation Failure) [PSYoungGen: 1222948K->6205K(1310208K)] 2055815K->839072K(2627584K), 0.0070145 secs] [Times: user=0.02 sys=0.00, real=0.01 secs] 
2018-05-17T12:11:37.930-0100: 356.159: [GC (Allocation Failure) [PSYoungGen: 1238589K->7034K(1307648K)] 2071456K->839900K(2625024K), 0.0077900 secs] [Times: user=0.03 sys=0.00, real=0.00 secs] 
2018-05-17T12:11:38.587-0100: 356.817: [GC (Allocation Failure) [PSYoungGen: 1239418K->52886K(1306624K)] 2072284K->885752K(2624000K), 0.0287853 secs] [Times: user=0.11 sys=0.00, real=0.03 secs] 
2018-05-17T12:11:38.877-0100: 357.107: [GC (Allocation Failure) [PSYoungGen: 1288854K->57390K(1293824K)] 2121720K->890256K(2611200K), 0.0300234 secs] [Times: user=0.11 sys=0.00, real=0.03 secs] 
2018-05-17T12:11:39.116-0100: 357.345: [GC (Allocation Failure) [PSYoungGen: 1293358K->59851K(1295360K)] 2126224K->892718K(2612736K), 0.0292750 secs] [Times: user=0.11 sys=0.00, real=0.03 secs] 
2018-05-17T12:11:39.336-0100: 357.565: [GC (Allocation Failure) [PSYoungGen: 1268171K->60701K(1269248K)] 2101038K->894296K(2586624K), 0.0297663 secs] [Times: user=0.12 sys=0.00, real=0.03 secs] 
2018-05-17T12:11:39.546-0100: 357.775: [GC (Allocation Failure) [PSYoungGen: 1269021K->61133K(1288192K)] 2102616K->896032K(2605568K), 0.0307854 secs] [Times: user=0.11 sys=0.00, real=0.03 secs] 
2018-05-17T12:11:39.748-0100: 357.978: [GC (Allocation Failure) [PSYoungGen: 1248973K->61084K(1249280K)] 2083872K->897342K(2566656K), 0.0305004 secs] [Times: user=0.11 sys=0.00, real=0.03 secs] 
2018-05-17T12:11:39.956-0100: 358.185: [GC (Allocation Failure) [PSYoungGen: 1248924K->10021K(1292800K)] 2085182K->898991K(2610176K), 0.0318083 secs] [Times: user=0.12 sys=0.00, real=0.03 secs] 
2018-05-17T12:11:40.152-0100: 358.382: [GC (Allocation Failure) [PSYoungGen: 1194789K->7527K(1192448K)] 2083759K->900073K(2509824K), 0.0113912 secs] [Times: user=0.04 sys=0.00, real=0.01 secs] 
2018-05-17T12:11:40.322-0100: 358.552: [GC (Allocation Failure) [PSYoungGen: 1192295K->5840K(1290240K)] 2084841K->901186K(2607616K), 0.0099546 secs] [Times: user=0.03 sys=0.00, real=0.01 secs] 
2018-05-17T12:11:40.487-0100: 358.717: [GC (Allocation Failure) [PSYoungGen: 1193680K->4604K(1287168K)] 2089026K->902286K(2604544K), 0.0083386 secs] [Times: user=0.03 sys=0.00, real=0.01 secs] 
2018-05-17T12:11:40.655-0100: 358.885: [GC (Allocation Failure) [PSYoungGen: 1192444K->3419K(1295360K)] 2090126K->903109K(2612736K), 0.0071527 secs] [Times: user=0.03 sys=0.00, real=0.01 secs] 
2018-05-17T12:11:40.817-0100: 359.047: [GC (Allocation Failure) [PSYoungGen: 1202523K->3555K(1292288K)] 2102213K->904189K(2609664K), 0.0066321 secs] [Times: user=0.03 sys=0.00, real=0.01 secs] 
2018-05-17T12:11:40.981-0100: 359.210: [GC (Allocation Failure) [PSYoungGen: 1202659K->4548K(1300992K)] 2103293K->905182K(2618368K), 0.0065482 secs] [Times: user=0.03 sys=0.00, real=0.00 secs] 
2018-05-17T12:11:41.143-0100: 359.373: [GC (Allocation Failure) [PSYoungGen: 1216452K->5496K(1297920K)] 2117086K->906130K(2615296K), 0.0063373 secs] [Times: user=0.03 sys=0.00, real=0.00 secs] 
2018-05-17T12:11:41.307-0100: 359.537: [GC (Allocation Failure) [PSYoungGen: 1217400K->6209K(1307648K)] 2118034K->906843K(2625024K), 0.0070569 secs] [Times: user=0.03 sys=0.00, real=0.01 secs] 
2018-05-17T12:11:41.472-0100: 359.702: [GC (Allocation Failure) [PSYoungGen: 1232961K->7007K(1304576K)] 2133595K->907641K(2621952K), 0.0074647 secs] [Times: user=0.03 sys=0.00, real=0.01 secs] 
2018-05-17T12:11:42.196-0100: 360.426: [GC (Allocation Failure) [PSYoungGen: 1233759K->54989K(1303552K)] 2134393K->955631K(2620928K), 0.0317905 secs] [Times: user=0.12 sys=0.00, real=0.03 secs] 
2018-05-17T12:11:42.454-0100: 360.684: [GC (Allocation Failure) [PSYoungGen: 1285325K->58007K(1288704K)] 2185967K->958649K(2606080K), 0.0287999 secs] [Times: user=0.11 sys=0.00, real=0.03 secs] 
2018-05-17T12:11:42.685-0100: 360.915: [GC (Allocation Failure) [PSYoungGen: 1288343K->60195K(1294336K)] 2188985K->960837K(2611712K), 0.0305479 secs] [Times: user=0.12 sys=0.00, real=0.03 secs] 
2018-05-17T12:11:42.901-0100: 361.131: [GC (Allocation Failure) [PSYoungGen: 1264419K->60956K(1265664K)] 2165061K->962310K(2583040K), 0.0301536 secs] [Times: user=0.11 sys=0.00, real=0.03 secs] 
2018-05-17T12:11:43.110-0100: 361.340: [GC (Allocation Failure) [PSYoungGen: 1265180K->61274K(1287168K)] 2166534K->963940K(2604544K), 0.0309206 secs] [Times: user=0.12 sys=0.00, real=0.03 secs] 
2018-05-17T12:11:43.314-0100: 361.544: [GC (Allocation Failure) [PSYoungGen: 1246042K->61358K(1246208K)] 2148708K->965380K(2563584K), 0.0327453 secs] [Times: user=0.12 sys=0.00, real=0.03 secs] 
2018-05-17T12:11:43.514-0100: 361.744: [GC (Allocation Failure) [PSYoungGen: 1246126K->9464K(1291264K)] 2150148K->966860K(2608640K), 0.0349409 secs] [Times: user=0.12 sys=0.00, real=0.03 secs] 
2018-05-17T12:11:43.709-0100: 361.938: [GC (Allocation Failure) [PSYoungGen: 1191672K->7502K(1189888K)] 2149068K->968010K(2507264K), 0.0119195 secs] [Times: user=0.04 sys=0.00, real=0.02 secs] 
2018-05-17T12:11:43.887-0100: 362.117: [GC (Allocation Failure) [PSYoungGen: 1189710K->5484K(1289216K)] 2150218K->968968K(2606592K), 0.0092249 secs] [Times: user=0.03 sys=0.00, real=0.01 secs] 
2018-05-17T12:11:44.053-0100: 362.283: [GC (Allocation Failure) [PSYoungGen: 1190764K->4476K(1286144K)] 2154248K->969976K(2603520K), 0.0077135 secs] [Times: user=0.02 sys=0.00, real=0.01 secs] 
2018-05-17T12:11:44.213-0100: 362.442: [GC (Allocation Failure) [PSYoungGen: 1189756K->3611K(1293824K)] 2155256K->971103K(2611200K), 0.0075181 secs] [Times: user=0.02 sys=0.00, real=0.01 secs] 
2018-05-17T12:11:44.377-0100: 362.606: [GC (Allocation Failure) [PSYoungGen: 1199643K->3604K(1290752K)] 2167135K->972008K(2608128K), 0.0075897 secs] [Times: user=0.03 sys=0.00, real=0.01 secs] 
2018-05-17T12:11:44.539-0100: 362.769: [GC (Allocation Failure) [PSYoungGen: 1199636K->3596K(1299456K)] 2168040K->972952K(2616832K), 0.0065713 secs] [Times: user=0.03 sys=0.00, real=0.01 secs] 
2018-05-17T12:11:44.703-0100: 362.932: [GC (Allocation Failure) [PSYoungGen: 1212428K->4638K(1296384K)] 2181784K->973995K(2613760K), 0.0059534 secs] [Times: user=0.02 sys=0.00, real=0.00 secs] 
2018-05-17T12:11:44.865-0100: 363.094: [GC (Allocation Failure) [PSYoungGen: 1213470K->5582K(1305600K)] 2182827K->974938K(2622976K), 0.0071567 secs] [Times: user=0.03 sys=0.00, real=0.01 secs] 
2018-05-17T12:11:45.336-0100: 363.565: [GC (Allocation Failure) [PSYoungGen: 1228584K->41928K(1303040K)] 2197940K->1011292K(2620416K), 0.0243990 secs] [Times: user=0.09 sys=0.00, real=0.03 secs] 
2018-05-17T12:11:45.808-0100: 364.038: [GC (Allocation Failure) [PSYoungGen: 1266120K->55186K(1301504K)] 2235484K->1024550K(2618880K), 0.0296640 secs] [Times: user=0.12 sys=0.01, real=0.03 secs] 
2018-05-17T12:11:46.051-0100: 364.281: [GC (Allocation Failure) [PSYoungGen: 1274770K->57907K(1277952K)] 2244134K->1027271K(2595328K), 0.0294555 secs] [Times: user=0.11 sys=0.00, real=0.03 secs] 
2018-05-17T12:11:46.270-0100: 364.499: [GC (Allocation Failure) [PSYoungGen: 1277491K->59211K(1292288K)] 2246855K->1029223K(2609664K), 0.0313883 secs] [Times: user=0.11 sys=0.00, real=0.03 secs] 
2018-05-17T12:11:46.482-0100: 364.711: [GC (Allocation Failure) [PSYoungGen: 1256267K->59375K(1256448K)] 2226279K->1030723K(2573824K), 0.0308411 secs] [Times: user=0.12 sys=0.00, real=0.03 secs] 
2018-05-17T12:11:46.690-0100: 364.920: [GC (Allocation Failure) [PSYoungGen: 1256431K->8927K(1296384K)] 2227779K->1032530K(2613760K), 0.0333495 secs] [Times: user=0.12 sys=0.00, real=0.03 secs] 
2018-05-17T12:11:46.903-0100: 365.133: [GC (Allocation Failure) [PSYoungGen: 1200863K->6419K(1198592K)] 2224466K->1034014K(2515968K), 0.0118709 secs] [Times: user=0.04 sys=0.00, real=0.01 secs] 
2018-05-17T12:11:47.078-0100: 365.307: [GC (Allocation Failure) [PSYoungGen: 1198355K->4667K(1293312K)] 2225950K->1035182K(2610688K), 0.0097547 secs] [Times: user=0.04 sys=0.00, real=0.01 secs] 
2018-05-17T12:11:47.252-0100: 365.482: [GC (Allocation Failure) [PSYoungGen: 1199675K->3377K(1290240K)] 2230190K->1036412K(2607616K), 0.0081244 secs] [Times: user=0.03 sys=0.00, real=0.01 secs] 
2018-05-17T12:11:47.422-0100: 365.652: [GC (Allocation Failure) [PSYoungGen: 1198385K->3359K(1298944K)] 2231420K->1037499K(2616320K), 0.0071424 secs] [Times: user=0.03 sys=0.00, real=0.00 secs] 
2018-05-17T12:11:47.590-0100: 365.820: [GC (Allocation Failure) [PSYoungGen: 1211167K->3428K(1296384K)] 2245307K->1038616K(2613760K), 0.0067136 secs] [Times: user=0.02 sys=0.00, real=0.00 secs] 
2018-05-17T12:11:47.755-0100: 365.984: [GC (Allocation Failure) [PSYoungGen: 1211236K->4637K(1305600K)] 2246424K->1039824K(2622976K), 0.0072641 secs] [Times: user=0.03 sys=0.00, real=0.01 secs] 
2018-05-17T12:11:47.920-0100: 366.150: [GC (Allocation Failure) [PSYoungGen: 1226269K->5467K(1303040K)] 2261456K->1040654K(2620416K), 0.0074122 secs] [Times: user=0.02 sys=0.00, real=0.00 secs] 
2018-05-17T12:11:48.086-0100: 366.316: [GC (Allocation Failure) [PSYoungGen: 1227099K->6209K(1311744K)] 2262286K->1041396K(2629120K), 0.0081247 secs] [Times: user=0.03 sys=0.00, real=0.01 secs] 
2018-05-17T12:11:48.253-0100: 366.483: [GC (Allocation Failure) [PSYoungGen: 1243201K->7059K(1309696K)] 2278388K->1042246K(2627072K), 0.0095055 secs] [Times: user=0.03 sys=0.00, real=0.01 secs] 
2018-05-17T12:11:48.427-0100: 366.656: [GC (Allocation Failure) [PSYoungGen: 1244051K->7804K(1320960K)] 2279238K->1042991K(2638336K), 0.0087057 secs] [Times: user=0.04 sys=0.00, real=0.01 secs] 
2018-05-17T12:11:49.114-0100: 367.344: [GC (Allocation Failure) [PSYoungGen: 1262204K->54902K(1318912K)] 2297391K->1090097K(2636288K), 0.0303328 secs] [Times: user=0.12 sys=0.00, real=0.03 secs] 
2018-05-17T12:11:49.388-0100: 367.618: [GC (Allocation Failure) [PSYoungGen: 1309302K->58475K(1304576K)] 2344497K->1093670K(2621952K), 0.0306526 secs] [Times: user=0.11 sys=0.00, real=0.03 secs] 
2018-05-17T12:11:49.623-0100: 367.853: [GC (Allocation Failure) [PSYoungGen: 1288299K->60839K(1290752K)] 2323494K->1096034K(2608128K), 0.0318492 secs] [Times: user=0.12 sys=0.00, real=0.03 secs] 
2018-05-17T12:11:49.842-0100: 368.072: [GC (Allocation Failure) [PSYoungGen: 1290663K->60864K(1293312K)] 2325858K->1097531K(2610688K), 0.0317449 secs] [Times: user=0.12 sys=0.00, real=0.03 secs] 
2018-05-17T12:11:50.052-0100: 368.282: [GC (Allocation Failure) [PSYoungGen: 1262016K->61307K(1262592K)] 2298683K->1099310K(2579968K), 0.0329447 secs] [Times: user=0.13 sys=0.00, real=0.03 secs] 
2018-05-17T12:11:50.258-0100: 368.488: [GC (Allocation Failure) [PSYoungGen: 1262459K->61407K(1287680K)] 2300462K->1100786K(2605056K), 0.0307970 secs] [Times: user=0.12 sys=0.00, real=0.03 secs] 
2018-05-17T12:11:50.457-0100: 368.687: [GC (Allocation Failure) [PSYoungGen: 1246175K->9839K(1291264K)] 2285554K->1102195K(2608640K), 0.0324482 secs] [Times: user=0.12 sys=0.00, real=0.03 secs] 
2018-05-17T12:11:50.654-0100: 368.884: [GC (Allocation Failure) [PSYoungGen: 1194607K->7524K(1285120K)] 2286963K->1103312K(2602496K), 0.0124998 secs] [Times: user=0.04 sys=0.00, real=0.01 secs] 
2018-05-17T12:11:50.828-0100: 369.057: [GC (Allocation Failure) [PSYoungGen: 1194852K->5538K(1288704K)] 2290640K->1104350K(2606080K), 0.0100510 secs] [Times: user=0.04 sys=0.00, real=0.01 secs] 
2018-05-17T12:11:50.996-0100: 369.226: [GC (Allocation Failure) [PSYoungGen: 1192866K->4592K(1289728K)] 2291678K->1105436K(2607104K), 0.0082875 secs] [Times: user=0.04 sys=0.00, real=0.01 secs] 
2018-05-17T12:11:51.161-0100: 369.391: [GC (Allocation Failure) [PSYoungGen: 1202672K->3481K(1293312K)] 2303516K->1106333K(2610688K), 0.0077759 secs] [Times: user=0.03 sys=0.00, real=0.00 secs] 
2018-05-17T12:11:51.334-0100: 369.564: [GC (Allocation Failure) [PSYoungGen: 1201561K->3673K(1294848K)] 2304413K->1107469K(2612224K), 0.0067724 secs] [Times: user=0.02 sys=0.00, real=0.01 secs] 
2018-05-17T12:11:51.501-0100: 369.731: [GC (Allocation Failure) [PSYoungGen: 1214041K->3548K(1298944K)] 2317837K->1108280K(2616320K), 0.0070038 secs] [Times: user=0.03 sys=0.00, real=0.00 secs] 
2018-05-17T12:11:51.663-0100: 369.893: [GC (Allocation Failure) [PSYoungGen: 1213916K->4596K(1301504K)] 2318648K->1109327K(2618880K), 0.0066913 secs] [Times: user=0.03 sys=0.00, real=0.01 secs] 
2018-05-17T12:11:51.827-0100: 370.056: [GC (Allocation Failure) [PSYoungGen: 1228788K->5485K(1305600K)] 2333519K->1110216K(2622976K), 0.0072829 secs] [Times: user=0.03 sys=0.00, real=0.01 secs] 
2018-05-17T12:11:52.039-0100: 370.269: [GC (Allocation Failure) [PSYoungGen: 1229677K->7243K(1307136K)] 2334408K->1111975K(2624512K), 0.0086465 secs] [Times: user=0.03 sys=0.00, real=0.01 secs] 
2018-05-17T12:11:52.715-0100: 370.945: [GC (Allocation Failure) [PSYoungGen: 1246283K->55143K(1311744K)] 2351015K->1159875K(2629120K), 0.0307616 secs] [Times: user=0.11 sys=0.00, real=0.03 secs] 
2018-05-17T12:11:52.960-0100: 371.190: [GC (Allocation Failure) [PSYoungGen: 1294183K->57828K(1299968K)] 2398915K->1162560K(2617344K), 0.0294489 secs] [Times: user=0.11 sys=0.00, real=0.03 secs] 
2018-05-17T12:11:53.183-0100: 371.412: [GC (Allocation Failure) [PSYoungGen: 1276388K->59726K(1278464K)] 2381120K->1164457K(2595840K), 0.0301552 secs] [Times: user=0.12 sys=0.00, real=0.03 secs] 
2018-05-17T12:11:53.399-0100: 371.629: [GC (Allocation Failure) [PSYoungGen: 1278286K->60000K(1291264K)] 2383017K->1166052K(2608640K), 0.0298749 secs] [Times: user=0.11 sys=0.00, real=0.03 secs] 
2018-05-17T12:11:53.606-0100: 371.836: [GC (Allocation Failure) [PSYoungGen: 1255008K->55789K(1250816K)] 2361060K->1167602K(2568192K), 0.0308280 secs] [Times: user=0.11 sys=0.00, real=0.03 secs] 
2018-05-17T12:11:53.806-0100: 372.035: [GC (Allocation Failure) [PSYoungGen: 1250797K->8092K(1296896K)] 2362610K->1169264K(2614272K), 0.0305983 secs] [Times: user=0.12 sys=0.00, real=0.03 secs] 
2018-05-17T12:11:53.996-0100: 372.226: [GC (Allocation Failure) [PSYoungGen: 1201052K->6015K(1199104K)] 2362224K->1170411K(2516480K), 0.0119476 secs] [Times: user=0.04 sys=0.00, real=0.01 secs] 
2018-05-17T12:11:54.169-0100: 372.399: [GC (Allocation Failure) [PSYoungGen: 1198975K->4493K(1294336K)] 2363371K->1171585K(2611712K), 0.0100418 secs] [Times: user=0.04 sys=0.00, real=0.01 secs] 
2018-05-17T12:11:54.340-0100: 372.569: [GC (Allocation Failure) [PSYoungGen: 1200453K->3413K(1291264K)] 2367545K->1172665K(2608640K), 0.0088853 secs] [Times: user=0.03 sys=0.00, real=0.00 secs] 
2018-05-17T12:11:54.503-0100: 372.733: [GC (Allocation Failure) [PSYoungGen: 1199445K->3549K(1298944K)] 2368697K->1173841K(2616320K), 0.0081222 secs] [Times: user=0.02 sys=0.00, real=0.01 secs] 
2018-05-17T12:11:54.669-0100: 372.899: [GC (Allocation Failure) [PSYoungGen: 1211357K->3630K(1296384K)] 2381649K->1174930K(2613760K), 0.0076918 secs] [Times: user=0.02 sys=0.00, real=0.01 secs] 
2018-05-17T12:11:54.833-0100: 373.063: [GC (Allocation Failure) [PSYoungGen: 1211438K->4460K(1305088K)] 2382738K->1175760K(2622464K), 0.0070330 secs] [Times: user=0.03 sys=0.00, real=0.01 secs] 
2018-05-17T12:11:54.998-0100: 373.228: [GC (Allocation Failure) [PSYoungGen: 1226604K->5437K(1303040K)] 2397904K->1176737K(2620416K), 0.0073961 secs] [Times: user=0.03 sys=0.00, real=0.01 secs] 
2018-05-17T12:11:55.167-0100: 373.397: [GC (Allocation Failure) [PSYoungGen: 1227581K->6369K(1312768K)] 2398881K->1177669K(2630144K), 0.0078231 secs] [Times: user=0.02 sys=0.00, real=0.01 secs] 
2018-05-17T12:11:55.332-0100: 373.562: [GC (Allocation Failure) [PSYoungGen: 1244385K->7151K(1310720K)] 2415685K->1178451K(2628096K), 0.0085371 secs] [Times: user=0.04 sys=0.00, real=0.01 secs] 
2018-05-17T12:11:55.996-0100: 374.226: [GC (Allocation Failure) [PSYoungGen: 1245167K->53298K(1310208K)] 2416467K->1224598K(2627584K), 0.0304976 secs] [Times: user=0.11 sys=0.00, real=0.03 secs] 
2018-05-17T12:11:56.282-0100: 374.512: [GC (Allocation Failure) [PSYoungGen: 1294898K->57467K(1299456K)] 2466198K->1228767K(2616832K), 0.0300071 secs] [Times: user=0.12 sys=0.00, real=0.03 secs] 
2018-05-17T12:11:56.521-0100: 374.751: [GC (Allocation Failure) [PSYoungGen: 1299067K->59880K(1297408K)] 2470367K->1231180K(2614784K), 0.0296770 secs] [Times: user=0.11 sys=0.00, real=0.03 secs] 
2018-05-17T12:11:56.731-0100: 374.961: [GC (Allocation Failure) [PSYoungGen: 1271272K->60849K(1272320K)] 2442572K->1232885K(2589696K), 0.0311062 secs] [Times: user=0.12 sys=0.00, real=0.03 secs] 
2018-05-17T12:11:56.941-0100: 375.171: [GC (Allocation Failure) [PSYoungGen: 1272241K->61023K(1289216K)] 2444277K->1234379K(2606592K), 0.0323349 secs] [Times: user=0.12 sys=0.00, real=0.03 secs] 
2018-05-17T12:11:57.146-0100: 375.376: [GC (Allocation Failure) [PSYoungGen: 1250911K->61191K(1251328K)] 2424267K->1235915K(2568704K), 0.0314611 secs] [Times: user=0.12 sys=0.01, real=0.03 secs] 
2018-05-17T12:11:57.343-0100: 375.573: [GC (Allocation Failure) [PSYoungGen: 1251079K->9866K(1293312K)] 2425803K->1237385K(2610688K), 0.0335857 secs] [Times: user=0.13 sys=0.00, real=0.03 secs] 
2018-05-17T12:11:57.536-0100: 375.766: [GC (Allocation Failure) [PSYoungGen: 1195658K->7523K(1193472K)] 2423177K->1238530K(2510848K), 0.0126123 secs] [Times: user=0.05 sys=0.00, real=0.01 secs] 
2018-05-17T12:11:57.727-0100: 375.956: [GC (Allocation Failure) [PSYoungGen: 1193315K->5600K(1290240K)] 2424322K->1239648K(2607616K), 0.0107885 secs] [Times: user=0.04 sys=0.00, real=0.01 secs] 
2018-05-17T12:11:57.896-0100: 376.125: [GC (Allocation Failure) [PSYoungGen: 1193952K->4505K(1287680K)] 2428000K->1240633K(2605056K), 0.0100189 secs] [Times: user=0.03 sys=0.00, real=0.01 secs] 
2018-05-17T12:11:58.068-0100: 376.297: [GC (Allocation Failure) [PSYoungGen: 1192857K->3427K(1294848K)] 2428985K->1241578K(2612224K), 0.0083546 secs] [Times: user=0.02 sys=0.01, real=0.01 secs] 
2018-05-17T12:11:58.233-0100: 376.462: [GC (Allocation Failure) [PSYoungGen: 1203555K->3561K(1292800K)] 2441706K->1242648K(2610176K), 0.0070861 secs] [Times: user=0.03 sys=0.00, real=0.01 secs] 
2018-05-17T12:11:58.400-0100: 376.630: [GC (Allocation Failure) [PSYoungGen: 1203689K->3603K(1301504K)] 2442776K->1243627K(2618880K), 0.0072053 secs] [Times: user=0.02 sys=0.00, real=0.00 secs] 
2018-05-17T12:11:58.564-0100: 376.794: [GC (Allocation Failure) [PSYoungGen: 1217555K->4599K(1299456K)] 2457579K->1244623K(2616832K), 0.0073432 secs] [Times: user=0.02 sys=0.00, real=0.01 secs] 
2018-05-17T12:11:58.728-0100: 376.958: [GC (Allocation Failure) [PSYoungGen: 1218551K->5491K(1308160K)] 2458575K->1245515K(2625536K), 0.0079347 secs] [Times: user=0.03 sys=0.00, real=0.01 secs] 
2018-05-17T12:11:58.890-0100: 377.119: [GC (Allocation Failure) [PSYoungGen: 1234291K->6219K(1306112K)] 2474315K->1246242K(2623488K), 0.0077545 secs] [Times: user=0.03 sys=0.00, real=0.00 secs] 
Heap
 PSYoungGen      total 1306112K, used 365203K [0x000000076ab00000, 0x00000007bf600000, 0x00000007c0000000)
  eden space 1228800K, 29% used [0x000000076ab00000,0x0000000780991ff8,0x00000007b5b00000)
  from space 77312K, 8% used [0x00000007b5b00000,0x00000007b6112d68,0x00000007ba680000)
  to   space 73216K, 0% used [0x00000007bae80000,0x00000007bae80000,0x00000007bf600000)
 ParOldGen       total 1317376K, used 1240023K [0x00000006c0000000, 0x0000000710680000, 0x000000076ab00000)
  object space 1317376K, 94% used [0x00000006c0000000,0x000000070baf5e48,0x0000000710680000)
 Metaspace       used 42835K, capacity 45312K, committed 45400K, reserved 1089536K
  class space    used 5545K, capacity 5967K, committed 6016K, reserved 1048576K
